Archive member included to satisfy reference by file (symbol)

/home/ynext/ethtokyo2026/bridgeos/sources/optee-os/out/arm-plat-rockchip/export-ta_arm64/lib/libutils.a(stack_check.o)
                              ./osumania_signer_ta.o (__stack_chk_fail)
/home/ynext/ethtokyo2026/bridgeos/sources/optee-os/out/arm-plat-rockchip/export-ta_arm64/lib/libutils.a(memcpy.o)
                              ./keccak256.o (memcpy)
/home/ynext/ethtokyo2026/bridgeos/sources/optee-os/out/arm-plat-rockchip/export-ta_arm64/lib/libutils.a(memset.o)
                              ./osumania_signer_ta.o (memset)
/home/ynext/ethtokyo2026/bridgeos/sources/optee-os/out/arm-plat-rockchip/export-ta_arm64/lib/libutils.a(trace.o)
                              ./device_root_dev.o (trace_printf)
/home/ynext/ethtokyo2026/bridgeos/sources/optee-os/out/arm-plat-rockchip/export-ta_arm64/lib/libutils.a(snprintk.o)
                              /home/ynext/ethtokyo2026/bridgeos/sources/optee-os/out/arm-plat-rockchip/export-ta_arm64/lib/libutils.a(trace.o) (vsnprintk)
/home/ynext/ethtokyo2026/bridgeos/sources/optee-os/out/arm-plat-rockchip/export-ta_arm64/lib/libutils.a(memchr.o)
                              /home/ynext/ethtokyo2026/bridgeos/sources/optee-os/out/arm-plat-rockchip/export-ta_arm64/lib/libutils.a(snprintk.o) (memchr)
/home/ynext/ethtokyo2026/bridgeos/sources/optee-os/out/arm-plat-rockchip/export-ta_arm64/lib/libutils.a(strlen.o)
                              /home/ynext/ethtokyo2026/bridgeos/sources/optee-os/out/arm-plat-rockchip/export-ta_arm64/lib/libutils.a(snprintk.o) (strlen)
/home/ynext/ethtokyo2026/bridgeos/sources/optee-os/out/arm-plat-rockchip/export-ta_arm64/lib/libutee.a(trace_ext.o)
                              /home/ynext/ethtokyo2026/bridgeos/sources/optee-os/out/arm-plat-rockchip/export-ta_arm64/lib/libutils.a(trace.o) (trace_ext_puts)
/home/ynext/ethtokyo2026/bridgeos/sources/optee-os/out/arm-plat-rockchip/export-ta_arm64/lib/libutee.a(tee_api.o)
                              ./osumania_signer_ta.o (TEE_MemMove)
/home/ynext/ethtokyo2026/bridgeos/sources/optee-os/out/arm-plat-rockchip/export-ta_arm64/lib/libutee.a(tee_api_objects.o)
                              ./osumania_signer_ta.o (TEE_AllocateTransientObject)
/home/ynext/ethtokyo2026/bridgeos/sources/optee-os/out/arm-plat-rockchip/export-ta_arm64/lib/libutee.a(tee_api_operations.o)
                              ./osumania_signer_ta.o (TEE_FreeOperation)
/home/ynext/ethtokyo2026/bridgeos/sources/optee-os/out/arm-plat-rockchip/export-ta_arm64/lib/libutee.a(tee_api_panic.o)
                              /home/ynext/ethtokyo2026/bridgeos/sources/optee-os/out/arm-plat-rockchip/export-ta_arm64/lib/libutee.a(tee_api.o) (TEE_Panic)
/home/ynext/ethtokyo2026/bridgeos/sources/optee-os/out/arm-plat-rockchip/export-ta_arm64/lib/libutee.a(tee_system_pta.o)
                              /home/ynext/ethtokyo2026/bridgeos/sources/optee-os/out/arm-plat-rockchip/export-ta_arm64/lib/libutee.a(tee_api.o) (tee_map_zi)
/home/ynext/ethtokyo2026/bridgeos/sources/optee-os/out/arm-plat-rockchip/export-ta_arm64/lib/libutee.a(user_ta_entry.o)
                              ./user_ta_header.o (__utee_entry)
/home/ynext/ethtokyo2026/bridgeos/sources/optee-os/out/arm-plat-rockchip/export-ta_arm64/lib/libutee.a(utee_syscalls_a64.o)
                              /home/ynext/ethtokyo2026/bridgeos/sources/optee-os/out/arm-plat-rockchip/export-ta_arm64/lib/libutils.a(stack_check.o) (_utee_panic)
/home/ynext/ethtokyo2026/bridgeos/sources/optee-os/out/arm-plat-rockchip/export-ta_arm64/lib/libutee.a(abort.o)
                              /home/ynext/ethtokyo2026/bridgeos/sources/optee-os/out/arm-plat-rockchip/export-ta_arm64/lib/libutee.a(user_ta_entry.o) (abort)
/home/ynext/ethtokyo2026/bridgeos/sources/optee-os/out/arm-plat-rockchip/export-ta_arm64/lib/libutee.a(assert.o)
                              /home/ynext/ethtokyo2026/bridgeos/sources/optee-os/out/arm-plat-rockchip/export-ta_arm64/lib/libutee.a(tee_api_operations.o) (_assert_log)
/home/ynext/ethtokyo2026/bridgeos/sources/optee-os/out/arm-plat-rockchip/export-ta_arm64/lib/libutee.a(tee_api_arith_mpi.o)
                              /home/ynext/ethtokyo2026/bridgeos/sources/optee-os/out/arm-plat-rockchip/export-ta_arm64/lib/libutee.a(user_ta_entry.o) (_TEE_MathAPI_Init)
/home/ynext/ethtokyo2026/bridgeos/sources/optee-os/out/arm-plat-rockchip/export-ta_arm64/lib/libutee.a(tee_api_property.o)
                              /home/ynext/ethtokyo2026/bridgeos/sources/optee-os/out/arm-plat-rockchip/export-ta_arm64/lib/libutee.a(user_ta_entry.o) (TEE_GetPropertyAsU32)
/home/ynext/ethtokyo2026/bridgeos/sources/optee-os/out/arm-plat-rockchip/export-ta_arm64/lib/libutee.a(tcb.o)
                              /home/ynext/ethtokyo2026/bridgeos/sources/optee-os/out/arm-plat-rockchip/export-ta_arm64/lib/libutee.a(user_ta_entry.o) (__utee_tcb_init)
[...]
Memory Configuration

Name             Origin             Length             Attributes
*default*        0x0000000000000000 0xffffffffffffffff

Linker script and memory map


.text           0x0000000000000000    0x1668c
                0x0000000000000000                __text_start = .
 *(SORT_BY_ALIGNMENT(.text) SORT_BY_ALIGNMENT(.text.*))
 .text          0x0000000000000000      0x104 /home/ynext/ethtokyo2026/bridgeos/sources/optee-os/out/arm-plat-rockchip/export-ta_arm64/lib/libutils.a(memcpy.o)
                0x0000000000000000                memcpy
 .text          0x0000000000000104      0x9f0 ./osumania_signer_ta.o
                0x00000000000005e8                TA_CreateEntryPoint
                0x000000000000082c                TA_DestroyEntryPoint
                0x0000000000000878                TA_OpenSessionEntryPoint
                0x0000000000000880                TA_CloseSessionEntryPoint
                0x0000000000000884                TA_InvokeCommandEntryPoint
 .text          0x0000000000000af4      0x3b0 ./keccak256.o
                0x0000000000000d08                osum_keccak256
 .text          0x0000000000000ea4     0x2b90 ./third_party/micro-ecc/uECC.o
                0x0000000000002e88                uECC_set_rng
                0x0000000000002e94                uECC_get_rng
                0x0000000000002ea0                uECC_curve_private_key_size
                0x0000000000002eb4                uECC_curve_public_key_size
                0x0000000000002ec0                uECC_secp256k1
                0x0000000000002ecc                uECC_make_key
                0x0000000000002fec                uECC_shared_secret
                0x0000000000003144                uECC_valid_public_key
                0x0000000000003294                uECC_compute_public_key
                0x00000000000033a8                uECC_sign_with_k
                0x0000000000003460                uECC_sign
                0x0000000000003544                uECC_sign_deterministic
                0x0000000000003550                uECC_sign_deterministic_recoverable
                0x0000000000003554                uECC_verify
 .text          0x0000000000003a34       0x54 ./device_root_dev.o
                0x0000000000003a34                osumania_platform_root_secret
 .text          0x0000000000003a88       0x88 ./user_ta_header.o
                0x0000000000003a88                __ta_entry
                0x0000000000003b08                tahead_get_trace_level
 .text          0x0000000000003b10       0x30 /home/ynext/ethtokyo2026/bridgeos/sources/optee-os/out/arm-plat-rockchip/export-ta_arm64/lib/libutils.a(stack_check.o)
                0x0000000000003b10                __stack_chk_fail
 .text          0x0000000000003b40       0x1c /home/ynext/ethtokyo2026/bridgeos/sources/optee-os/out/arm-plat-rockchip/export-ta_arm64/lib/libutils.a(memset.o)
                0x0000000000003b40                memset
 .text          0x0000000000003b5c      0x328 /home/ynext/ethtokyo2026/bridgeos/sources/optee-os/out/arm-plat-rockchip/export-ta_arm64/lib/libutils.a(trace.o)
                0x0000000000003b5c                trace_set_level
                0x0000000000003b78                trace_get_level
                0x0000000000003b88                trace_vprintf
                0x0000000000003da8                trace_printf
                0x0000000000003e80                dhex_dump
 .text          0x0000000000003e84      0xe48 /home/ynext/ethtokyo2026/bridgeos/sources/optee-os/out/arm-plat-rockchip/export-ta_arm64/lib/libutils.a(snprintk.o)
                0x0000000000003e84                __vsnprintf
                0x0000000000003f4c                vsnprintk
                0x0000000000003fa4                snprintk
                0x0000000000004c80                __vsprintf
 .text          0x0000000000004ccc       0x2c /home/ynext/ethtokyo2026/bridgeos/sources/optee-os/out/arm-plat-rockchip/export-ta_arm64/lib/libutils.a(memchr.o)
                0x0000000000004ccc                memchr
 .text          0x0000000000004cf8       0x1c /home/ynext/ethtokyo2026/bridgeos/sources/optee-os/out/arm-plat-rockchip/export-ta_arm64/lib/libutils.a(strlen.o)
                0x0000000000004cf8                strlen
 .text          0x0000000000004d14      0x1d4 /home/ynext/ethtokyo2026/bridgeos/sources/optee-os/out/arm-plat-rockchip/export-ta_arm64/lib/libutee.a(trace_ext.o)
                0x0000000000004d14                trace_ext_puts
                0x0000000000004d3c                trace_ext_get_thread_id
                0x0000000000004d44                printf
                0x0000000000004e30                puts
                0x0000000000004e70                putchar
 .text          0x0000000000004ee8     0x10d0 /home/ynext/ethtokyo2026/bridgeos/sources/optee-os/out/arm-plat-rockchip/export-ta_arm64/lib/libutee.a(tee_api.o)
                0x000000000000527c                TEE_CloseTASession
                0x00000000000052a4                TEE_GetCancellationFlag
                0x000000000000530c                TEE_UnmaskCancellation
                0x0000000000005374                TEE_MaskCancellation
                0x00000000000053dc                TEE_CheckMemoryAccessRights
                0x0000000000005608                TEE_OpenTASession
                0x0000000000005768                __GP11_TEE_OpenTASession
                0x00000000000058b8                TEE_InvokeTACommand
                0x0000000000005a48                __GP11_TEE_InvokeTACommand
                0x0000000000005bc8                __GP11_TEE_CheckMemoryAccessRights
                0x0000000000005bd0                TEE_SetInstanceData
                0x0000000000005bdc                TEE_GetInstanceData
                0x0000000000005be8                TEE_MemMove
                0x0000000000005bec                __GP11_TEE_MemMove
                0x0000000000005bf4                TEE_MemCompare
                0x0000000000005bf8                __GP11_TEE_MemCompare
                0x0000000000005c00                TEE_MemFill
                0x0000000000005c04                __GP11_TEE_MemFill
                0x0000000000005c0c                TEE_GetSystemTime
                0x0000000000005c34                TEE_Wait
                0x0000000000005c70                TEE_GetTAPersistentTime
                0x0000000000005ce8                TEE_SetTAPersistentTime
                0x0000000000005d2c                TEE_GetREETime
                0x0000000000005d54                TEE_Malloc
                0x0000000000005e64                __GP11_TEE_Malloc
                0x0000000000005e6c                TEE_Free
                0x0000000000005ec8                TEE_Realloc
                0x0000000000005f98                __GP11_TEE_Realloc
                0x0000000000005fa0                TEE_CacheClean
                0x0000000000005fa8                TEE_CacheFlush
                0x0000000000005fb0                TEE_CacheInvalidate
 .text          0x0000000000005fb8     0x1a9c /home/ynext/ethtokyo2026/bridgeos/sources/optee-os/out/arm-plat-rockchip/export-ta_arm64/lib/libutee.a(tee_api_objects.o)
                0x0000000000005fb8                __utee_from_attr
                0x0000000000006008                __utee_from_gp11_attr
                0x0000000000006058                TEE_GetObjectInfo
                0x000000000000610c                __GP11_TEE_GetObjectInfo
                0x00000000000061c8                TEE_GetObjectInfo1
                0x0000000000006270                __GP11_TEE_GetObjectInfo1
                0x0000000000006320                TEE_RestrictObjectUsage1
                0x0000000000006364                TEE_RestrictObjectUsage
                0x00000000000063fc                TEE_GetObjectBufferAttribute
                0x000000000000650c                __GP11_TEE_GetObjectBufferAttribute
                0x00000000000065b0                TEE_GetObjectValueAttribute
                0x00000000000066f0                TEE_CloseObject
                0x0000000000006718                __GP11_TEE_AllocateTransientObject
                0x00000000000067d4                TEE_AllocateTransientObject
                0x00000000000067f0                TEE_FreeTransientObject
                0x0000000000006888                TEE_ResetTransientObject
                0x0000000000006920                TEE_PopulateTransientObject
                0x0000000000006a34                __GP11_TEE_PopulateTransientObject
                0x0000000000006b48                TEE_InitRefAttribute
                0x0000000000006b94                __GP11_TEE_InitRefAttribute
                0x0000000000006be4                TEE_InitValueAttribute
                0x0000000000006c30                __GP11_TEE_InitValueAttribute
                0x0000000000006c7c                TEE_CopyObjectAttributes1
                0x0000000000006d7c                TEE_CopyObjectAttributes
                0x0000000000006e18                TEE_GenerateKey
                0x0000000000006eec                __GP11_TEE_GenerateKey
                0x0000000000006fc0                TEE_OpenPersistentObject
                0x00000000000070bc                __GP11_TEE_OpenPersistentObject
                0x00000000000070c4                TEE_CreatePersistentObject
                0x0000000000007210                __GP11_TEE_CreatePersistentObject
                0x000000000000728c                TEE_CloseAndDeletePersistentObject1
                0x00000000000072d4                TEE_CloseAndDeletePersistentObject
                0x0000000000007300                TEE_RenamePersistentObject
                0x000000000000735c                __GP11_TEE_RenamePersistentObject
                0x0000000000007364                TEE_AllocatePersistentObjectEnumerator
                0x00000000000073fc                TEE_FreePersistentObjectEnumerator
                0x0000000000007424                TEE_ResetPersistentObjectEnumerator
                0x000000000000744c                TEE_StartPersistentObjectEnumerator
                0x000000000000749c                TEE_GetNextPersistentObject
                0x00000000000075b4                __GP11_TEE_GetNextPersistentObject
                0x00000000000076d4                TEE_ReadObjectData
                0x00000000000077a4                __GP11_TEE_ReadObjectData
                0x0000000000007848                TEE_WriteObjectData
                0x00000000000078c0                __GP11_TEE_WriteObjectData
                0x00000000000078c8                TEE_TruncateObjectData
                0x0000000000007924                __GP11_TEE_TruncateObjectData
                0x000000000000792c                TEE_SeekObjectData
                0x0000000000007a4c                __GP11_TEE_SeekObjectData
 .text          0x0000000000007a54     0x45cc /home/ynext/ethtokyo2026/bridgeos/sources/optee-os/out/arm-plat-rockchip/export-ta_arm64/lib/libutee.a(tee_api_operations.o)
                0x00000000000081c0                TEE_FreeOperation
                0x0000000000008200                TEE_AllocateOperation
                0x0000000000008d58                __GP11_TEE_FreeOperation
                0x0000000000008d84                TEE_GetOperationInfo
                0x0000000000008dd8                TEE_GetOperationInfoMultiple
                0x0000000000008f8c                __GP11_TEE_GetOperationInfoMultiple
                0x0000000000009020                TEE_ResetOperation
                0x000000000000905c                TEE_SetOperationKey
                0x0000000000009098                __GP11_TEE_SetOperationKey
                0x00000000000090d4                __GP11_TEE_SetOperationKey2
                0x00000000000092fc                TEE_SetOperationKey2
                0x000000000000931c                TEE_CopyOperation
                0x0000000000009478                TEE_DigestUpdate
                0x00000000000094e8                __GP11_TEE_DigestUpdate
                0x00000000000094f0                TEE_DigestDoFinal
                0x0000000000009664                __GP11_TEE_DigestDoFinal
                0x0000000000009710                TEE_DigestExtract
                0x00000000000098c0                TEE_CipherInit
                0x000000000000999c                __GP11_TEE_CipherInit
                0x00000000000099a4                TEE_CipherUpdate
                0x0000000000009b94                __GP11_TEE_CipherUpdate
                0x0000000000009c40                TEE_CipherDoFinal
                0x0000000000009e58                __GP11_TEE_CipherDoFinal
                0x0000000000009f10                TEE_MACInit
                0x0000000000009fb4                __GP11_TEE_MACInit
                0x0000000000009fbc                TEE_MACUpdate
                0x000000000000a05c                __GP11_TEE_MACUpdate
                0x000000000000a064                TEE_MACComputeFinal
                0x000000000000a17c                __GP11_TEE_MACComputeFinal
                0x000000000000a228                TEE_MACCompareFinal
                0x000000000000a350                __GP11_TEE_MACCompareFinal
                0x000000000000a35c                TEE_AEInit
                0x000000000000a420                __GP11_TEE_AEInit
                0x000000000000a430                TEE_AEUpdateAAD
                0x000000000000a4cc                __GP11_TEE_AEUpdateAAD
                0x000000000000a560                TEE_AEUpdate
                0x000000000000a62c                __GP11_TEE_AEUpdate
                0x000000000000a734                TEE_AEEncryptFinal
                0x000000000000a938                __GP11_TEE_AEEncryptFinal
                0x000000000000aa18                TEE_AEDecryptFinal
                0x000000000000abe8                __GP11_TEE_AEDecryptFinal
                0x000000000000acac                TEE_AsymmetricEncrypt
                0x000000000000ae3c                __GP11_TEE_AsymmetricEncrypt
                0x000000000000afb4                TEE_AsymmetricDecrypt
                0x000000000000b148                __GP11_TEE_AsymmetricDecrypt
                0x000000000000b2c4                TEE_AsymmetricSignDigest
                0x000000000000b434                __GP11_TEE_AsymmetricSignDigest
                0x000000000000b5a4                TEE_AsymmetricVerifyDigest
                0x000000000000b700                __GP11_TEE_AsymmetricVerifyDigest
                0x000000000000b85c                TEE_DeriveKey
                0x000000000000b9d8                __GP11_TEE_DeriveKey
                0x000000000000bb54                TEE_GenerateRandom
                0x000000000000bb74                __GP11_TEE_GenerateRandom
                0x000000000000bb7c                rand
                0x000000000000bbe0                TEE_IsAlgorithmSupported
 .text          0x000000000000c020      0x1b8 /home/ynext/ethtokyo2026/bridgeos/sources/optee-os/out/arm-plat-rockchip/export-ta_arm64/lib/libutee.a(tee_api_panic.o)
                0x000000000000c03c                TEE_Panic
                0x000000000000c04c                __utee_check_outbuf_annotation
                0x000000000000c0a8                __utee_check_gp11_outbuf_annotation
                0x000000000000c104                __utee_check_instring_annotation
                0x000000000000c144                __utee_check_outstring_annotation
                0x000000000000c148                __utee_check_gp11_outstring_annotation
                0x000000000000c14c                __utee_check_out_annotation
                0x000000000000c178                __utee_check_attr_in_annotation
                0x000000000000c1a8                __utee_check_gp11_attr_in_annotation
                0x000000000000c1ac                __utee_check_inout_annotation
 .text          0x000000000000c1d8      0x318 /home/ynext/ethtokyo2026/bridgeos/sources/optee-os/out/arm-plat-rockchip/export-ta_arm64/lib/libutee.a(tee_system_pta.o)
                0x000000000000c25c                tee_map_zi
                0x000000000000c310                tee_unmap
                0x000000000000c3d8                tee_invoke_supp_plugin
 .text          0x000000000000c4f0      0x770 /home/ynext/ethtokyo2026/bridgeos/sources/optee-os/out/arm-plat-rockchip/export-ta_arm64/lib/libutee.a(user_ta_entry.o)
                0x000000000000c7c4                __utee_call_elf_init_fn
                0x000000000000c918                __utee_call_elf_fini_fn
                0x000000000000c9bc                __utee_entry
 .text._utee_panic
                0x000000000000cc60        0xc /home/ynext/ethtokyo2026/bridgeos/sources/optee-os/out/arm-plat-rockchip/export-ta_arm64/lib/libutee.a(utee_syscalls_a64.o)
                0x000000000000cc60                _utee_panic
 .text._utee_return
                0x000000000000cc6c        0xc /home/ynext/ethtokyo2026/bridgeos/sources/optee-os/out/arm-plat-rockchip/export-ta_arm64/lib/libutee.a(utee_syscalls_a64.o)
                0x000000000000cc6c                _utee_return
 .text._utee_log
                0x000000000000cc78        0xc /home/ynext/ethtokyo2026/bridgeos/sources/optee-os/out/arm-plat-rockchip/export-ta_arm64/lib/libutee.a(utee_syscalls_a64.o)
                0x000000000000cc78                _utee_log
 .text.__utee_panic
                0x000000000000cc84        0xc /home/ynext/ethtokyo2026/bridgeos/sources/optee-os/out/arm-plat-rockchip/export-ta_arm64/lib/libutee.a(utee_syscalls_a64.o)
                0x000000000000cc84                __utee_panic
 .text._utee_get_property
                0x000000000000cc90        0xc /home/ynext/ethtokyo2026/bridgeos/sources/optee-os/out/arm-plat-rockchip/export-ta_arm64/lib/libutee.a(utee_syscalls_a64.o)
                0x000000000000cc90                _utee_get_property
 .text._utee_get_property_name_to_index
                0x000000000000cc9c        0xc /home/ynext/ethtokyo2026/bridgeos/sources/optee-os/out/arm-plat-rockchip/export-ta_arm64/lib/libutee.a(utee_syscalls_a64.o)
                0x000000000000cc9c                _utee_get_property_name_to_index
 .text._utee_open_ta_session
                0x000000000000cca8        0xc /home/ynext/ethtokyo2026/bridgeos/sources/optee-os/out/arm-plat-rockchip/export-ta_arm64/lib/libutee.a(utee_syscalls_a64.o)
                0x000000000000cca8                _utee_open_ta_session
 .text._utee_close_ta_session
                0x000000000000ccb4        0xc /home/ynext/ethtokyo2026/bridgeos/sources/optee-os/out/arm-plat-rockchip/export-ta_arm64/lib/libutee.a(utee_syscalls_a64.o)
                0x000000000000ccb4                _utee_close_ta_session
 .text._utee_invoke_ta_command
                0x000000000000ccc0        0xc /home/ynext/ethtokyo2026/bridgeos/sources/optee-os/out/arm-plat-rockchip/export-ta_arm64/lib/libutee.a(utee_syscalls_a64.o)
                0x000000000000ccc0                _utee_invoke_ta_command
 .text._utee_get_cancellation_flag
                0x000000000000cccc        0xc /home/ynext/ethtokyo2026/bridgeos/sources/optee-os/out/arm-plat-rockchip/export-ta_arm64/lib/libutee.a(utee_syscalls_a64.o)
                0x000000000000cccc                _utee_get_cancellation_flag
 .text._utee_check_access_rights
                0x000000000000ccd8        0xc /home/ynext/ethtokyo2026/bridgeos/sources/optee-os/out/arm-plat-rockchip/export-ta_arm64/lib/libutee.a(utee_syscalls_a64.o)
                0x000000000000ccd8                _utee_check_access_rights
 .text._utee_unmask_cancellation
                0x000000000000cce4        0xc /home/ynext/ethtokyo2026/bridgeos/sources/optee-os/out/arm-plat-rockchip/export-ta_arm64/lib/libutee.a(utee_syscalls_a64.o)
                0x000000000000cce4                _utee_unmask_cancellation
 .text._utee_mask_cancellation
                0x000000000000ccf0        0xc /home/ynext/ethtokyo2026/bridgeos/sources/optee-os/out/arm-plat-rockchip/export-ta_arm64/lib/libutee.a(utee_syscalls_a64.o)
                0x000000000000ccf0                _utee_mask_cancellation
 .text._utee_wait
                0x000000000000ccfc        0xc /home/ynext/ethtokyo2026/bridgeos/sources/optee-os/out/arm-plat-rockchip/export-ta_arm64/lib/libutee.a(utee_syscalls_a64.o)
                0x000000000000ccfc                _utee_wait
 .text._utee_get_time
                0x000000000000cd08        0xc /home/ynext/ethtokyo2026/bridgeos/sources/optee-os/out/arm-plat-rockchip/export-ta_arm64/lib/libutee.a(utee_syscalls_a64.o)
                0x000000000000cd08                _utee_get_time
 .text._utee_set_ta_time
                0x000000000000cd14        0xc /home/ynext/ethtokyo2026/bridgeos/sources/optee-os/out/arm-plat-rockchip/export-ta_arm64/lib/libutee.a(utee_syscalls_a64.o)
                0x000000000000cd14                _utee_set_ta_time
 .text._utee_cryp_state_alloc
                0x000000000000cd20        0xc /home/ynext/ethtokyo2026/bridgeos/sources/optee-os/out/arm-plat-rockchip/export-ta_arm64/lib/libutee.a(utee_syscalls_a64.o)
                0x000000000000cd20                _utee_cryp_state_alloc
 .text._utee_cryp_state_copy
                0x000000000000cd2c        0xc /home/ynext/ethtokyo2026/bridgeos/sources/optee-os/out/arm-plat-rockchip/export-ta_arm64/lib/libutee.a(utee_syscalls_a64.o)
                0x000000000000cd2c                _utee_cryp_state_copy
 .text._utee_cryp_state_free
                0x000000000000cd38        0xc /home/ynext/ethtokyo2026/bridgeos/sources/optee-os/out/arm-plat-rockchip/export-ta_arm64/lib/libutee.a(utee_syscalls_a64.o)
                0x000000000000cd38                _utee_cryp_state_free
 .text._utee_hash_init
                0x000000000000cd44        0xc /home/ynext/ethtokyo2026/bridgeos/sources/optee-os/out/arm-plat-rockchip/export-ta_arm64/lib/libutee.a(utee_syscalls_a64.o)
                0x000000000000cd44                _utee_hash_init
 .text._utee_hash_update
                0x000000000000cd50        0xc /home/ynext/ethtokyo2026/bridgeos/sources/optee-os/out/arm-plat-rockchip/export-ta_arm64/lib/libutee.a(utee_syscalls_a64.o)
                0x000000000000cd50                _utee_hash_update
 .text._utee_hash_final
                0x000000000000cd5c        0xc /home/ynext/ethtokyo2026/bridgeos/sources/optee-os/out/arm-plat-rockchip/export-ta_arm64/lib/libutee.a(utee_syscalls_a64.o)
                0x000000000000cd5c                _utee_hash_final
 .text._utee_cipher_init
                0x000000000000cd68        0xc /home/ynext/ethtokyo2026/bridgeos/sources/optee-os/out/arm-plat-rockchip/export-ta_arm64/lib/libutee.a(utee_syscalls_a64.o)
                0x000000000000cd68                _utee_cipher_init
 .text._utee_cipher_update
                0x000000000000cd74        0xc /home/ynext/ethtokyo2026/bridgeos/sources/optee-os/out/arm-plat-rockchip/export-ta_arm64/lib/libutee.a(utee_syscalls_a64.o)
                0x000000000000cd74                _utee_cipher_update
 .text._utee_cipher_final
                0x000000000000cd80        0xc /home/ynext/ethtokyo2026/bridgeos/sources/optee-os/out/arm-plat-rockchip/export-ta_arm64/lib/libutee.a(utee_syscalls_a64.o)
                0x000000000000cd80                _utee_cipher_final
 .text._utee_cryp_obj_get_info
                0x000000000000cd8c        0xc /home/ynext/ethtokyo2026/bridgeos/sources/optee-os/out/arm-plat-rockchip/export-ta_arm64/lib/libutee.a(utee_syscalls_a64.o)
                0x000000000000cd8c                _utee_cryp_obj_get_info
 .text._utee_cryp_obj_restrict_usage
                0x000000000000cd98        0xc /home/ynext/ethtokyo2026/bridgeos/sources/optee-os/out/arm-plat-rockchip/export-ta_arm64/lib/libutee.a(utee_syscalls_a64.o)
                0x000000000000cd98                _utee_cryp_obj_restrict_usage
 .text._utee_cryp_obj_get_attr
                0x000000000000cda4        0xc /home/ynext/ethtokyo2026/bridgeos/sources/optee-os/out/arm-plat-rockchip/export-ta_arm64/lib/libutee.a(utee_syscalls_a64.o)
                0x000000000000cda4                _utee_cryp_obj_get_attr
 .text._utee_cryp_obj_alloc
                0x000000000000cdb0        0xc /home/ynext/ethtokyo2026/bridgeos/sources/optee-os/out/arm-plat-rockchip/export-ta_arm64/lib/libutee.a(utee_syscalls_a64.o)
                0x000000000000cdb0                _utee_cryp_obj_alloc
 .text._utee_cryp_obj_close
                0x000000000000cdbc        0xc /home/ynext/ethtokyo2026/bridgeos/sources/optee-os/out/arm-plat-rockchip/export-ta_arm64/lib/libutee.a(utee_syscalls_a64.o)
                0x000000000000cdbc                _utee_cryp_obj_close
 .text._utee_cryp_obj_reset
                0x000000000000cdc8        0xc /home/ynext/ethtokyo2026/bridgeos/sources/optee-os/out/arm-plat-rockchip/export-ta_arm64/lib/libutee.a(utee_syscalls_a64.o)
                0x000000000000cdc8                _utee_cryp_obj_reset
 .text._utee_cryp_obj_populate
                0x000000000000cdd4        0xc /home/ynext/ethtokyo2026/bridgeos/sources/optee-os/out/arm-plat-rockchip/export-ta_arm64/lib/libutee.a(utee_syscalls_a64.o)
                0x000000000000cdd4                _utee_cryp_obj_populate
 .text._utee_cryp_obj_copy
                0x000000000000cde0        0xc /home/ynext/ethtokyo2026/bridgeos/sources/optee-os/out/arm-plat-rockchip/export-ta_arm64/lib/libutee.a(utee_syscalls_a64.o)
                0x000000000000cde0                _utee_cryp_obj_copy
 .text._utee_cryp_derive_key
                0x000000000000cdec        0xc /home/ynext/ethtokyo2026/bridgeos/sources/optee-os/out/arm-plat-rockchip/export-ta_arm64/lib/libutee.a(utee_syscalls_a64.o)
                0x000000000000cdec                _utee_cryp_derive_key
 .text._utee_cryp_random_number_generate
                0x000000000000cdf8        0xc /home/ynext/ethtokyo2026/bridgeos/sources/optee-os/out/arm-plat-rockchip/export-ta_arm64/lib/libutee.a(utee_syscalls_a64.o)
                0x000000000000cdf8                _utee_cryp_random_number_generate
 .text._utee_authenc_init
                0x000000000000ce04        0xc /home/ynext/ethtokyo2026/bridgeos/sources/optee-os/out/arm-plat-rockchip/export-ta_arm64/lib/libutee.a(utee_syscalls_a64.o)
                0x000000000000ce04                _utee_authenc_init
 .text._utee_authenc_update_aad
                0x000000000000ce10        0xc /home/ynext/ethtokyo2026/bridgeos/sources/optee-os/out/arm-plat-rockchip/export-ta_arm64/lib/libutee.a(utee_syscalls_a64.o)
                0x000000000000ce10                _utee_authenc_update_aad
 .text._utee_authenc_update_payload
                0x000000000000ce1c        0xc /home/ynext/ethtokyo2026/bridgeos/sources/optee-os/out/arm-plat-rockchip/export-ta_arm64/lib/libutee.a(utee_syscalls_a64.o)
                0x000000000000ce1c                _utee_authenc_update_payload
 .text._utee_authenc_enc_final
                0x000000000000ce28        0xc /home/ynext/ethtokyo2026/bridgeos/sources/optee-os/out/arm-plat-rockchip/export-ta_arm64/lib/libutee.a(utee_syscalls_a64.o)
                0x000000000000ce28                _utee_authenc_enc_final
 .text._utee_authenc_dec_final
                0x000000000000ce34        0xc /home/ynext/ethtokyo2026/bridgeos/sources/optee-os/out/arm-plat-rockchip/export-ta_arm64/lib/libutee.a(utee_syscalls_a64.o)
                0x000000000000ce34                _utee_authenc_dec_final
 .text._utee_asymm_operate
                0x000000000000ce40        0xc /home/ynext/ethtokyo2026/bridgeos/sources/optee-os/out/arm-plat-rockchip/export-ta_arm64/lib/libutee.a(utee_syscalls_a64.o)
                0x000000000000ce40                _utee_asymm_operate
 .text._utee_asymm_verify
                0x000000000000ce4c        0xc /home/ynext/ethtokyo2026/bridgeos/sources/optee-os/out/arm-plat-rockchip/export-ta_arm64/lib/libutee.a(utee_syscalls_a64.o)
                0x000000000000ce4c                _utee_asymm_verify
 .text._utee_storage_obj_open
                0x000000000000ce58        0xc /home/ynext/ethtokyo2026/bridgeos/sources/optee-os/out/arm-plat-rockchip/export-ta_arm64/lib/libutee.a(utee_syscalls_a64.o)
                0x000000000000ce58                _utee_storage_obj_open
 .text._utee_storage_obj_create
                0x000000000000ce64        0xc /home/ynext/ethtokyo2026/bridgeos/sources/optee-os/out/arm-plat-rockchip/export-ta_arm64/lib/libutee.a(utee_syscalls_a64.o)
                0x000000000000ce64                _utee_storage_obj_create
 .text._utee_storage_obj_del
                0x000000000000ce70        0xc /home/ynext/ethtokyo2026/bridgeos/sources/optee-os/out/arm-plat-rockchip/export-ta_arm64/lib/libutee.a(utee_syscalls_a64.o)
                0x000000000000ce70                _utee_storage_obj_del
 .text._utee_storage_obj_rename
                0x000000000000ce7c        0xc /home/ynext/ethtokyo2026/bridgeos/sources/optee-os/out/arm-plat-rockchip/export-ta_arm64/lib/libutee.a(utee_syscalls_a64.o)
                0x000000000000ce7c                _utee_storage_obj_rename
 .text._utee_storage_alloc_enum
                0x000000000000ce88        0xc /home/ynext/ethtokyo2026/bridgeos/sources/optee-os/out/arm-plat-rockchip/export-ta_arm64/lib/libutee.a(utee_syscalls_a64.o)
                0x000000000000ce88                _utee_storage_alloc_enum
 .text._utee_storage_free_enum
                0x000000000000ce94        0xc /home/ynext/ethtokyo2026/bridgeos/sources/optee-os/out/arm-plat-rockchip/export-ta_arm64/lib/libutee.a(utee_syscalls_a64.o)
                0x000000000000ce94                _utee_storage_free_enum
 .text._utee_storage_reset_enum
                0x000000000000cea0        0xc /home/ynext/ethtokyo2026/bridgeos/sources/optee-os/out/arm-plat-rockchip/export-ta_arm64/lib/libutee.a(utee_syscalls_a64.o)
                0x000000000000cea0                _utee_storage_reset_enum
 .text._utee_storage_start_enum
                0x000000000000ceac        0xc /home/ynext/ethtokyo2026/bridgeos/sources/optee-os/out/arm-plat-rockchip/export-ta_arm64/lib/libutee.a(utee_syscalls_a64.o)
                0x000000000000ceac                _utee_storage_start_enum
 .text._utee_storage_next_enum
                0x000000000000ceb8        0xc /home/ynext/ethtokyo2026/bridgeos/sources/optee-os/out/arm-plat-rockchip/export-ta_arm64/lib/libutee.a(utee_syscalls_a64.o)
                0x000000000000ceb8                _utee_storage_next_enum
 .text._utee_storage_obj_read
                0x000000000000cec4        0xc /home/ynext/ethtokyo2026/bridgeos/sources/optee-os/out/arm-plat-rockchip/export-ta_arm64/lib/libutee.a(utee_syscalls_a64.o)
                0x000000000000cec4                _utee_storage_obj_read
 .text._utee_storage_obj_write
                0x000000000000ced0        0xc /home/ynext/ethtokyo2026/bridgeos/sources/optee-os/out/arm-plat-rockchip/export-ta_arm64/lib/libutee.a(utee_syscalls_a64.o)
                0x000000000000ced0                _utee_storage_obj_write
 .text._utee_storage_obj_trunc
                0x000000000000cedc        0xc /home/ynext/ethtokyo2026/bridgeos/sources/optee-os/out/arm-plat-rockchip/export-ta_arm64/lib/libutee.a(utee_syscalls_a64.o)
                0x000000000000cedc                _utee_storage_obj_trunc
 .text._utee_storage_obj_seek
                0x000000000000cee8        0xc /home/ynext/ethtokyo2026/bridgeos/sources/optee-os/out/arm-plat-rockchip/export-ta_arm64/lib/libutee.a(utee_syscalls_a64.o)
                0x000000000000cee8                _utee_storage_obj_seek
 .text._utee_cryp_obj_generate_key
                0x000000000000cef4        0xc /home/ynext/ethtokyo2026/bridgeos/sources/optee-os/out/arm-plat-rockchip/export-ta_arm64/lib/libutee.a(utee_syscalls_a64.o)
                0x000000000000cef4                _utee_cryp_obj_generate_key
 .text._utee_cache_operation
                0x000000000000cf00        0xc /home/ynext/ethtokyo2026/bridgeos/sources/optee-os/out/arm-plat-rockchip/export-ta_arm64/lib/libutee.a(utee_syscalls_a64.o)
                0x000000000000cf00                _utee_cache_operation
 .text.unlikely
                0x000000000000cf0c       0x20 /home/ynext/ethtokyo2026/bridgeos/sources/optee-os/out/arm-plat-rockchip/export-ta_arm64/lib/libutee.a(abort.o)
                0x000000000000cf0c                abort
 .text          0x000000000000cf2c       0x58 /home/ynext/ethtokyo2026/bridgeos/sources/optee-os/out/arm-plat-rockchip/export-ta_arm64/lib/libutee.a(assert.o)
                0x000000000000cf2c                _assert_log
                0x000000000000cf70                _assert_break
 .text          0x000000000000cf84     0x2224 /home/ynext/ethtokyo2026/bridgeos/sources/optee-os/out/arm-plat-rockchip/export-ta_arm64/lib/libutee.a(tee_api_arith_mpi.o)
                0x000000000000d7ec                _TEE_MathAPI_Init
                0x000000000000d83c                TEE_BigIntInit
                0x000000000000d89c                __GP11_TEE_BigIntInit
                0x000000000000d8a4                TEE_BigIntConvertFromOctetString
                0x000000000000d974                __GP11_TEE_BigIntConvertFromOctetString
                0x000000000000d97c                TEE_BigIntConvertToOctetString
                0x000000000000da4c                __GP11_TEE_BigIntConvertToOctetString
                0x000000000000dab8                TEE_BigIntConvertFromS32
                0x000000000000db74                TEE_BigIntConvertToS32
                0x000000000000dc38                TEE_BigIntCmp
                0x000000000000dcd8                TEE_BigIntCmpS32
                0x000000000000df44                TEE_BigIntShiftRight
                0x000000000000e0ec                __GP11_TEE_BigIntShiftRight
                0x000000000000e0f4                TEE_BigIntGetBit
                0x000000000000e180                TEE_BigIntGetBitCount
                0x000000000000e200                TEE_BigIntSetBit
                0x000000000000e2b4                TEE_BigIntAssign
                0x000000000000e304                TEE_BigIntAbs
                0x000000000000e330                TEE_BigIntAdd
                0x000000000000e33c                TEE_BigIntSub
                0x000000000000e348                TEE_BigIntNeg
                0x000000000000e434                TEE_BigIntMul
                0x000000000000e554                TEE_BigIntSquare
                0x000000000000e55c                TEE_BigIntDiv
                0x000000000000e718                TEE_BigIntMod
                0x000000000000e784                TEE_BigIntAddMod
                0x000000000000e790                TEE_BigIntSubMod
                0x000000000000e79c                TEE_BigIntMulMod
                0x000000000000e7a8                TEE_BigIntSquareMod
                0x000000000000e7b4                TEE_BigIntInvMod
                0x000000000000e90c                TEE_BigIntRelativePrime
                0x000000000000ea1c                TEE_BigIntExpMod
                0x000000000000ebf4                TEE_BigIntComputeExtendedGcd
                0x000000000000ee6c                TEE_BigIntIsProbablePrime
                0x000000000000ef0c                TEE_BigIntInitFMM
                0x000000000000ef10                __GP11_TEE_BigIntInitFMM
                0x000000000000ef18                TEE_BigIntInitFMMContext
                0x000000000000ef1c                __GP11_TEE_BigIntInitFMMContext
                0x000000000000ef24                TEE_BigIntInitFMMContext1
                0x000000000000ef2c                TEE_BigIntFMMSizeInU32
                0x000000000000ef3c                __GP11_TEE_BigIntFMMSizeInU32
                0x000000000000ef54                TEE_BigIntFMMContextSizeInU32
                0x000000000000ef5c                __GP11_TEE_BigIntFMMContextSizeInU32
                0x000000000000ef74                TEE_BigIntConvertToFMM
                0x000000000000ef78                TEE_BigIntConvertFromFMM
                0x000000000000f054                TEE_BigIntComputeFMM
 .text          0x000000000000f1a8     0x1000 /home/ynext/ethtokyo2026/bridgeos/sources/optee-os/out/arm-plat-rockchip/export-ta_arm64/lib/libutee.a(tee_api_property.o)
                0x000000000000f57c                TEE_GetPropertyAsString
                0x000000000000f7f0                __GP11_TEE_GetPropertyAsString
                0x000000000000f894                TEE_GetPropertyAsBool
                0x000000000000f970                TEE_GetPropertyAsU32
                0x000000000000fa5c                TEE_GetPropertyAsU64
                0x000000000000fb48                __GP11_TEE_GetPropertyAsBinaryBlock
                0x000000000000fc38                TEE_GetPropertyAsBinaryBlock
                0x000000000000fcdc                TEE_GetPropertyAsUUID
                0x000000000000fdc8                TEE_GetPropertyAsIdentity
                0x000000000000feb4                TEE_ResetPropertyEnumerator
                0x000000000000fec0                TEE_AllocatePropertyEnumerator
                0x000000000000ff08                TEE_FreePropertyEnumerator
                0x000000000000ff0c                TEE_StartPropertyEnumerator
                0x000000000000ff1c                __GP11_TEE_GetPropertyName
                0x0000000000010040                TEE_GetPropertyName
                0x00000000000100d4                TEE_GetNextProperty
 .text          0x00000000000101a8      0x374 /home/ynext/ethtokyo2026/bridgeos/sources/optee-os/out/arm-plat-rockchip/export-ta_arm64/lib/libutee.a(tcb.o)
                0x00000000000101a8                __utee_tcb_init
                0x000000000001040c                __tls_get_addr
                0x0000000000010428                dl_iterate_phdr
 .text          0x000000000001051c     0x3514 /home/ynext/ethtokyo2026/bridgeos/sources/optee-os/out/arm-plat-rockchip/export-ta_arm64/lib/libmbedtls.a(bignum.o)
                0x0000000000010574                mbedtls_mpi_lt_mpi_ct
                0x0000000000010658                mbedtls_mpi_init
                0x000000000001066c                mbedtls_mpi_init_mempool
                0x0000000000010694                mbedtls_mpi_free
                0x00000000000106fc                mbedtls_mpi_grow
                0x00000000000107ec                mbedtls_mpi_safe_cond_assign
                0x000000000001088c                mbedtls_mpi_safe_cond_swap
                0x00000000000109a8                mbedtls_mpi_shrink
                0x0000000000010ad4                mbedtls_mpi_copy
                0x0000000000010bb0                mbedtls_mpi_swap
                0x0000000000010c44                mbedtls_mpi_lset
                0x0000000000010cb0                mbedtls_mpi_get_bit
                0x0000000000010cdc                mbedtls_mpi_set_bit
                0x0000000000010d68                mbedtls_mpi_lsb
                0x0000000000010dac                mbedtls_mpi_bitlen
                0x0000000000010db8                mbedtls_mpi_size
                0x0000000000010dd4                mbedtls_mpi_read_binary_le
                0x0000000000010e34                mbedtls_mpi_read_binary
                0x0000000000010e94                mbedtls_mpi_write_binary_le
                0x0000000000010ea8                mbedtls_mpi_write_binary
                0x0000000000010ebc                mbedtls_mpi_shift_l
                0x0000000000010f20                mbedtls_mpi_shift_r
                0x0000000000010f50                mbedtls_mpi_cmp_abs
                0x0000000000010ff0                mbedtls_mpi_cmp_mpi
                0x00000000000110cc                mbedtls_mpi_cmp_int
                0x000000000001114c                mbedtls_mpi_add_abs
                0x0000000000011244                mbedtls_mpi_sub_abs
                0x000000000001140c                mbedtls_mpi_add_mpi
                0x0000000000011414                mbedtls_mpi_sub_mpi
                0x000000000001141c                mbedtls_mpi_add_int
                0x000000000001149c                mbedtls_mpi_sub_int
                0x000000000001151c                mbedtls_mpi_mul_mpi
                0x00000000000116b0                mbedtls_mpi_mul_int
                0x000000000001176c                mbedtls_mpi_read_string
                0x00000000000119d0                mbedtls_mpi_div_mpi
                0x0000000000011ecc                mbedtls_mpi_div_int
                0x0000000000011f4c                mbedtls_mpi_mod_mpi
                0x0000000000012310                mbedtls_mpi_mod_int
                0x00000000000123a8                mbedtls_mpi_write_string
                0x0000000000012700                mbedtls_mpi_montg_init
                0x0000000000012728                mbedtls_mpi_montmul
                0x0000000000012750                mbedtls_mpi_montred
                0x00000000000127cc                mbedtls_mpi_exp_mod
                0x00000000000127dc                mbedtls_mpi_exp_mod_unsafe
                0x00000000000127f0                mbedtls_mpi_gcd
                0x00000000000129d0                mbedtls_mpi_fill_random
                0x0000000000012cec                mbedtls_mpi_random
                0x0000000000012d84                mbedtls_mpi_inv_mod
                0x00000000000131e4                mbedtls_mpi_is_prime_ext
                0x00000000000132d4                mbedtls_mpi_gen_prime
                0x0000000000013620                mbedtls_mpi_self_test
 .text          0x0000000000013a30     0x10f0 /home/ynext/ethtokyo2026/bridgeos/sources/optee-os/out/arm-plat-rockchip/export-ta_arm64/lib/libmbedtls.a(bignum_core.o)
                0x0000000000013aa4                mbedtls_mpi_core_clz
                0x0000000000013ab0                mbedtls_mpi_core_bitlen
                0x0000000000013b04                mbedtls_mpi_core_bigendian_to_host
                0x0000000000013b38                mbedtls_mpi_core_uint_le_mpi
                0x0000000000013b90                mbedtls_mpi_core_lt_ct
                0x0000000000013c10                mbedtls_mpi_core_cond_assign
                0x0000000000013c5c                mbedtls_mpi_core_cond_swap
                0x0000000000013cc4                mbedtls_mpi_core_read_le
                0x0000000000013d50                mbedtls_mpi_core_read_be
                0x0000000000013de0                mbedtls_mpi_core_write_le
                0x0000000000013e8c                mbedtls_mpi_core_write_be
                0x0000000000013f44                mbedtls_mpi_core_shift_r
                0x0000000000013fe4                mbedtls_mpi_core_shift_l
                0x0000000000014078                mbedtls_mpi_core_add
                0x00000000000140b4                mbedtls_mpi_core_add_if
                0x0000000000014110                mbedtls_mpi_core_sub
                0x0000000000014154                mbedtls_mpi_core_mla
                0x0000000000014318                mbedtls_mpi_core_mul
                0x000000000001439c                mbedtls_mpi_core_montmul_init
                0x00000000000143d0                mbedtls_mpi_core_montmul
                0x00000000000147a4                mbedtls_mpi_core_get_mont_r2_unsafe
                0x000000000001480c                mbedtls_mpi_core_fill_random
                0x00000000000148bc                mbedtls_mpi_core_random
                0x00000000000149c0                mbedtls_mpi_core_exp_mod_working_limbs
                0x00000000000149e8                mbedtls_mpi_core_exp_mod
                0x0000000000014a10                mbedtls_mpi_core_exp_mod_unsafe
                0x0000000000014a3c                mbedtls_mpi_core_sub_int
                0x0000000000014a6c                mbedtls_mpi_core_check_zero_ct
                0x0000000000014a90                mbedtls_mpi_core_to_mont_rep
                0x0000000000014aac                mbedtls_mpi_core_from_mont_rep
 .text          0x0000000000014b20      0x468 /home/ynext/ethtokyo2026/bridgeos/sources/optee-os/out/arm-plat-rockchip/export-ta_arm64/lib/libmbedtls.a(constant_time.o)
                0x0000000000014b94                mbedtls_ct_memcmp
                0x0000000000014bc8                mbedtls_ct_memcmp_partial
                0x0000000000014c50                mbedtls_ct_memmove_left
                0x0000000000014cf0                mbedtls_ct_memcpy_if
                0x0000000000014e14                mbedtls_ct_memcpy_offset
                0x0000000000014ea4                mbedtls_ct_zeroize_if
 .text          0x0000000000014f88       0x60 /home/ynext/ethtokyo2026/bridgeos/sources/optee-os/out/arm-plat-rockchip/export-ta_arm64/lib/libmbedtls.a(platform_util.o)
                0x0000000000014f88                mbedtls_platform_zeroize
                0x0000000000014fc0                mbedtls_zeroize_and_free
 .text          0x0000000000014fe8     0x1078 /home/ynext/ethtokyo2026/bridgeos/sources/optee-os/out/arm-plat-rockchip/export-ta_arm64/lib/libutils.a(bget_malloc.o)
                0x00000000000150bc                bget
                0x00000000000153d0                bgetz
                0x0000000000015458                brel
                0x0000000000015764                bgetr
                0x0000000000015830                bpool
                0x000000000001591c                bstats
                0x00000000000159b0                malloc_reset_stats
                0x00000000000159c8                raw_malloc_flags
                0x0000000000015b40                raw_memalign
                0x0000000000015b64                raw_malloc
                0x0000000000015b88                raw_free
                0x0000000000015b98                raw_calloc
                0x0000000000015bbc                raw_realloc
                0x0000000000015be0                free_flags
                0x0000000000015bf8                malloc
                0x0000000000015c20                malloc_flags
                0x0000000000015c40                calloc
                0x0000000000015c68                realloc
                0x0000000000015c90                memalign
                0x0000000000015cb8                aligned_alloc
                0x0000000000015cf0                free
                0x0000000000015cfc                free_wipe
                0x0000000000015d08                raw_malloc_get_ctx_size
                0x0000000000015d10                raw_malloc_init_ctx
                0x0000000000015d3c                raw_malloc_add_pool
                0x0000000000015e2c                raw_malloc_buffer_overlaps_heap
                0x0000000000015e9c                raw_malloc_buffer_is_within_alloced
                0x0000000000015fd0                raw_malloc_get_stats
                0x0000000000016014                malloc_get_stats
                0x0000000000016024                malloc_add_pool
                0x0000000000016038                malloc_buffer_is_within_alloced
                0x000000000001604c                malloc_buffer_overlaps_heap
 .text          0x0000000000016060      0x120 /home/ynext/ethtokyo2026/bridgeos/sources/optee-os/out/arm-plat-rockchip/export-ta_arm64/lib/libutils.a(snprintf.o)
                0x0000000000016060                snprintf
                0x0000000000016128                vsnprintf
 .text          0x0000000000016180       0x58 /home/ynext/ethtokyo2026/bridgeos/sources/optee-os/out/arm-plat-rockchip/export-ta_arm64/lib/libutils.a(memmove.o)
                0x0000000000016180                memmove
 .text          0x00000000000161d8       0x24 /home/ynext/ethtokyo2026/bridgeos/sources/optee-os/out/arm-plat-rockchip/export-ta_arm64/lib/libutils.a(strcmp.o)
                0x00000000000161d8                strcmp
 .text          0x00000000000161fc       0x38 /home/ynext/ethtokyo2026/bridgeos/sources/optee-os/out/arm-plat-rockchip/export-ta_arm64/lib/libutils.a(strlcpy.o)
                0x00000000000161fc                strlcpy
 .text          0x0000000000016234      0x198 /home/ynext/ethtokyo2026/bridgeos/sources/optee-os/out/arm-plat-rockchip/export-ta_arm64/lib/libutils.a(mempool.o)
                0x0000000000016234                mempool_alloc_pool
                0x00000000000162fc                mempool_alloc
                0x0000000000016360                mempool_calloc
                0x00000000000163b0                mempool_free
 .text          0x00000000000163cc       0x70 /home/ynext/ethtokyo2026/bridgeos/sources/optee-os/out/arm-plat-rockchip/export-ta_arm64/lib/libutils.a(consttime_memcmp.o)
                0x00000000000163cc                consttime_memcmp
 .text          0x000000000001643c      0x250 /home/ynext/ethtokyo2026/bridgeos/sources/optee-os/out/arm-plat-rockchip/export-ta_arm64/lib/libutils.a(base64.o)
                0x000000000001643c                base64_enc_len
                0x0000000000016454                base64_enc
                0x0000000000016568                base64_dec
 .text          0x000000000001668c        0x0 /home/ynext/ethtokyo2026/bridgeos/sources/optee-os/out/arm-plat-rockchip/export-ta_arm64/lib/libutee.a(utee_syscalls_a64.o)
 .text          0x000000000001668c        0x0 /home/ynext/ethtokyo2026/bridgeos/sources/optee-os/out/arm-plat-rockchip/export-ta_arm64/lib/libutee.a(abort.o)
 *(SORT_BY_ALIGNMENT(.stub))
 *(SORT_BY_ALIGNMENT(.glue_7))
 *(SORT_BY_ALIGNMENT(.glue_7t))
 *(SORT_BY_ALIGNMENT(.gnu.linkonce.t.*))
 *(SORT_BY_ALIGNMENT(.vfp11_veneer))
                0x000000000001668c                __text_end = .

.note.gnu.property
 *(SORT_BY_ALIGNMENT(.note.gnu.property))

.plt            0x000000000001668c        0x0
 *(SORT_BY_ALIGNMENT(.plt))
 .plt           0x000000000001668c        0x0 ./osumania_signer_ta.o

.eh_frame_hdr
 *(SORT_BY_ALIGNMENT(.eh_frame_hdr))
 *(SORT_BY_ALIGNMENT(.eh_frame_entry) SORT_BY_ALIGNMENT(.eh_frame_entry.*))

.eh_frame       0x0000000000016690     0x4928
 *(SORT_BY_ALIGNMENT(.eh_frame))
 .eh_frame      0x0000000000016690      0x1c8 ./osumania_signer_ta.o
 .eh_frame      0x0000000000016858       0x50 ./keccak256.o
                                         0x68 (size before relaxing)
 .eh_frame      0x00000000000168a8      0x7b0 ./third_party/micro-ecc/uECC.o
                                        0x7c0 (size before relaxing)
 .eh_frame      0x0000000000017058       0x28 ./device_root_dev.o
                                         0x38 (size before relaxing)
 .eh_frame      0x0000000000017080       0x40 ./user_ta_header.o
                                         0x50 (size before relaxing)
 .eh_frame      0x00000000000170c0       0x18 /home/ynext/ethtokyo2026/bridgeos/sources/optee-os/out/arm-plat-rockchip/export-ta_arm64/lib/libutils.a(stack_check.o)
                                         0x30 (size before relaxing)
 .eh_frame      0x00000000000170d8       0x18 /home/ynext/ethtokyo2026/bridgeos/sources/optee-os/out/arm-plat-rockchip/export-ta_arm64/lib/libutils.a(memcpy.o)
                                         0x28 (size before relaxing)
 .eh_frame      0x00000000000170f0       0x18 /home/ynext/ethtokyo2026/bridgeos/sources/optee-os/out/arm-plat-rockchip/export-ta_arm64/lib/libutils.a(memset.o)
                                         0x28 (size before relaxing)
 .eh_frame      0x0000000000017108       0xb8 /home/ynext/ethtokyo2026/bridgeos/sources/optee-os/out/arm-plat-rockchip/export-ta_arm64/lib/libutils.a(trace.o)
                                         0xc8 (size before relaxing)
 .eh_frame      0x00000000000171c0       0xf0 /home/ynext/ethtokyo2026/bridgeos/sources/optee-os/out/arm-plat-rockchip/export-ta_arm64/lib/libutils.a(snprintk.o)
                                        0x108 (size before relaxing)
 .eh_frame      0x00000000000172b0       0x18 /home/ynext/ethtokyo2026/bridgeos/sources/optee-os/out/arm-plat-rockchip/export-ta_arm64/lib/libutils.a(memchr.o)
                                         0x28 (size before relaxing)
 .eh_frame      0x00000000000172c8       0x18 /home/ynext/ethtokyo2026/bridgeos/sources/optee-os/out/arm-plat-rockchip/export-ta_arm64/lib/libutils.a(strlen.o)
                                         0x28 (size before relaxing)
 .eh_frame      0x00000000000172e0       0xa8 /home/ynext/ethtokyo2026/bridgeos/sources/optee-os/out/arm-plat-rockchip/export-ta_arm64/lib/libutee.a(trace_ext.o)
                                         0xc0 (size before relaxing)
 .eh_frame      0x0000000000017388      0x570 /home/ynext/ethtokyo2026/bridgeos/sources/optee-os/out/arm-plat-rockchip/export-ta_arm64/lib/libutee.a(tee_api.o)
                                        0x588 (size before relaxing)
 .eh_frame      0x00000000000178f8      0x770 /home/ynext/ethtokyo2026/bridgeos/sources/optee-os/out/arm-plat-rockchip/export-ta_arm64/lib/libutee.a(tee_api_objects.o)
                                        0x788 (size before relaxing)
 .eh_frame      0x0000000000018068      0xb08 /home/ynext/ethtokyo2026/bridgeos/sources/optee-os/out/arm-plat-rockchip/export-ta_arm64/lib/libutee.a(tee_api_operations.o)
                                        0xb18 (size before relaxing)
 .eh_frame      0x0000000000018b70      0x180 /home/ynext/ethtokyo2026/bridgeos/sources/optee-os/out/arm-plat-rockchip/export-ta_arm64/lib/libutee.a(tee_api_panic.o)
                                        0x190 (size before relaxing)
 .eh_frame      0x0000000000018cf0       0xc0 /home/ynext/ethtokyo2026/bridgeos/sources/optee-os/out/arm-plat-rockchip/export-ta_arm64/lib/libutee.a(tee_system_pta.o)
                                         0xd8 (size before relaxing)
 .eh_frame      0x0000000000018db0      0x150 /home/ynext/ethtokyo2026/bridgeos/sources/optee-os/out/arm-plat-rockchip/export-ta_arm64/lib/libutee.a(user_ta_entry.o)
                                        0x168 (size before relaxing)
 .eh_frame      0x0000000000018f00       0x18 /home/ynext/ethtokyo2026/bridgeos/sources/optee-os/out/arm-plat-rockchip/export-ta_arm64/lib/libutee.a(abort.o)
                                         0x30 (size before relaxing)
 .eh_frame      0x0000000000018f18       0x38 /home/ynext/ethtokyo2026/bridgeos/sources/optee-os/out/arm-plat-rockchip/export-ta_arm64/lib/libutee.a(assert.o)
                                         0x50 (size before relaxing)
 .eh_frame      0x0000000000018f50      0x7e8 /home/ynext/ethtokyo2026/bridgeos/sources/optee-os/out/arm-plat-rockchip/export-ta_arm64/lib/libutee.a(tee_api_arith_mpi.o)
                                        0x800 (size before relaxing)
 .eh_frame      0x0000000000019738      0x310 /home/ynext/ethtokyo2026/bridgeos/sources/optee-os/out/arm-plat-rockchip/export-ta_arm64/lib/libutee.a(tee_api_property.o)
                                        0x328 (size before relaxing)
 .eh_frame      0x0000000000019a48       0x90 /home/ynext/ethtokyo2026/bridgeos/sources/optee-os/out/arm-plat-rockchip/export-ta_arm64/lib/libutee.a(tcb.o)
                                         0xa0 (size before relaxing)
 .eh_frame      0x0000000000019ad8      0x988 /home/ynext/ethtokyo2026/bridgeos/sources/optee-os/out/arm-plat-rockchip/export-ta_arm64/lib/libmbedtls.a(bignum.o)
                                        0x9a0 (size before relaxing)
 .eh_frame      0x000000000001a460      0x458 /home/ynext/ethtokyo2026/bridgeos/sources/optee-os/out/arm-plat-rockchip/export-ta_arm64/lib/libmbedtls.a(bignum_core.o)
                                        0x470 (size before relaxing)
 .eh_frame      0x000000000001a8b8      0x148 /home/ynext/ethtokyo2026/bridgeos/sources/optee-os/out/arm-plat-rockchip/export-ta_arm64/lib/libmbedtls.a(constant_time.o)
                                        0x160 (size before relaxing)
 .eh_frame      0x000000000001aa00       0x48 /home/ynext/ethtokyo2026/bridgeos/sources/optee-os/out/arm-plat-rockchip/export-ta_arm64/lib/libmbedtls.a(platform_util.o)
                                         0x60 (size before relaxing)
 .eh_frame      0x000000000001aa48      0x3d0 /home/ynext/ethtokyo2026/bridgeos/sources/optee-os/out/arm-plat-rockchip/export-ta_arm64/lib/libutils.a(bget_malloc.o)
                                        0x3e0 (size before relaxing)
 .eh_frame      0x000000000001ae18       0x58 /home/ynext/ethtokyo2026/bridgeos/sources/optee-os/out/arm-plat-rockchip/export-ta_arm64/lib/libutils.a(snprintf.o)
                                         0x70 (size before relaxing)
 .eh_frame      0x000000000001ae70       0x18 /home/ynext/ethtokyo2026/bridgeos/sources/optee-os/out/arm-plat-rockchip/export-ta_arm64/lib/libutils.a(memmove.o)
                                         0x28 (size before relaxing)
 .eh_frame      0x000000000001ae88       0x18 /home/ynext/ethtokyo2026/bridgeos/sources/optee-os/out/arm-plat-rockchip/export-ta_arm64/lib/libutils.a(strcmp.o)
                                         0x28 (size before relaxing)
 .eh_frame      0x000000000001aea0       0x18 /home/ynext/ethtokyo2026/bridgeos/sources/optee-os/out/arm-plat-rockchip/export-ta_arm64/lib/libutils.a(strlcpy.o)
                                         0x28 (size before relaxing)
 .eh_frame      0x000000000001aeb8       0x88 /home/ynext/ethtokyo2026/bridgeos/sources/optee-os/out/arm-plat-rockchip/export-ta_arm64/lib/libutils.a(mempool.o)
                                         0xa0 (size before relaxing)
 .eh_frame      0x000000000001af40       0x20 /home/ynext/ethtokyo2026/bridgeos/sources/optee-os/out/arm-plat-rockchip/export-ta_arm64/lib/libutils.a(consttime_memcmp.o)
                                         0x30 (size before relaxing)
 .eh_frame      0x000000000001af60       0x58 /home/ynext/ethtokyo2026/bridgeos/sources/optee-os/out/arm-plat-rockchip/export-ta_arm64/lib/libutils.a(base64.o)
                                         0x70 (size before relaxing)
 *(SORT_BY_ALIGNMENT(.eh_frame.*))

.gcc_except_table
 *(SORT_BY_ALIGNMENT(.gcc_except_table) SORT_BY_ALIGNMENT(.gcc_except_table.*))

.rodata         0x000000000001afb8     0x1399
 *(SORT_BY_ALIGNMENT(.gnu.linkonce.r.*))
 *(SORT_BY_ALIGNMENT(.rodata) SORT_BY_ALIGNMENT(.rodata.*))
 .rodata.keccak256.c
                0x000000000001afb8      0x128 ./keccak256.o
 .rodata./home/ynext/ethtokyo2026/bridgeos/sources/optee-os/out/arm-plat-rockchip/export-ta_arm64/src/user_ta_header.c
                0x000000000001b0e0       0x33 ./user_ta_header.o
                0x000000000001b0e0                ta_num_props
                0x000000000001b100                __ta_no_share_heap_size
                0x000000000001b108                ta_heap_size
                0x000000000001b110                trace_ext_prefix
 *fill*         0x000000000001b113        0x5 
 .rodata.lib/libutee/tee_api.c
                0x000000000001b118       0x18 /home/ynext/ethtokyo2026/bridgeos/sources/optee-os/out/arm-plat-rockchip/export-ta_arm64/lib/libutee.a(tee_api.o)
 .rodata.lib/libutils/ext/snprintk.c
                0x000000000001b130       0xac /home/ynext/ethtokyo2026/bridgeos/sources/optee-os/out/arm-plat-rockchip/export-ta_arm64/lib/libutils.a(snprintk.o)
 .rodata.lib/libutee/tee_api_operations.c
                0x000000000001b1dc       0x75 /home/ynext/ethtokyo2026/bridgeos/sources/optee-os/out/arm-plat-rockchip/export-ta_arm64/lib/libutee.a(tee_api_operations.o)
 *fill*         0x000000000001b251        0x3 
 .rodata.lib/libutee/tee_system_pta.c
                0x000000000001b254       0x31 /home/ynext/ethtokyo2026/bridgeos/sources/optee-os/out/arm-plat-rockchip/export-ta_arm64/lib/libutee.a(tee_system_pta.o)
 *fill*         0x000000000001b285        0x3 
 .rodata.lib/libutee/tee_api_property.c
                0x000000000001b288       0x10 /home/ynext/ethtokyo2026/bridgeos/sources/optee-os/out/arm-plat-rockchip/export-ta_arm64/lib/libutee.a(tee_api_property.o)
 .rodata.lib/libmbedtls/mbedtls/library/bignum.c
                0x000000000001b298       0xcc /home/ynext/ethtokyo2026/bridgeos/sources/optee-os/out/arm-plat-rockchip/export-ta_arm64/lib/libmbedtls.a(bignum.o)
 .rodata.osumania_signer_ta.c
                0x000000000001b364       0x7a ./osumania_signer_ta.o
 .rodata.str1.1.device_root_dev.c
                0x000000000001b3de      0xcd6 ./device_root_dev.o
                                         0x4e (size before relaxing)
 .rodata.device_root_dev.c
                0x000000000001c0b4       0x3e ./device_root_dev.o
 .rodata.str1.1./home/ynext/ethtokyo2026/bridgeos/sources/optee-os/out/arm-plat-rockchip/export-ta_arm64/src/user_ta_header.c
                0x000000000001c0f2      0x103 ./user_ta_header.o
 .rodata.str1.1.lib/libutils/isoc/stack_check.c
                0x000000000001c0f2       0x18 /home/ynext/ethtokyo2026/bridgeos/sources/optee-os/out/arm-plat-rockchip/export-ta_arm64/lib/libutils.a(stack_check.o)
 .rodata.str1.1.lib/libutils/ext/trace.c
                0x000000000001c0f2       0x1b /home/ynext/ethtokyo2026/bridgeos/sources/optee-os/out/arm-plat-rockchip/export-ta_arm64/lib/libutils.a(trace.o)
 .rodata.lib/libutils/ext/trace.c
                0x000000000001c0f2        0x5 /home/ynext/ethtokyo2026/bridgeos/sources/optee-os/out/arm-plat-rockchip/export-ta_arm64/lib/libutils.a(trace.o)
 .rodata.str1.1.lib/libutils/ext/snprintk.c
                0x000000000001c0f7       0x38 /home/ynext/ethtokyo2026/bridgeos/sources/optee-os/out/arm-plat-rockchip/export-ta_arm64/lib/libutils.a(snprintk.o)
 .rodata.str1.1.lib/libutee/trace_ext.c
                0x000000000001c0f7        0x2 /home/ynext/ethtokyo2026/bridgeos/sources/optee-os/out/arm-plat-rockchip/export-ta_arm64/lib/libutee.a(trace_ext.o)
 .rodata.str1.1.lib/libutee/tee_api.c
                0x000000000001c0f7       0x11 /home/ynext/ethtokyo2026/bridgeos/sources/optee-os/out/arm-plat-rockchip/export-ta_arm64/lib/libutee.a(tee_api.o)
 .rodata.str1.1.lib/libutee/tee_api_operations.c
                0x000000000001c0f7       0x8a /home/ynext/ethtokyo2026/bridgeos/sources/optee-os/out/arm-plat-rockchip/export-ta_arm64/lib/libutee.a(tee_api_operations.o)
 .rodata.str1.1.lib/libutee/tee_system_pta.c
                0x000000000001c0f7       0x55 /home/ynext/ethtokyo2026/bridgeos/sources/optee-os/out/arm-plat-rockchip/export-ta_arm64/lib/libutee.a(tee_system_pta.o)
 .rodata.str1.1.lib/libutee/user_ta_entry.c
                0x000000000001c0f7       0x4f /home/ynext/ethtokyo2026/bridgeos/sources/optee-os/out/arm-plat-rockchip/export-ta_arm64/lib/libutee.a(user_ta_entry.o)
 .rodata.lib/libutee/user_ta_entry.c
                0x000000000001c0f7       0x16 /home/ynext/ethtokyo2026/bridgeos/sources/optee-os/out/arm-plat-rockchip/export-ta_arm64/lib/libutee.a(user_ta_entry.o)
 .rodata.str1.1.lib/libutee/abort.c
                0x000000000001c10d        0x7 /home/ynext/ethtokyo2026/bridgeos/sources/optee-os/out/arm-plat-rockchip/export-ta_arm64/lib/libutee.a(abort.o)
 .rodata.str1.1.lib/libutee/assert.c
                0x000000000001c10d       0x27 /home/ynext/ethtokyo2026/bridgeos/sources/optee-os/out/arm-plat-rockchip/export-ta_arm64/lib/libutee.a(assert.o)
 .rodata.str1.1.lib/libutee/tee_api_arith_mpi.c
                0x000000000001c10d       0xc9 /home/ynext/ethtokyo2026/bridgeos/sources/optee-os/out/arm-plat-rockchip/export-ta_arm64/lib/libutee.a(tee_api_arith_mpi.o)
 .rodata.lib/libutee/tee_api_arith_mpi.c
                0x000000000001c10d      0x14e /home/ynext/ethtokyo2026/bridgeos/sources/optee-os/out/arm-plat-rockchip/export-ta_arm64/lib/libutee.a(tee_api_arith_mpi.o)
 .rodata.str1.1.lib/libutee/tee_api_property.c
                0x000000000001c25b       0x88 /home/ynext/ethtokyo2026/bridgeos/sources/optee-os/out/arm-plat-rockchip/export-ta_arm64/lib/libutee.a(tee_api_property.o)
 .rodata.str1.1.lib/libutee/tcb.c
                0x000000000001c25b       0x8d /home/ynext/ethtokyo2026/bridgeos/sources/optee-os/out/arm-plat-rockchip/export-ta_arm64/lib/libutee.a(tcb.o)
 .rodata.lib/libutee/tcb.c
                0x000000000001c25b       0x20 /home/ynext/ethtokyo2026/bridgeos/sources/optee-os/out/arm-plat-rockchip/export-ta_arm64/lib/libutee.a(tcb.o)
 .rodata.str1.1.lib/libmbedtls/mbedtls/library/bignum.c
                0x000000000001c27b      0x45d /home/ynext/ethtokyo2026/bridgeos/sources/optee-os/out/arm-plat-rockchip/export-ta_arm64/lib/libmbedtls.a(bignum.o)
 .rodata.str1.1.lib/libutils/isoc/bget_malloc.c
                0x000000000001c27b      0x2ff /home/ynext/ethtokyo2026/bridgeos/sources/optee-os/out/arm-plat-rockchip/export-ta_arm64/lib/libutils.a(bget_malloc.o)
 .rodata.lib/libutils/isoc/bget_malloc.c
                0x000000000001c27b       0x69 /home/ynext/ethtokyo2026/bridgeos/sources/optee-os/out/arm-plat-rockchip/export-ta_arm64/lib/libutils.a(bget_malloc.o)
 .rodata.str1.1.lib/libutils/ext/mempool.c
                0x000000000001c2e4       0x89 /home/ynext/ethtokyo2026/bridgeos/sources/optee-os/out/arm-plat-rockchip/export-ta_arm64/lib/libutils.a(mempool.o)
 .rodata.lib/libutils/ext/mempool.c
                0x000000000001c2e4       0x2c /home/ynext/ethtokyo2026/bridgeos/sources/optee-os/out/arm-plat-rockchip/export-ta_arm64/lib/libutils.a(mempool.o)
 .rodata.lib/libutils/ext/base64.c
                0x000000000001c310       0x41 /home/ynext/ethtokyo2026/bridgeos/sources/optee-os/out/arm-plat-rockchip/export-ta_arm64/lib/libutils.a(base64.o)

.gnu.version_d  0x000000000001c358        0x0
 .gnu.version_d
                0x000000000001c358        0x0 ./osumania_signer_ta.o

.gnu.version    0x000000000001c352        0x0
 .gnu.version   0x000000000001c352        0x0 ./osumania_signer_ta.o

.gnu.version_r  0x000000000001c358        0x0
 .gnu.version_r
                0x000000000001c358        0x0 ./osumania_signer_ta.o

.gnu.hash       0x000000000001c358       0x34
 .gnu.hash      0x000000000001c358       0x34 ./osumania_signer_ta.o

.ta_head        0x000000000001c390       0x20
 .ta_head       0x000000000001c390       0x20 ./user_ta_header.o
                0x000000000001c390                ta_head

.ARM.extab
 *(SORT_BY_ALIGNMENT(.ARM.extab*) SORT_BY_ALIGNMENT(.gnu.linkonce.armextab.*))
                [!provide]                        PROVIDE (__exidx_start = .)

.ARM.exidx
 *(SORT_BY_ALIGNMENT(.ARM.exidx*) SORT_BY_ALIGNMENT(.gnu.linkonce.armexidx.*))
                [!provide]                        PROVIDE (__exidx_end = .)

.ctors
 *(SORT_BY_ALIGNMENT(.ctors))

.dtors
 *(SORT_BY_ALIGNMENT(.dtors))

.dynsym         0x000000000001c3b0       0xa8
 *(SORT_BY_ALIGNMENT(.dynsym))
 .dynsym        0x000000000001c3b0       0xa8 ./osumania_signer_ta.o

.dynstr         0x000000000001c458       0x36
 *(SORT_BY_ALIGNMENT(.dynstr))
 .dynstr        0x000000000001c458       0x36 ./osumania_signer_ta.o

.hash           0x000000000001c490       0x30
 *(SORT_BY_ALIGNMENT(.hash))
 .hash          0x000000000001c490       0x30 ./osumania_signer_ta.o

.rela.dyn       0x000000000001c4c0      0x360
 .rela.data.rel.ro
                0x000000000001c4c0       0x18 ./osumania_signer_ta.o
 .rela.ifunc    0x000000000001c4d8        0x0 ./osumania_signer_ta.o
 .rela.data.rel.ro.local
                0x000000000001c4d8      0x2e8 ./osumania_signer_ta.o
 .rela.data.rel.local
                0x000000000001c7c0       0x60 ./osumania_signer_ta.o
                0x000000000001d000                . = ALIGN (0x1000)

.dynamic        0x000000000001d000      0x110
 *(SORT_BY_ALIGNMENT(.dynamic))
 .dynamic       0x000000000001d000      0x110 ./osumania_signer_ta.o
                0x000000000001d000                _DYNAMIC

.tdata
 *(SORT_BY_ALIGNMENT(.tdata) SORT_BY_ALIGNMENT(.tdata.*) SORT_BY_ALIGNMENT(.gnu.linkonce.td.*))

.tbss
 *(SORT_BY_ALIGNMENT(.tbss) SORT_BY_ALIGNMENT(.tbss.*) SORT_BY_ALIGNMENT(.gnu.linkonce.tb.*))
 *(SORT_BY_ALIGNMENT(.tcommon))

.got            0x000000000001d110       0xd8
 *(SORT_BY_ALIGNMENT(.got.plt))
 .got.plt       0x000000000001d110       0x18 ./osumania_signer_ta.o
 *(SORT_BY_ALIGNMENT(.got))
 .got           0x000000000001d128       0xc0 ./osumania_signer_ta.o
                0x000000000001d128                _GLOBAL_OFFSET_TABLE_

.rel.text
 *(SORT_BY_ALIGNMENT(.rel.text))
 *(SORT_BY_ALIGNMENT(.rel.gnu.linkonce.t*))

.rela.text
 *(SORT_BY_ALIGNMENT(.rela.text))
 *(SORT_BY_ALIGNMENT(.rela.gnu.linkonce.t*))

.rel.data
 *(SORT_BY_ALIGNMENT(.rel.data))
 *(SORT_BY_ALIGNMENT(.rel.gnu.linkonce.d*))

.rela.data
 *(SORT_BY_ALIGNMENT(.rela.data))
 *(SORT_BY_ALIGNMENT(.rela.gnu.linkonce.d*))

.rel.tdata
 *(SORT_BY_ALIGNMENT(.rel.tdata) SORT_BY_ALIGNMENT(.rel.tdata.*) SORT_BY_ALIGNMENT(.rel.gnu.linkonce.td.*))

.rela.tdata
 *(SORT_BY_ALIGNMENT(.rela.tdata) SORT_BY_ALIGNMENT(.rela.tdata.*) SORT_BY_ALIGNMENT(.rela.gnu.linkonce.td.*))

.rel.tbss
 *(SORT_BY_ALIGNMENT(.rel.tbss) SORT_BY_ALIGNMENT(.rel.tbss.*) SORT_BY_ALIGNMENT(.rel.gnu.linkonce.tb.*))

.rela.tbss
 *(SORT_BY_ALIGNMENT(.rela.tbss) SORT_BY_ALIGNMENT(.rela.tbss.*) SORT_BY_ALIGNMENT(.rela.gnu.linkonce.tb.*))

.rel.rodata
 *(SORT_BY_ALIGNMENT(.rel.rodata))
 *(SORT_BY_ALIGNMENT(.rel.gnu.linkonce.r*))

.rela.rodata
 *(SORT_BY_ALIGNMENT(.rela.rodata))
 *(SORT_BY_ALIGNMENT(.rela.gnu.linkonce.r*))

.rel.dyn
 *(SORT_BY_ALIGNMENT(.rel.dyn))

.rel.got
 *(SORT_BY_ALIGNMENT(.rel.got))

.rela.got       0x000000000001d1e8      0x228
 *(SORT_BY_ALIGNMENT(.rela.got))
 .rela.got      0x000000000001d1e8      0x228 ./osumania_signer_ta.o

.rel.ctors
 *(SORT_BY_ALIGNMENT(.rel.ctors))

.rela.ctors
 *(SORT_BY_ALIGNMENT(.rela.ctors))

.rel.dtors
 *(SORT_BY_ALIGNMENT(.rel.dtors))

.rela.dtors
 *(SORT_BY_ALIGNMENT(.rela.dtors))

.rel.init
 *(SORT_BY_ALIGNMENT(.rel.init))

.rela.init
 *(SORT_BY_ALIGNMENT(.rela.init))

.rel.fini
 *(SORT_BY_ALIGNMENT(.rel.fini))

.rela.fini
 *(SORT_BY_ALIGNMENT(.rela.fini))

.rel.bss
 *(SORT_BY_ALIGNMENT(.rel.bss))

.rela.bss       0x000000000001d410        0x0
 *(SORT_BY_ALIGNMENT(.rela.bss))
 .rela.bss      0x000000000001d410        0x0 ./osumania_signer_ta.o

.rel.plt
 *(SORT_BY_ALIGNMENT(.rel.plt))

.rela.plt       0x000000000001d410        0x0
 *(SORT_BY_ALIGNMENT(.rela.plt))
 .rela.plt      0x000000000001d410        0x0 ./osumania_signer_ta.o

.data           0x000000000001d410      0x2d4
 *(SORT_BY_ALIGNMENT(.data) SORT_BY_ALIGNMENT(.data.*) SORT_BY_ALIGNMENT(.gnu.linkonce.d.*))
 .data.rel.ro.local
                0x000000000001d410       0xc0 ./third_party/micro-ecc/uECC.o
 .data.rel.ro.local
                0x000000000001d4d0       0xf0 ./user_ta_header.o
                0x000000000001d4d0                ta_props
 .data          0x000000000001d5c0        0x8 /home/ynext/ethtokyo2026/bridgeos/sources/optee-os/out/arm-plat-rockchip/export-ta_arm64/lib/libutils.a(stack_check.o)
                0x000000000001d5c0                __stack_chk_guard
 .data.rel.local
                0x000000000001d5c8       0x20 /home/ynext/ethtokyo2026/bridgeos/sources/optee-os/out/arm-plat-rockchip/export-ta_arm64/lib/libutee.a(user_ta_entry.o)
 .data.rel.ro.local
                0x000000000001d5e8       0x60 /home/ynext/ethtokyo2026/bridgeos/sources/optee-os/out/arm-plat-rockchip/export-ta_arm64/lib/libutee.a(tee_api_property.o)
                0x000000000001d5e8                tee_props
 .data.rel.ro   0x000000000001d648        0x8 /home/ynext/ethtokyo2026/bridgeos/sources/optee-os/out/arm-plat-rockchip/export-ta_arm64/lib/libmbedtls.a(platform_util.o)
 .data.rel.local
                0x000000000001d650       0x90 /home/ynext/ethtokyo2026/bridgeos/sources/optee-os/out/arm-plat-rockchip/export-ta_arm64/lib/libutils.a(bget_malloc.o)
 .data          0x000000000001d6e0        0x4 ./user_ta_header.o
                0x000000000001d6e0                trace_level
 .data          0x000000000001d6e4        0x0 ./osumania_signer_ta.o
 .data.rel.ro   0x000000000001d6e4        0x0 ./osumania_signer_ta.o
 .data          0x000000000001d6e4        0x0 ./keccak256.o
 .data          0x000000000001d6e4        0x0 ./third_party/micro-ecc/uECC.o
 .data          0x000000000001d6e4        0x0 ./device_root_dev.o
 .data          0x000000000001d6e4        0x0 /home/ynext/ethtokyo2026/bridgeos/sources/optee-os/out/arm-plat-rockchip/export-ta_arm64/lib/libutils.a(memcpy.o)
 .data          0x000000000001d6e4        0x0 /home/ynext/ethtokyo2026/bridgeos/sources/optee-os/out/arm-plat-rockchip/export-ta_arm64/lib/libutils.a(memset.o)
 .data          0x000000000001d6e4        0x0 /home/ynext/ethtokyo2026/bridgeos/sources/optee-os/out/arm-plat-rockchip/export-ta_arm64/lib/libutils.a(trace.o)
 .data          0x000000000001d6e4        0x0 /home/ynext/ethtokyo2026/bridgeos/sources/optee-os/out/arm-plat-rockchip/export-ta_arm64/lib/libutils.a(snprintk.o)
 .data          0x000000000001d6e4        0x0 /home/ynext/ethtokyo2026/bridgeos/sources/optee-os/out/arm-plat-rockchip/export-ta_arm64/lib/libutils.a(memchr.o)
 .data          0x000000000001d6e4        0x0 /home/ynext/ethtokyo2026/bridgeos/sources/optee-os/out/arm-plat-rockchip/export-ta_arm64/lib/libutils.a(strlen.o)
 .data          0x000000000001d6e4        0x0 /home/ynext/ethtokyo2026/bridgeos/sources/optee-os/out/arm-plat-rockchip/export-ta_arm64/lib/libutee.a(trace_ext.o)
 .data          0x000000000001d6e4        0x0 /home/ynext/ethtokyo2026/bridgeos/sources/optee-os/out/arm-plat-rockchip/export-ta_arm64/lib/libutee.a(tee_api.o)
 .data          0x000000000001d6e4        0x0 /home/ynext/ethtokyo2026/bridgeos/sources/optee-os/out/arm-plat-rockchip/export-ta_arm64/lib/libutee.a(tee_api_objects.o)
 .data          0x000000000001d6e4        0x0 /home/ynext/ethtokyo2026/bridgeos/sources/optee-os/out/arm-plat-rockchip/export-ta_arm64/lib/libutee.a(tee_api_operations.o)
 .data          0x000000000001d6e4        0x0 /home/ynext/ethtokyo2026/bridgeos/sources/optee-os/out/arm-plat-rockchip/export-ta_arm64/lib/libutee.a(tee_api_panic.o)
 .data          0x000000000001d6e4        0x0 /home/ynext/ethtokyo2026/bridgeos/sources/optee-os/out/arm-plat-rockchip/export-ta_arm64/lib/libutee.a(tee_system_pta.o)
 .data          0x000000000001d6e4        0x0 /home/ynext/ethtokyo2026/bridgeos/sources/optee-os/out/arm-plat-rockchip/export-ta_arm64/lib/libutee.a(user_ta_entry.o)
 .data          0x000000000001d6e4        0x0 /home/ynext/ethtokyo2026/bridgeos/sources/optee-os/out/arm-plat-rockchip/export-ta_arm64/lib/libutee.a(utee_syscalls_a64.o)
 .data          0x000000000001d6e4        0x0 /home/ynext/ethtokyo2026/bridgeos/sources/optee-os/out/arm-plat-rockchip/export-ta_arm64/lib/libutee.a(abort.o)
 .data          0x000000000001d6e4        0x0 /home/ynext/ethtokyo2026/bridgeos/sources/optee-os/out/arm-plat-rockchip/export-ta_arm64/lib/libutee.a(assert.o)
 .data          0x000000000001d6e4        0x0 /home/ynext/ethtokyo2026/bridgeos/sources/optee-os/out/arm-plat-rockchip/export-ta_arm64/lib/libutee.a(tee_api_arith_mpi.o)
 .data          0x000000000001d6e4        0x0 /home/ynext/ethtokyo2026/bridgeos/sources/optee-os/out/arm-plat-rockchip/export-ta_arm64/lib/libutee.a(tee_api_property.o)
 .data          0x000000000001d6e4        0x0 /home/ynext/ethtokyo2026/bridgeos/sources/optee-os/out/arm-plat-rockchip/export-ta_arm64/lib/libutee.a(tcb.o)
 .data          0x000000000001d6e4        0x0 /home/ynext/ethtokyo2026/bridgeos/sources/optee-os/out/arm-plat-rockchip/export-ta_arm64/lib/libmbedtls.a(bignum.o)
 .data          0x000000000001d6e4        0x0 /home/ynext/ethtokyo2026/bridgeos/sources/optee-os/out/arm-plat-rockchip/export-ta_arm64/lib/libmbedtls.a(bignum_core.o)
 .data          0x000000000001d6e4        0x0 /home/ynext/ethtokyo2026/bridgeos/sources/optee-os/out/arm-plat-rockchip/export-ta_arm64/lib/libmbedtls.a(constant_time.o)
 .data          0x000000000001d6e4        0x0 /home/ynext/ethtokyo2026/bridgeos/sources/optee-os/out/arm-plat-rockchip/export-ta_arm64/lib/libmbedtls.a(platform_util.o)
 .data          0x000000000001d6e4        0x0 /home/ynext/ethtokyo2026/bridgeos/sources/optee-os/out/arm-plat-rockchip/export-ta_arm64/lib/libutils.a(bget_malloc.o)
 .data          0x000000000001d6e4        0x0 /home/ynext/ethtokyo2026/bridgeos/sources/optee-os/out/arm-plat-rockchip/export-ta_arm64/lib/libutils.a(snprintf.o)
 .data          0x000000000001d6e4        0x0 /home/ynext/ethtokyo2026/bridgeos/sources/optee-os/out/arm-plat-rockchip/export-ta_arm64/lib/libutils.a(memmove.o)
 .data          0x000000000001d6e4        0x0 /home/ynext/ethtokyo2026/bridgeos/sources/optee-os/out/arm-plat-rockchip/export-ta_arm64/lib/libutils.a(strcmp.o)
 .data          0x000000000001d6e4        0x0 /home/ynext/ethtokyo2026/bridgeos/sources/optee-os/out/arm-plat-rockchip/export-ta_arm64/lib/libutils.a(strlcpy.o)
 .data          0x000000000001d6e4        0x0 /home/ynext/ethtokyo2026/bridgeos/sources/optee-os/out/arm-plat-rockchip/export-ta_arm64/lib/libutils.a(mempool.o)
 .data          0x000000000001d6e4        0x0 /home/ynext/ethtokyo2026/bridgeos/sources/optee-os/out/arm-plat-rockchip/export-ta_arm64/lib/libutils.a(consttime_memcmp.o)
 .data          0x000000000001d6e4        0x0 /home/ynext/ethtokyo2026/bridgeos/sources/optee-os/out/arm-plat-rockchip/export-ta_arm64/lib/libutils.a(base64.o)

.bss            0x000000000001d6e8    0x1bbe8
 *(SORT_BY_ALIGNMENT(.bss) SORT_BY_ALIGNMENT(.bss.*) SORT_BY_ALIGNMENT(.gnu.linkonce.b.*) SORT_BY_ALIGNMENT(COMMON))
 .bss           0x000000000001d6e8        0x8 ./third_party/micro-ecc/uECC.o
 .bss           0x000000000001d6f0       0x10 /home/ynext/ethtokyo2026/bridgeos/sources/optee-os/out/arm-plat-rockchip/export-ta_arm64/lib/libutee.a(tee_api.o)
 .bss           0x000000000001d700        0x8 /home/ynext/ethtokyo2026/bridgeos/sources/optee-os/out/arm-plat-rockchip/export-ta_arm64/lib/libutee.a(tee_system_pta.o)
 .bss           0x000000000001d708       0x6c /home/ynext/ethtokyo2026/bridgeos/sources/optee-os/out/arm-plat-rockchip/export-ta_arm64/lib/libutee.a(user_ta_entry.o)
                0x000000000001d718                __elf_phdr_info
                0x000000000001d728                __ta_no_share_malloc_ctx
                0x000000000001d730                ta_params
                0x000000000001d770                ta_param_types
 *fill*         0x000000000001d774        0x4 
 .bss           0x000000000001d778     0x3800 /home/ynext/ethtokyo2026/bridgeos/sources/optee-os/out/arm-plat-rockchip/export-ta_arm64/lib/libutee.a(tee_api_arith_mpi.o)
 .bss           0x0000000000020f78       0x10 /home/ynext/ethtokyo2026/bridgeos/sources/optee-os/out/arm-plat-rockchip/export-ta_arm64/lib/libutee.a(tcb.o)
 .bss           0x0000000000020f88        0x8 /home/ynext/ethtokyo2026/bridgeos/sources/optee-os/out/arm-plat-rockchip/export-ta_arm64/lib/libmbedtls.a(bignum.o)
                0x0000000000020f88                mbedtls_mpi_mempool
 .bss           0x0000000000020f90        0x8 /home/ynext/ethtokyo2026/bridgeos/sources/optee-os/out/arm-plat-rockchip/export-ta_arm64/lib/libmbedtls.a(constant_time.o)
                0x0000000000020f90                mbedtls_ct_zero
 .bss           0x0000000000020f98      0x330 ./osumania_signer_ta.o
 .bss           0x00000000000212c8        0x0 ./keccak256.o
 .bss           0x00000000000212c8        0x0 ./device_root_dev.o
 .bss           0x00000000000212c8    0x18001 ./user_ta_header.o
                0x00000000000212c9                ta_heap
                0x00000000000212c9                __ta_no_share_heap
 .bss           0x00000000000392c9        0x0 /home/ynext/ethtokyo2026/bridgeos/sources/optee-os/out/arm-plat-rockchip/export-ta_arm64/lib/libutils.a(stack_check.o)
 .bss           0x00000000000392c9        0x0 /home/ynext/ethtokyo2026/bridgeos/sources/optee-os/out/arm-plat-rockchip/export-ta_arm64/lib/libutils.a(memcpy.o)
 .bss           0x00000000000392c9        0x0 /home/ynext/ethtokyo2026/bridgeos/sources/optee-os/out/arm-plat-rockchip/export-ta_arm64/lib/libutils.a(memset.o)
 .bss           0x00000000000392c9        0x0 /home/ynext/ethtokyo2026/bridgeos/sources/optee-os/out/arm-plat-rockchip/export-ta_arm64/lib/libutils.a(trace.o)
 .bss           0x00000000000392c9        0x0 /home/ynext/ethtokyo2026/bridgeos/sources/optee-os/out/arm-plat-rockchip/export-ta_arm64/lib/libutils.a(snprintk.o)
 .bss           0x00000000000392c9        0x0 /home/ynext/ethtokyo2026/bridgeos/sources/optee-os/out/arm-plat-rockchip/export-ta_arm64/lib/libutils.a(memchr.o)
 .bss           0x00000000000392c9        0x0 /home/ynext/ethtokyo2026/bridgeos/sources/optee-os/out/arm-plat-rockchip/export-ta_arm64/lib/libutils.a(strlen.o)
 .bss           0x00000000000392c9        0x0 /home/ynext/ethtokyo2026/bridgeos/sources/optee-os/out/arm-plat-rockchip/export-ta_arm64/lib/libutee.a(trace_ext.o)
 .bss           0x00000000000392c9        0x0 /home/ynext/ethtokyo2026/bridgeos/sources/optee-os/out/arm-plat-rockchip/export-ta_arm64/lib/libutee.a(tee_api_objects.o)
 .bss           0x00000000000392c9        0x0 /home/ynext/ethtokyo2026/bridgeos/sources/optee-os/out/arm-plat-rockchip/export-ta_arm64/lib/libutee.a(tee_api_operations.o)
 .bss           0x00000000000392c9        0x0 /home/ynext/ethtokyo2026/bridgeos/sources/optee-os/out/arm-plat-rockchip/export-ta_arm64/lib/libutee.a(tee_api_panic.o)
 .bss           0x00000000000392c9        0x0 /home/ynext/ethtokyo2026/bridgeos/sources/optee-os/out/arm-plat-rockchip/export-ta_arm64/lib/libutee.a(utee_syscalls_a64.o)
 .bss           0x00000000000392c9        0x0 /home/ynext/ethtokyo2026/bridgeos/sources/optee-os/out/arm-plat-rockchip/export-ta_arm64/lib/libutee.a(abort.o)
 .bss           0x00000000000392c9        0x0 /home/ynext/ethtokyo2026/bridgeos/sources/optee-os/out/arm-plat-rockchip/export-ta_arm64/lib/libutee.a(assert.o)
 .bss           0x00000000000392c9        0x0 /home/ynext/ethtokyo2026/bridgeos/sources/optee-os/out/arm-plat-rockchip/export-ta_arm64/lib/libutee.a(tee_api_property.o)
 .bss           0x00000000000392c9        0x0 /home/ynext/ethtokyo2026/bridgeos/sources/optee-os/out/arm-plat-rockchip/export-ta_arm64/lib/libmbedtls.a(bignum_core.o)
 .bss           0x00000000000392c9        0x0 /home/ynext/ethtokyo2026/bridgeos/sources/optee-os/out/arm-plat-rockchip/export-ta_arm64/lib/libmbedtls.a(platform_util.o)
 .bss           0x00000000000392c9        0x0 /home/ynext/ethtokyo2026/bridgeos/sources/optee-os/out/arm-plat-rockchip/export-ta_arm64/lib/libutils.a(bget_malloc.o)
 .bss           0x00000000000392c9        0x0 /home/ynext/ethtokyo2026/bridgeos/sources/optee-os/out/arm-plat-rockchip/export-ta_arm64/lib/libutils.a(snprintf.o)
 .bss           0x00000000000392c9        0x0 /home/ynext/ethtokyo2026/bridgeos/sources/optee-os/out/arm-plat-rockchip/export-ta_arm64/lib/libutils.a(memmove.o)
 .bss           0x00000000000392c9        0x0 /home/ynext/ethtokyo2026/bridgeos/sources/optee-os/out/arm-plat-rockchip/export-ta_arm64/lib/libutils.a(strcmp.o)
 .bss           0x00000000000392c9        0x0 /home/ynext/ethtokyo2026/bridgeos/sources/optee-os/out/arm-plat-rockchip/export-ta_arm64/lib/libutils.a(strlcpy.o)
 .bss           0x00000000000392c9        0x0 /home/ynext/ethtokyo2026/bridgeos/sources/optee-os/out/arm-plat-rockchip/export-ta_arm64/lib/libutils.a(mempool.o)
 .bss           0x00000000000392c9        0x0 /home/ynext/ethtokyo2026/bridgeos/sources/optee-os/out/arm-plat-rockchip/export-ta_arm64/lib/libutils.a(consttime_memcmp.o)
 .bss           0x00000000000392c9        0x0 /home/ynext/ethtokyo2026/bridgeos/sources/optee-os/out/arm-plat-rockchip/export-ta_arm64/lib/libutils.a(base64.o)
                0x00000000000392d0                . = ALIGN (0x8)
 *fill*         0x00000000000392c9        0x7 
                0x00000000000392d0                __ftrace_buf_start = .
                0x00000000000392d0                . = (. + DEFINED (_mcount)?0x800:0x0)
                0x00000000000392d0                __ftrace_buf_end = .

.dynbss         0x00000000000392d0        0x0
 .dynbss        0x00000000000392d0        0x0 ./osumania_signer_ta.o

/DISCARD/
 *(SORT_BY_ALIGNMENT(.interp))
LOAD ./osumania_signer_ta.o
LOAD ./keccak256.o
LOAD ./third_party/micro-ecc/uECC.o
LOAD ./device_root_dev.o
LOAD ./user_ta_header.o
START GROUP
LOAD /home/ynext/ethtokyo2026/bridgeos/sources/optee-os/out/arm-plat-rockchip/export-ta_arm64/lib/libutils.a
LOAD /home/ynext/ethtokyo2026/bridgeos/sources/optee-os/out/arm-plat-rockchip/export-ta_arm64/lib/libutee.a
LOAD /home/ynext/ethtokyo2026/bridgeos/sources/optee-os/out/arm-plat-rockchip/export-ta_arm64/lib/libmbedtls.a
LOAD /home/ynext/ethtokyo2026/bridgeos/sources/optee-os/out/arm-plat-rockchip/export-ta_arm64/lib/libdl.a
END GROUP
LOAD /home/ynext/ethtokyo2026/bridgeos/output-optee-runtime/host/bin/../lib/gcc/aarch64-buildroot-linux-gnu/14.3.0/libgcc.a
LOAD /home/ynext/ethtokyo2026/bridgeos/sources/optee-os/out/arm-plat-rockchip/export-ta_arm64/lib/libutils.a
OUTPUT(91fc6874-8551-4b42-a95d-6ee4a147f421.elf elf64-littleaarch64)
LOAD linker stubs

.debug_info     0x0000000000000000    0x2ceb9
 .debug_info    0x0000000000000000     0x17af ./osumania_signer_ta.o
 .debug_info    0x00000000000017af      0x60e ./keccak256.o
 .debug_info    0x0000000000001dbd     0x55f2 ./third_party/micro-ecc/uECC.o
 .debug_info    0x00000000000073af      0x1e6 ./device_root_dev.o
 .debug_info    0x0000000000007595      0x529 ./user_ta_header.o
 .debug_info    0x0000000000007abe      0x144 /home/ynext/ethtokyo2026/bridgeos/sources/optee-os/out/arm-plat-rockchip/export-ta_arm64/lib/libutils.a(stack_check.o)
 .debug_info    0x0000000000007c02      0x130 /home/ynext/ethtokyo2026/bridgeos/sources/optee-os/out/arm-plat-rockchip/export-ta_arm64/lib/libutils.a(memcpy.o)
 .debug_info    0x0000000000007d32       0xd3 /home/ynext/ethtokyo2026/bridgeos/sources/optee-os/out/arm-plat-rockchip/export-ta_arm64/lib/libutils.a(memset.o)
 .debug_info    0x0000000000007e05      0x70f /home/ynext/ethtokyo2026/bridgeos/sources/optee-os/out/arm-plat-rockchip/export-ta_arm64/lib/libutils.a(trace.o)
 .debug_info    0x0000000000008514      0x947 /home/ynext/ethtokyo2026/bridgeos/sources/optee-os/out/arm-plat-rockchip/export-ta_arm64/lib/libutils.a(snprintk.o)
 .debug_info    0x0000000000008e5b       0xff /home/ynext/ethtokyo2026/bridgeos/sources/optee-os/out/arm-plat-rockchip/export-ta_arm64/lib/libutils.a(memchr.o)
 .debug_info    0x0000000000008f5a       0xbf /home/ynext/ethtokyo2026/bridgeos/sources/optee-os/out/arm-plat-rockchip/export-ta_arm64/lib/libutils.a(strlen.o)
 .debug_info    0x0000000000009019      0x3d7 /home/ynext/ethtokyo2026/bridgeos/sources/optee-os/out/arm-plat-rockchip/export-ta_arm64/lib/libutee.a(trace_ext.o)
 .debug_info    0x00000000000093f0     0x2724 /home/ynext/ethtokyo2026/bridgeos/sources/optee-os/out/arm-plat-rockchip/export-ta_arm64/lib/libutee.a(tee_api.o)
 .debug_info    0x000000000000bb14     0x2efa /home/ynext/ethtokyo2026/bridgeos/sources/optee-os/out/arm-plat-rockchip/export-ta_arm64/lib/libutee.a(tee_api_objects.o)
 .debug_info    0x000000000000ea0e     0x5c3d /home/ynext/ethtokyo2026/bridgeos/sources/optee-os/out/arm-plat-rockchip/export-ta_arm64/lib/libutee.a(tee_api_operations.o)
 .debug_info    0x000000000001464b      0xa03 /home/ynext/ethtokyo2026/bridgeos/sources/optee-os/out/arm-plat-rockchip/export-ta_arm64/lib/libutee.a(tee_api_panic.o)
 .debug_info    0x000000000001504e      0x87e /home/ynext/ethtokyo2026/bridgeos/sources/optee-os/out/arm-plat-rockchip/export-ta_arm64/lib/libutee.a(tee_system_pta.o)
 .debug_info    0x00000000000158cc     0x1749 /home/ynext/ethtokyo2026/bridgeos/sources/optee-os/out/arm-plat-rockchip/export-ta_arm64/lib/libutee.a(user_ta_entry.o)
 .debug_info    0x0000000000017015      0x3b5 /home/ynext/ethtokyo2026/bridgeos/sources/optee-os/out/arm-plat-rockchip/export-ta_arm64/lib/libutee.a(utee_syscalls_a64.o)
 .debug_info    0x00000000000173ca       0xf1 /home/ynext/ethtokyo2026/bridgeos/sources/optee-os/out/arm-plat-rockchip/export-ta_arm64/lib/libutee.a(abort.o)
 .debug_info    0x00000000000174bb      0x1b5 /home/ynext/ethtokyo2026/bridgeos/sources/optee-os/out/arm-plat-rockchip/export-ta_arm64/lib/libutee.a(assert.o)
 .debug_info    0x0000000000017670     0x523b /home/ynext/ethtokyo2026/bridgeos/sources/optee-os/out/arm-plat-rockchip/export-ta_arm64/lib/libutee.a(tee_api_arith_mpi.o)
 .debug_info    0x000000000001c8ab     0x1985 /home/ynext/ethtokyo2026/bridgeos/sources/optee-os/out/arm-plat-rockchip/export-ta_arm64/lib/libutee.a(tee_api_property.o)
 .debug_info    0x000000000001e230      0x8b9 /home/ynext/ethtokyo2026/bridgeos/sources/optee-os/out/arm-plat-rockchip/export-ta_arm64/lib/libutee.a(tcb.o)
 .debug_info    0x000000000001eae9     0x598c /home/ynext/ethtokyo2026/bridgeos/sources/optee-os/out/arm-plat-rockchip/export-ta_arm64/lib/libmbedtls.a(bignum.o)
 .debug_info    0x0000000000024475     0x307f /home/ynext/ethtokyo2026/bridgeos/sources/optee-os/out/arm-plat-rockchip/export-ta_arm64/lib/libmbedtls.a(bignum_core.o)
 .debug_info    0x00000000000274f4      0xf5f /home/ynext/ethtokyo2026/bridgeos/sources/optee-os/out/arm-plat-rockchip/export-ta_arm64/lib/libmbedtls.a(constant_time.o)
 .debug_info    0x0000000000028453      0x259 /home/ynext/ethtokyo2026/bridgeos/sources/optee-os/out/arm-plat-rockchip/export-ta_arm64/lib/libmbedtls.a(platform_util.o)
 .debug_info    0x00000000000286ac     0x3716 /home/ynext/ethtokyo2026/bridgeos/sources/optee-os/out/arm-plat-rockchip/export-ta_arm64/lib/libutils.a(bget_malloc.o)
 .debug_info    0x000000000002bdc2      0x29f /home/ynext/ethtokyo2026/bridgeos/sources/optee-os/out/arm-plat-rockchip/export-ta_arm64/lib/libutils.a(snprintf.o)
 .debug_info    0x000000000002c061       0xfb /home/ynext/ethtokyo2026/bridgeos/sources/optee-os/out/arm-plat-rockchip/export-ta_arm64/lib/libutils.a(memmove.o)
 .debug_info    0x000000000002c15c       0xb4 /home/ynext/ethtokyo2026/bridgeos/sources/optee-os/out/arm-plat-rockchip/export-ta_arm64/lib/libutils.a(strcmp.o)
 .debug_info    0x000000000002c210      0x123 /home/ynext/ethtokyo2026/bridgeos/sources/optee-os/out/arm-plat-rockchip/export-ta_arm64/lib/libutils.a(strlcpy.o)
 .debug_info    0x000000000002c333      0x71b /home/ynext/ethtokyo2026/bridgeos/sources/optee-os/out/arm-plat-rockchip/export-ta_arm64/lib/libutils.a(mempool.o)
 .debug_info    0x000000000002ca4e      0x132 /home/ynext/ethtokyo2026/bridgeos/sources/optee-os/out/arm-plat-rockchip/export-ta_arm64/lib/libutils.a(consttime_memcmp.o)
 .debug_info    0x000000000002cb80      0x339 /home/ynext/ethtokyo2026/bridgeos/sources/optee-os/out/arm-plat-rockchip/export-ta_arm64/lib/libutils.a(base64.o)

.debug_abbrev   0x0000000000000000     0x5c04
 .debug_abbrev  0x0000000000000000      0x4ab ./osumania_signer_ta.o
 .debug_abbrev  0x00000000000004ab      0x248 ./keccak256.o
 .debug_abbrev  0x00000000000006f3      0x508 ./third_party/micro-ecc/uECC.o
 .debug_abbrev  0x0000000000000bfb       0xfc ./device_root_dev.o
 .debug_abbrev  0x0000000000000cf7      0x1fb ./user_ta_header.o
 .debug_abbrev  0x0000000000000ef2       0xb2 /home/ynext/ethtokyo2026/bridgeos/sources/optee-os/out/arm-plat-rockchip/export-ta_arm64/lib/libutils.a(stack_check.o)
 .debug_abbrev  0x0000000000000fa4       0xbb /home/ynext/ethtokyo2026/bridgeos/sources/optee-os/out/arm-plat-rockchip/export-ta_arm64/lib/libutils.a(memcpy.o)
 .debug_abbrev  0x000000000000105f       0xa3 /home/ynext/ethtokyo2026/bridgeos/sources/optee-os/out/arm-plat-rockchip/export-ta_arm64/lib/libutils.a(memset.o)
 .debug_abbrev  0x0000000000001102      0x2bf /home/ynext/ethtokyo2026/bridgeos/sources/optee-os/out/arm-plat-rockchip/export-ta_arm64/lib/libutils.a(trace.o)
 .debug_abbrev  0x00000000000013c1      0x2f9 /home/ynext/ethtokyo2026/bridgeos/sources/optee-os/out/arm-plat-rockchip/export-ta_arm64/lib/libutils.a(snprintk.o)
 .debug_abbrev  0x00000000000016ba       0xb4 /home/ynext/ethtokyo2026/bridgeos/sources/optee-os/out/arm-plat-rockchip/export-ta_arm64/lib/libutils.a(memchr.o)
 .debug_abbrev  0x000000000000176e       0x85 /home/ynext/ethtokyo2026/bridgeos/sources/optee-os/out/arm-plat-rockchip/export-ta_arm64/lib/libutils.a(strlen.o)
 .debug_abbrev  0x00000000000017f3      0x1c4 /home/ynext/ethtokyo2026/bridgeos/sources/optee-os/out/arm-plat-rockchip/export-ta_arm64/lib/libutee.a(trace_ext.o)
 .debug_abbrev  0x00000000000019b7      0x55f /home/ynext/ethtokyo2026/bridgeos/sources/optee-os/out/arm-plat-rockchip/export-ta_arm64/lib/libutee.a(tee_api.o)
 .debug_abbrev  0x0000000000001f16      0x3b0 /home/ynext/ethtokyo2026/bridgeos/sources/optee-os/out/arm-plat-rockchip/export-ta_arm64/lib/libutee.a(tee_api_objects.o)
 .debug_abbrev  0x00000000000022c6      0x530 /home/ynext/ethtokyo2026/bridgeos/sources/optee-os/out/arm-plat-rockchip/export-ta_arm64/lib/libutee.a(tee_api_operations.o)
 .debug_abbrev  0x00000000000027f6      0x21f /home/ynext/ethtokyo2026/bridgeos/sources/optee-os/out/arm-plat-rockchip/export-ta_arm64/lib/libutee.a(tee_api_panic.o)
 .debug_abbrev  0x0000000000002a15      0x2ae /home/ynext/ethtokyo2026/bridgeos/sources/optee-os/out/arm-plat-rockchip/export-ta_arm64/lib/libutee.a(tee_system_pta.o)
 .debug_abbrev  0x0000000000002cc3      0x595 /home/ynext/ethtokyo2026/bridgeos/sources/optee-os/out/arm-plat-rockchip/export-ta_arm64/lib/libutee.a(user_ta_entry.o)
 .debug_abbrev  0x0000000000003258       0x26 /home/ynext/ethtokyo2026/bridgeos/sources/optee-os/out/arm-plat-rockchip/export-ta_arm64/lib/libutee.a(utee_syscalls_a64.o)
 .debug_abbrev  0x000000000000327e       0x94 /home/ynext/ethtokyo2026/bridgeos/sources/optee-os/out/arm-plat-rockchip/export-ta_arm64/lib/libutee.a(abort.o)
 .debug_abbrev  0x0000000000003312       0xbd /home/ynext/ethtokyo2026/bridgeos/sources/optee-os/out/arm-plat-rockchip/export-ta_arm64/lib/libutee.a(assert.o)
 .debug_abbrev  0x00000000000033cf      0x53f /home/ynext/ethtokyo2026/bridgeos/sources/optee-os/out/arm-plat-rockchip/export-ta_arm64/lib/libutee.a(tee_api_arith_mpi.o)
 .debug_abbrev  0x000000000000390e      0x3a2 /home/ynext/ethtokyo2026/bridgeos/sources/optee-os/out/arm-plat-rockchip/export-ta_arm64/lib/libutee.a(tee_api_property.o)
 .debug_abbrev  0x0000000000003cb0      0x2c8 /home/ynext/ethtokyo2026/bridgeos/sources/optee-os/out/arm-plat-rockchip/export-ta_arm64/lib/libutee.a(tcb.o)
 .debug_abbrev  0x0000000000003f78      0x56d /home/ynext/ethtokyo2026/bridgeos/sources/optee-os/out/arm-plat-rockchip/export-ta_arm64/lib/libmbedtls.a(bignum.o)
 .debug_abbrev  0x00000000000044e5      0x586 /home/ynext/ethtokyo2026/bridgeos/sources/optee-os/out/arm-plat-rockchip/export-ta_arm64/lib/libmbedtls.a(bignum_core.o)
 .debug_abbrev  0x0000000000004a6b      0x397 /home/ynext/ethtokyo2026/bridgeos/sources/optee-os/out/arm-plat-rockchip/export-ta_arm64/lib/libmbedtls.a(constant_time.o)
 .debug_abbrev  0x0000000000004e02      0x153 /home/ynext/ethtokyo2026/bridgeos/sources/optee-os/out/arm-plat-rockchip/export-ta_arm64/lib/libmbedtls.a(platform_util.o)
 .debug_abbrev  0x0000000000004f55      0x498 /home/ynext/ethtokyo2026/bridgeos/sources/optee-os/out/arm-plat-rockchip/export-ta_arm64/lib/libutils.a(bget_malloc.o)