Archive member included to satisfy reference by file (symbol)

/home/ynext/bridgeos/sources/optee-os/out/arm-plat-rockchip/export-ta_arm64/lib/libutils.a(stack_check.o)
                              ./osumania_signer_ta.o (__stack_chk_fail)
/home/ynext/bridgeos/sources/optee-os/out/arm-plat-rockchip/export-ta_arm64/lib/libutils.a(memcpy.o)
                              ./keccak256.o (memcpy)
/home/ynext/bridgeos/sources/optee-os/out/arm-plat-rockchip/export-ta_arm64/lib/libutils.a(memset.o)
                              ./osumania_signer_ta.o (memset)
/home/ynext/bridgeos/sources/optee-os/out/arm-plat-rockchip/export-ta_arm64/lib/libutee.a(tee_api.o)
                              ./osumania_signer_ta.o (TEE_MemMove)
/home/ynext/bridgeos/sources/optee-os/out/arm-plat-rockchip/export-ta_arm64/lib/libutee.a(tee_api_objects.o)
                              ./osumania_signer_ta.o (TEE_AllocateTransientObject)
/home/ynext/bridgeos/sources/optee-os/out/arm-plat-rockchip/export-ta_arm64/lib/libutee.a(tee_api_operations.o)
                              ./osumania_signer_ta.o (TEE_FreeOperation)
/home/ynext/bridgeos/sources/optee-os/out/arm-plat-rockchip/export-ta_arm64/lib/libutee.a(tee_api_panic.o)
                              /home/ynext/bridgeos/sources/optee-os/out/arm-plat-rockchip/export-ta_arm64/lib/libutee.a(tee_api.o) (TEE_Panic)
/home/ynext/bridgeos/sources/optee-os/out/arm-plat-rockchip/export-ta_arm64/lib/libutee.a(tee_system_pta.o)
                              /home/ynext/bridgeos/sources/optee-os/out/arm-plat-rockchip/export-ta_arm64/lib/libutee.a(tee_api.o) (tee_map_zi)
/home/ynext/bridgeos/sources/optee-os/out/arm-plat-rockchip/export-ta_arm64/lib/libutee.a(user_ta_entry.o)
                              ./user_ta_header.o (__utee_entry)
/home/ynext/bridgeos/sources/optee-os/out/arm-plat-rockchip/export-ta_arm64/lib/libutee.a(utee_syscalls_a64.o)
                              /home/ynext/bridgeos/sources/optee-os/out/arm-plat-rockchip/export-ta_arm64/lib/libutils.a(stack_check.o) (_utee_panic)
/home/ynext/bridgeos/sources/optee-os/out/arm-plat-rockchip/export-ta_arm64/lib/libutee.a(abort.o)
                              /home/ynext/bridgeos/sources/optee-os/out/arm-plat-rockchip/export-ta_arm64/lib/libutee.a(user_ta_entry.o) (abort)
/home/ynext/bridgeos/sources/optee-os/out/arm-plat-rockchip/export-ta_arm64/lib/libutee.a(assert.o)
                              /home/ynext/bridgeos/sources/optee-os/out/arm-plat-rockchip/export-ta_arm64/lib/libutee.a(tee_api_operations.o) (_assert_log)
/home/ynext/bridgeos/sources/optee-os/out/arm-plat-rockchip/export-ta_arm64/lib/libutee.a(trace_ext.o)
                              /home/ynext/bridgeos/sources/optee-os/out/arm-plat-rockchip/export-ta_arm64/lib/libutee.a(abort.o) (puts)
/home/ynext/bridgeos/sources/optee-os/out/arm-plat-rockchip/export-ta_arm64/lib/libutee.a(tee_api_arith_mpi.o)
                              /home/ynext/bridgeos/sources/optee-os/out/arm-plat-rockchip/export-ta_arm64/lib/libutee.a(user_ta_entry.o) (_TEE_MathAPI_Init)
/home/ynext/bridgeos/sources/optee-os/out/arm-plat-rockchip/export-ta_arm64/lib/libutee.a(tee_api_property.o)
                              /home/ynext/bridgeos/sources/optee-os/out/arm-plat-rockchip/export-ta_arm64/lib/libutee.a(user_ta_entry.o) (TEE_GetPropertyAsU32)
/home/ynext/bridgeos/sources/optee-os/out/arm-plat-rockchip/export-ta_arm64/lib/libutee.a(tcb.o)
                              /home/ynext/bridgeos/sources/optee-os/out/arm-plat-rockchip/export-ta_arm64/lib/libutee.a(user_ta_entry.o) (__utee_tcb_init)
/home/ynext/bridgeos/sources/optee-os/out/arm-plat-rockchip/export-ta_arm64/lib/libmbedtls.a(bignum.o)
                              /home/ynext/bridgeos/sources/optee-os/out/arm-plat-rockchip/export-ta_arm64/lib/libutee.a(tee_api_arith_mpi.o) (mbedtls_mpi_init_mempool)
/home/ynext/bridgeos/sources/optee-os/out/arm-plat-rockchip/export-ta_arm64/lib/libmbedtls.a(bignum_core.o)
                              /home/ynext/bridgeos/sources/optee-os/out/arm-plat-rockchip/export-ta_arm64/lib/libmbedtls.a(bignum.o) (mbedtls_mpi_core_bitlen)
/home/ynext/bridgeos/sources/optee-os/out/arm-plat-rockchip/export-ta_arm64/lib/libmbedtls.a(constant_time.o)
                              /home/ynext/bridgeos/sources/optee-os/out/arm-plat-rockchip/export-ta_arm64/lib/libmbedtls.a(bignum.o) (mbedtls_ct_zero)
/home/ynext/bridgeos/sources/optee-os/out/arm-plat-rockchip/export-ta_arm64/lib/libmbedtls.a(platform_util.o)
                              /home/ynext/bridgeos/sources/optee-os/out/arm-plat-rockchip/export-ta_arm64/lib/libmbedtls.a(bignum.o) (mbedtls_platform_zeroize)
/home/ynext/bridgeos/sources/optee-os/out/arm-plat-rockchip/export-ta_arm64/lib/libutils.a(bget_malloc.o)
                              /home/ynext/bridgeos/sources/optee-os/out/arm-plat-rockchip/export-ta_arm64/lib/libutee.a(tee_api.o) (raw_malloc_flags)
/home/ynext/bridgeos/sources/optee-os/out/arm-plat-rockchip/export-ta_arm64/lib/libutils.a(snprintf.o)
[...]
Memory Configuration

Name             Origin             Length             Attributes
*default*        0x0000000000000000 0xffffffffffffffff

Linker script and memory map


.text           0x0000000000000000    0x15f40
                0x0000000000000000                __text_start = .
 *(SORT_BY_ALIGNMENT(.text) SORT_BY_ALIGNMENT(.text.*))
 .text          0x0000000000000000      0x104 /home/ynext/bridgeos/sources/optee-os/out/arm-plat-rockchip/export-ta_arm64/lib/libutils.a(memcpy.o)
                0x0000000000000000                memcpy
 .text          0x0000000000000104      0x9a0 ./osumania_signer_ta.o
                0x00000000000005e8                TA_CreateEntryPoint
                0x00000000000007dc                TA_DestroyEntryPoint
                0x0000000000000828                TA_OpenSessionEntryPoint
                0x0000000000000830                TA_CloseSessionEntryPoint
                0x0000000000000834                TA_InvokeCommandEntryPoint
 .text          0x0000000000000aa4      0x3b0 ./keccak256.o
                0x0000000000000cb8                osum_keccak256
 .text          0x0000000000000e54     0x2b90 ./third_party/micro-ecc/uECC.o
                0x0000000000002e38                uECC_set_rng
                0x0000000000002e44                uECC_get_rng
                0x0000000000002e50                uECC_curve_private_key_size
                0x0000000000002e64                uECC_curve_public_key_size
                0x0000000000002e70                uECC_secp256k1
                0x0000000000002e7c                uECC_make_key
                0x0000000000002f9c                uECC_shared_secret
                0x00000000000030f4                uECC_valid_public_key
                0x0000000000003244                uECC_compute_public_key
                0x0000000000003358                uECC_sign_with_k
                0x0000000000003410                uECC_sign
                0x00000000000034f4                uECC_sign_deterministic
                0x0000000000003500                uECC_sign_deterministic_recoverable
                0x0000000000003504                uECC_verify
 .text          0x00000000000039e4       0x24 ./device_root_dev.o
                0x00000000000039e4                osumania_platform_root_secret
 .text          0x0000000000003a08       0x88 ./user_ta_header.o
                0x0000000000003a08                __ta_entry
                0x0000000000003a88                tahead_get_trace_level
 .text          0x0000000000003a90       0x14 /home/ynext/bridgeos/sources/optee-os/out/arm-plat-rockchip/export-ta_arm64/lib/libutils.a(stack_check.o)
                0x0000000000003a90                __stack_chk_fail
 .text          0x0000000000003aa4       0x1c /home/ynext/bridgeos/sources/optee-os/out/arm-plat-rockchip/export-ta_arm64/lib/libutils.a(memset.o)
                0x0000000000003aa4                memset
 .text          0x0000000000003ac0     0x107c /home/ynext/bridgeos/sources/optee-os/out/arm-plat-rockchip/export-ta_arm64/lib/libutee.a(tee_api.o)
                0x0000000000003e54                TEE_CloseTASession
                0x0000000000003e7c                TEE_GetCancellationFlag
                0x0000000000003ee4                TEE_UnmaskCancellation
                0x0000000000003f4c                TEE_MaskCancellation
                0x0000000000003fb4                TEE_CheckMemoryAccessRights
                0x00000000000041e0                TEE_OpenTASession
                0x0000000000004340                __GP11_TEE_OpenTASession
                0x0000000000004490                TEE_InvokeTACommand
                0x0000000000004620                __GP11_TEE_InvokeTACommand
                0x00000000000047a0                __GP11_TEE_CheckMemoryAccessRights
                0x00000000000047a8                TEE_SetInstanceData
                0x00000000000047b4                TEE_GetInstanceData
                0x00000000000047c0                TEE_MemMove
                0x00000000000047c4                __GP11_TEE_MemMove
                0x00000000000047cc                TEE_MemCompare
                0x00000000000047d0                __GP11_TEE_MemCompare
                0x00000000000047d8                TEE_MemFill
                0x00000000000047dc                __GP11_TEE_MemFill
                0x00000000000047e4                TEE_GetSystemTime
                0x000000000000480c                TEE_Wait
                0x0000000000004848                TEE_GetTAPersistentTime
                0x00000000000048c0                TEE_SetTAPersistentTime
                0x0000000000004904                TEE_GetREETime
                0x000000000000492c                TEE_Malloc
                0x00000000000049e8                __GP11_TEE_Malloc
                0x00000000000049f0                TEE_Free
                0x0000000000004a4c                TEE_Realloc
                0x0000000000004b1c                __GP11_TEE_Realloc
                0x0000000000004b24                TEE_CacheClean
                0x0000000000004b2c                TEE_CacheFlush
                0x0000000000004b34                TEE_CacheInvalidate
 .text          0x0000000000004b3c     0x1a9c /home/ynext/bridgeos/sources/optee-os/out/arm-plat-rockchip/export-ta_arm64/lib/libutee.a(tee_api_objects.o)
                0x0000000000004b3c                __utee_from_attr
                0x0000000000004b8c                __utee_from_gp11_attr
                0x0000000000004bdc                TEE_GetObjectInfo
                0x0000000000004c90                __GP11_TEE_GetObjectInfo
                0x0000000000004d4c                TEE_GetObjectInfo1
                0x0000000000004df4                __GP11_TEE_GetObjectInfo1
                0x0000000000004ea4                TEE_RestrictObjectUsage1
                0x0000000000004ee8                TEE_RestrictObjectUsage
                0x0000000000004f80                TEE_GetObjectBufferAttribute
                0x0000000000005090                __GP11_TEE_GetObjectBufferAttribute
                0x0000000000005134                TEE_GetObjectValueAttribute
                0x0000000000005274                TEE_CloseObject
                0x000000000000529c                __GP11_TEE_AllocateTransientObject
                0x0000000000005358                TEE_AllocateTransientObject
                0x0000000000005374                TEE_FreeTransientObject
                0x000000000000540c                TEE_ResetTransientObject
                0x00000000000054a4                TEE_PopulateTransientObject
                0x00000000000055b8                __GP11_TEE_PopulateTransientObject
                0x00000000000056cc                TEE_InitRefAttribute
                0x0000000000005718                __GP11_TEE_InitRefAttribute
                0x0000000000005768                TEE_InitValueAttribute
                0x00000000000057b4                __GP11_TEE_InitValueAttribute
                0x0000000000005800                TEE_CopyObjectAttributes1
                0x0000000000005900                TEE_CopyObjectAttributes
                0x000000000000599c                TEE_GenerateKey
                0x0000000000005a70                __GP11_TEE_GenerateKey
                0x0000000000005b44                TEE_OpenPersistentObject
                0x0000000000005c40                __GP11_TEE_OpenPersistentObject
                0x0000000000005c48                TEE_CreatePersistentObject
                0x0000000000005d94                __GP11_TEE_CreatePersistentObject
                0x0000000000005e10                TEE_CloseAndDeletePersistentObject1
                0x0000000000005e58                TEE_CloseAndDeletePersistentObject
                0x0000000000005e84                TEE_RenamePersistentObject
                0x0000000000005ee0                __GP11_TEE_RenamePersistentObject
                0x0000000000005ee8                TEE_AllocatePersistentObjectEnumerator
                0x0000000000005f80                TEE_FreePersistentObjectEnumerator
                0x0000000000005fa8                TEE_ResetPersistentObjectEnumerator
                0x0000000000005fd0                TEE_StartPersistentObjectEnumerator
                0x0000000000006020                TEE_GetNextPersistentObject
                0x0000000000006138                __GP11_TEE_GetNextPersistentObject
                0x0000000000006258                TEE_ReadObjectData
                0x0000000000006328                __GP11_TEE_ReadObjectData
                0x00000000000063cc                TEE_WriteObjectData
                0x0000000000006444                __GP11_TEE_WriteObjectData
                0x000000000000644c                TEE_TruncateObjectData
                0x00000000000064a8                __GP11_TEE_TruncateObjectData
                0x00000000000064b0                TEE_SeekObjectData
                0x00000000000065d0                __GP11_TEE_SeekObjectData
 .text          0x00000000000065d8     0x45cc /home/ynext/bridgeos/sources/optee-os/out/arm-plat-rockchip/export-ta_arm64/lib/libutee.a(tee_api_operations.o)
                0x0000000000006d44                TEE_FreeOperation
                0x0000000000006d84                TEE_AllocateOperation
                0x00000000000078dc                __GP11_TEE_FreeOperation
                0x0000000000007908                TEE_GetOperationInfo
                0x000000000000795c                TEE_GetOperationInfoMultiple
                0x0000000000007b10                __GP11_TEE_GetOperationInfoMultiple
                0x0000000000007ba4                TEE_ResetOperation
                0x0000000000007be0                TEE_SetOperationKey
                0x0000000000007c1c                __GP11_TEE_SetOperationKey
                0x0000000000007c58                __GP11_TEE_SetOperationKey2
                0x0000000000007e80                TEE_SetOperationKey2
                0x0000000000007ea0                TEE_CopyOperation
                0x0000000000007ffc                TEE_DigestUpdate
                0x000000000000806c                __GP11_TEE_DigestUpdate
                0x0000000000008074                TEE_DigestDoFinal
                0x00000000000081e8                __GP11_TEE_DigestDoFinal
                0x0000000000008294                TEE_DigestExtract
                0x0000000000008444                TEE_CipherInit
                0x0000000000008520                __GP11_TEE_CipherInit
                0x0000000000008528                TEE_CipherUpdate
                0x0000000000008718                __GP11_TEE_CipherUpdate
                0x00000000000087c4                TEE_CipherDoFinal
                0x00000000000089dc                __GP11_TEE_CipherDoFinal
                0x0000000000008a94                TEE_MACInit
                0x0000000000008b38                __GP11_TEE_MACInit
                0x0000000000008b40                TEE_MACUpdate
                0x0000000000008be0                __GP11_TEE_MACUpdate
                0x0000000000008be8                TEE_MACComputeFinal
                0x0000000000008d00                __GP11_TEE_MACComputeFinal
                0x0000000000008dac                TEE_MACCompareFinal
                0x0000000000008ed4                __GP11_TEE_MACCompareFinal
                0x0000000000008ee0                TEE_AEInit
                0x0000000000008fa4                __GP11_TEE_AEInit
                0x0000000000008fb4                TEE_AEUpdateAAD
                0x0000000000009050                __GP11_TEE_AEUpdateAAD
                0x00000000000090e4                TEE_AEUpdate
                0x00000000000091b0                __GP11_TEE_AEUpdate
                0x00000000000092b8                TEE_AEEncryptFinal
                0x00000000000094bc                __GP11_TEE_AEEncryptFinal
                0x000000000000959c                TEE_AEDecryptFinal
                0x000000000000976c                __GP11_TEE_AEDecryptFinal
                0x0000000000009830                TEE_AsymmetricEncrypt
                0x00000000000099c0                __GP11_TEE_AsymmetricEncrypt
                0x0000000000009b38                TEE_AsymmetricDecrypt
                0x0000000000009ccc                __GP11_TEE_AsymmetricDecrypt
                0x0000000000009e48                TEE_AsymmetricSignDigest
                0x0000000000009fb8                __GP11_TEE_AsymmetricSignDigest
                0x000000000000a128                TEE_AsymmetricVerifyDigest
                0x000000000000a284                __GP11_TEE_AsymmetricVerifyDigest
                0x000000000000a3e0                TEE_DeriveKey
                0x000000000000a55c                __GP11_TEE_DeriveKey
                0x000000000000a6d8                TEE_GenerateRandom
                0x000000000000a6f8                __GP11_TEE_GenerateRandom
                0x000000000000a700                rand
                0x000000000000a764                TEE_IsAlgorithmSupported
 .text          0x000000000000aba4      0x1b8 /home/ynext/bridgeos/sources/optee-os/out/arm-plat-rockchip/export-ta_arm64/lib/libutee.a(tee_api_panic.o)
                0x000000000000abc0                TEE_Panic
                0x000000000000abd0                __utee_check_outbuf_annotation
                0x000000000000ac2c                __utee_check_gp11_outbuf_annotation
                0x000000000000ac88                __utee_check_instring_annotation
                0x000000000000acc8                __utee_check_outstring_annotation
                0x000000000000accc                __utee_check_gp11_outstring_annotation
                0x000000000000acd0                __utee_check_out_annotation
                0x000000000000acfc                __utee_check_attr_in_annotation
                0x000000000000ad2c                __utee_check_gp11_attr_in_annotation
                0x000000000000ad30                __utee_check_inout_annotation
 .text          0x000000000000ad5c      0x2a4 /home/ynext/bridgeos/sources/optee-os/out/arm-plat-rockchip/export-ta_arm64/lib/libutee.a(tee_system_pta.o)
                0x000000000000ade0                tee_map_zi
                0x000000000000ae94                tee_unmap
                0x000000000000af1c                tee_invoke_supp_plugin
 .text          0x000000000000b000      0x750 /home/ynext/bridgeos/sources/optee-os/out/arm-plat-rockchip/export-ta_arm64/lib/libutee.a(user_ta_entry.o)
                0x000000000000b2b4                __utee_call_elf_init_fn
                0x000000000000b408                __utee_call_elf_fini_fn
                0x000000000000b4ac                __utee_entry
 .text._utee_panic
                0x000000000000b750        0xc /home/ynext/bridgeos/sources/optee-os/out/arm-plat-rockchip/export-ta_arm64/lib/libutee.a(utee_syscalls_a64.o)
                0x000000000000b750                _utee_panic
 .text._utee_return
                0x000000000000b75c        0xc /home/ynext/bridgeos/sources/optee-os/out/arm-plat-rockchip/export-ta_arm64/lib/libutee.a(utee_syscalls_a64.o)
                0x000000000000b75c                _utee_return
 .text._utee_log
                0x000000000000b768        0xc /home/ynext/bridgeos/sources/optee-os/out/arm-plat-rockchip/export-ta_arm64/lib/libutee.a(utee_syscalls_a64.o)
                0x000000000000b768                _utee_log
 .text.__utee_panic
                0x000000000000b774        0xc /home/ynext/bridgeos/sources/optee-os/out/arm-plat-rockchip/export-ta_arm64/lib/libutee.a(utee_syscalls_a64.o)
                0x000000000000b774                __utee_panic
 .text._utee_get_property
                0x000000000000b780        0xc /home/ynext/bridgeos/sources/optee-os/out/arm-plat-rockchip/export-ta_arm64/lib/libutee.a(utee_syscalls_a64.o)
                0x000000000000b780                _utee_get_property
 .text._utee_get_property_name_to_index
                0x000000000000b78c        0xc /home/ynext/bridgeos/sources/optee-os/out/arm-plat-rockchip/export-ta_arm64/lib/libutee.a(utee_syscalls_a64.o)
                0x000000000000b78c                _utee_get_property_name_to_index
 .text._utee_open_ta_session
                0x000000000000b798        0xc /home/ynext/bridgeos/sources/optee-os/out/arm-plat-rockchip/export-ta_arm64/lib/libutee.a(utee_syscalls_a64.o)
                0x000000000000b798                _utee_open_ta_session
 .text._utee_close_ta_session
                0x000000000000b7a4        0xc /home/ynext/bridgeos/sources/optee-os/out/arm-plat-rockchip/export-ta_arm64/lib/libutee.a(utee_syscalls_a64.o)
                0x000000000000b7a4                _utee_close_ta_session
 .text._utee_invoke_ta_command
                0x000000000000b7b0        0xc /home/ynext/bridgeos/sources/optee-os/out/arm-plat-rockchip/export-ta_arm64/lib/libutee.a(utee_syscalls_a64.o)
                0x000000000000b7b0                _utee_invoke_ta_command
 .text._utee_get_cancellation_flag
                0x000000000000b7bc        0xc /home/ynext/bridgeos/sources/optee-os/out/arm-plat-rockchip/export-ta_arm64/lib/libutee.a(utee_syscalls_a64.o)
                0x000000000000b7bc                _utee_get_cancellation_flag
 .text._utee_check_access_rights
                0x000000000000b7c8        0xc /home/ynext/bridgeos/sources/optee-os/out/arm-plat-rockchip/export-ta_arm64/lib/libutee.a(utee_syscalls_a64.o)
                0x000000000000b7c8                _utee_check_access_rights
 .text._utee_unmask_cancellation
                0x000000000000b7d4        0xc /home/ynext/bridgeos/sources/optee-os/out/arm-plat-rockchip/export-ta_arm64/lib/libutee.a(utee_syscalls_a64.o)
                0x000000000000b7d4                _utee_unmask_cancellation
 .text._utee_mask_cancellation
                0x000000000000b7e0        0xc /home/ynext/bridgeos/sources/optee-os/out/arm-plat-rockchip/export-ta_arm64/lib/libutee.a(utee_syscalls_a64.o)
                0x000000000000b7e0                _utee_mask_cancellation
 .text._utee_wait
                0x000000000000b7ec        0xc /home/ynext/bridgeos/sources/optee-os/out/arm-plat-rockchip/export-ta_arm64/lib/libutee.a(utee_syscalls_a64.o)
                0x000000000000b7ec                _utee_wait
 .text._utee_get_time
                0x000000000000b7f8        0xc /home/ynext/bridgeos/sources/optee-os/out/arm-plat-rockchip/export-ta_arm64/lib/libutee.a(utee_syscalls_a64.o)
                0x000000000000b7f8                _utee_get_time
 .text._utee_set_ta_time
                0x000000000000b804        0xc /home/ynext/bridgeos/sources/optee-os/out/arm-plat-rockchip/export-ta_arm64/lib/libutee.a(utee_syscalls_a64.o)
                0x000000000000b804                _utee_set_ta_time
 .text._utee_cryp_state_alloc
                0x000000000000b810        0xc /home/ynext/bridgeos/sources/optee-os/out/arm-plat-rockchip/export-ta_arm64/lib/libutee.a(utee_syscalls_a64.o)
                0x000000000000b810                _utee_cryp_state_alloc
 .text._utee_cryp_state_copy
                0x000000000000b81c        0xc /home/ynext/bridgeos/sources/optee-os/out/arm-plat-rockchip/export-ta_arm64/lib/libutee.a(utee_syscalls_a64.o)
                0x000000000000b81c                _utee_cryp_state_copy
 .text._utee_cryp_state_free
                0x000000000000b828        0xc /home/ynext/bridgeos/sources/optee-os/out/arm-plat-rockchip/export-ta_arm64/lib/libutee.a(utee_syscalls_a64.o)
                0x000000000000b828                _utee_cryp_state_free
 .text._utee_hash_init
                0x000000000000b834        0xc /home/ynext/bridgeos/sources/optee-os/out/arm-plat-rockchip/export-ta_arm64/lib/libutee.a(utee_syscalls_a64.o)
                0x000000000000b834                _utee_hash_init
 .text._utee_hash_update
                0x000000000000b840        0xc /home/ynext/bridgeos/sources/optee-os/out/arm-plat-rockchip/export-ta_arm64/lib/libutee.a(utee_syscalls_a64.o)
                0x000000000000b840                _utee_hash_update
 .text._utee_hash_final
                0x000000000000b84c        0xc /home/ynext/bridgeos/sources/optee-os/out/arm-plat-rockchip/export-ta_arm64/lib/libutee.a(utee_syscalls_a64.o)
                0x000000000000b84c                _utee_hash_final
 .text._utee_cipher_init
                0x000000000000b858        0xc /home/ynext/bridgeos/sources/optee-os/out/arm-plat-rockchip/export-ta_arm64/lib/libutee.a(utee_syscalls_a64.o)
                0x000000000000b858                _utee_cipher_init
 .text._utee_cipher_update
                0x000000000000b864        0xc /home/ynext/bridgeos/sources/optee-os/out/arm-plat-rockchip/export-ta_arm64/lib/libutee.a(utee_syscalls_a64.o)
                0x000000000000b864                _utee_cipher_update
 .text._utee_cipher_final
                0x000000000000b870        0xc /home/ynext/bridgeos/sources/optee-os/out/arm-plat-rockchip/export-ta_arm64/lib/libutee.a(utee_syscalls_a64.o)
                0x000000000000b870                _utee_cipher_final
 .text._utee_cryp_obj_get_info
                0x000000000000b87c        0xc /home/ynext/bridgeos/sources/optee-os/out/arm-plat-rockchip/export-ta_arm64/lib/libutee.a(utee_syscalls_a64.o)
                0x000000000000b87c                _utee_cryp_obj_get_info
 .text._utee_cryp_obj_restrict_usage
                0x000000000000b888        0xc /home/ynext/bridgeos/sources/optee-os/out/arm-plat-rockchip/export-ta_arm64/lib/libutee.a(utee_syscalls_a64.o)
                0x000000000000b888                _utee_cryp_obj_restrict_usage
 .text._utee_cryp_obj_get_attr
                0x000000000000b894        0xc /home/ynext/bridgeos/sources/optee-os/out/arm-plat-rockchip/export-ta_arm64/lib/libutee.a(utee_syscalls_a64.o)
                0x000000000000b894                _utee_cryp_obj_get_attr
 .text._utee_cryp_obj_alloc
                0x000000000000b8a0        0xc /home/ynext/bridgeos/sources/optee-os/out/arm-plat-rockchip/export-ta_arm64/lib/libutee.a(utee_syscalls_a64.o)
                0x000000000000b8a0                _utee_cryp_obj_alloc
 .text._utee_cryp_obj_close
                0x000000000000b8ac        0xc /home/ynext/bridgeos/sources/optee-os/out/arm-plat-rockchip/export-ta_arm64/lib/libutee.a(utee_syscalls_a64.o)
                0x000000000000b8ac                _utee_cryp_obj_close
 .text._utee_cryp_obj_reset
                0x000000000000b8b8        0xc /home/ynext/bridgeos/sources/optee-os/out/arm-plat-rockchip/export-ta_arm64/lib/libutee.a(utee_syscalls_a64.o)
                0x000000000000b8b8                _utee_cryp_obj_reset
 .text._utee_cryp_obj_populate
                0x000000000000b8c4        0xc /home/ynext/bridgeos/sources/optee-os/out/arm-plat-rockchip/export-ta_arm64/lib/libutee.a(utee_syscalls_a64.o)
                0x000000000000b8c4                _utee_cryp_obj_populate
 .text._utee_cryp_obj_copy
                0x000000000000b8d0        0xc /home/ynext/bridgeos/sources/optee-os/out/arm-plat-rockchip/export-ta_arm64/lib/libutee.a(utee_syscalls_a64.o)
                0x000000000000b8d0                _utee_cryp_obj_copy
 .text._utee_cryp_derive_key
                0x000000000000b8dc        0xc /home/ynext/bridgeos/sources/optee-os/out/arm-plat-rockchip/export-ta_arm64/lib/libutee.a(utee_syscalls_a64.o)
                0x000000000000b8dc                _utee_cryp_derive_key
 .text._utee_cryp_random_number_generate
                0x000000000000b8e8        0xc /home/ynext/bridgeos/sources/optee-os/out/arm-plat-rockchip/export-ta_arm64/lib/libutee.a(utee_syscalls_a64.o)
                0x000000000000b8e8                _utee_cryp_random_number_generate
 .text._utee_authenc_init
                0x000000000000b8f4        0xc /home/ynext/bridgeos/sources/optee-os/out/arm-plat-rockchip/export-ta_arm64/lib/libutee.a(utee_syscalls_a64.o)
                0x000000000000b8f4                _utee_authenc_init
 .text._utee_authenc_update_aad
                0x000000000000b900        0xc /home/ynext/bridgeos/sources/optee-os/out/arm-plat-rockchip/export-ta_arm64/lib/libutee.a(utee_syscalls_a64.o)
                0x000000000000b900                _utee_authenc_update_aad
 .text._utee_authenc_update_payload
                0x000000000000b90c        0xc /home/ynext/bridgeos/sources/optee-os/out/arm-plat-rockchip/export-ta_arm64/lib/libutee.a(utee_syscalls_a64.o)
                0x000000000000b90c                _utee_authenc_update_payload
 .text._utee_authenc_enc_final
                0x000000000000b918        0xc /home/ynext/bridgeos/sources/optee-os/out/arm-plat-rockchip/export-ta_arm64/lib/libutee.a(utee_syscalls_a64.o)
                0x000000000000b918                _utee_authenc_enc_final
 .text._utee_authenc_dec_final
                0x000000000000b924        0xc /home/ynext/bridgeos/sources/optee-os/out/arm-plat-rockchip/export-ta_arm64/lib/libutee.a(utee_syscalls_a64.o)
                0x000000000000b924                _utee_authenc_dec_final
 .text._utee_asymm_operate
                0x000000000000b930        0xc /home/ynext/bridgeos/sources/optee-os/out/arm-plat-rockchip/export-ta_arm64/lib/libutee.a(utee_syscalls_a64.o)
                0x000000000000b930                _utee_asymm_operate
 .text._utee_asymm_verify
                0x000000000000b93c        0xc /home/ynext/bridgeos/sources/optee-os/out/arm-plat-rockchip/export-ta_arm64/lib/libutee.a(utee_syscalls_a64.o)
                0x000000000000b93c                _utee_asymm_verify
 .text._utee_storage_obj_open
                0x000000000000b948        0xc /home/ynext/bridgeos/sources/optee-os/out/arm-plat-rockchip/export-ta_arm64/lib/libutee.a(utee_syscalls_a64.o)
                0x000000000000b948                _utee_storage_obj_open
 .text._utee_storage_obj_create
                0x000000000000b954        0xc /home/ynext/bridgeos/sources/optee-os/out/arm-plat-rockchip/export-ta_arm64/lib/libutee.a(utee_syscalls_a64.o)
                0x000000000000b954                _utee_storage_obj_create
 .text._utee_storage_obj_del
                0x000000000000b960        0xc /home/ynext/bridgeos/sources/optee-os/out/arm-plat-rockchip/export-ta_arm64/lib/libutee.a(utee_syscalls_a64.o)
                0x000000000000b960                _utee_storage_obj_del
 .text._utee_storage_obj_rename
                0x000000000000b96c        0xc /home/ynext/bridgeos/sources/optee-os/out/arm-plat-rockchip/export-ta_arm64/lib/libutee.a(utee_syscalls_a64.o)
                0x000000000000b96c                _utee_storage_obj_rename
 .text._utee_storage_alloc_enum
                0x000000000000b978        0xc /home/ynext/bridgeos/sources/optee-os/out/arm-plat-rockchip/export-ta_arm64/lib/libutee.a(utee_syscalls_a64.o)
                0x000000000000b978                _utee_storage_alloc_enum
 .text._utee_storage_free_enum
                0x000000000000b984        0xc /home/ynext/bridgeos/sources/optee-os/out/arm-plat-rockchip/export-ta_arm64/lib/libutee.a(utee_syscalls_a64.o)
                0x000000000000b984                _utee_storage_free_enum
 .text._utee_storage_reset_enum
                0x000000000000b990        0xc /home/ynext/bridgeos/sources/optee-os/out/arm-plat-rockchip/export-ta_arm64/lib/libutee.a(utee_syscalls_a64.o)
                0x000000000000b990                _utee_storage_reset_enum
 .text._utee_storage_start_enum
                0x000000000000b99c        0xc /home/ynext/bridgeos/sources/optee-os/out/arm-plat-rockchip/export-ta_arm64/lib/libutee.a(utee_syscalls_a64.o)
                0x000000000000b99c                _utee_storage_start_enum
 .text._utee_storage_next_enum
                0x000000000000b9a8        0xc /home/ynext/bridgeos/sources/optee-os/out/arm-plat-rockchip/export-ta_arm64/lib/libutee.a(utee_syscalls_a64.o)
                0x000000000000b9a8                _utee_storage_next_enum
 .text._utee_storage_obj_read
                0x000000000000b9b4        0xc /home/ynext/bridgeos/sources/optee-os/out/arm-plat-rockchip/export-ta_arm64/lib/libutee.a(utee_syscalls_a64.o)
                0x000000000000b9b4                _utee_storage_obj_read
 .text._utee_storage_obj_write
                0x000000000000b9c0        0xc /home/ynext/bridgeos/sources/optee-os/out/arm-plat-rockchip/export-ta_arm64/lib/libutee.a(utee_syscalls_a64.o)
                0x000000000000b9c0                _utee_storage_obj_write
 .text._utee_storage_obj_trunc
                0x000000000000b9cc        0xc /home/ynext/bridgeos/sources/optee-os/out/arm-plat-rockchip/export-ta_arm64/lib/libutee.a(utee_syscalls_a64.o)
                0x000000000000b9cc                _utee_storage_obj_trunc
 .text._utee_storage_obj_seek
                0x000000000000b9d8        0xc /home/ynext/bridgeos/sources/optee-os/out/arm-plat-rockchip/export-ta_arm64/lib/libutee.a(utee_syscalls_a64.o)
                0x000000000000b9d8                _utee_storage_obj_seek
 .text._utee_cryp_obj_generate_key
                0x000000000000b9e4        0xc /home/ynext/bridgeos/sources/optee-os/out/arm-plat-rockchip/export-ta_arm64/lib/libutee.a(utee_syscalls_a64.o)
                0x000000000000b9e4                _utee_cryp_obj_generate_key
 .text._utee_cache_operation
                0x000000000000b9f0        0xc /home/ynext/bridgeos/sources/optee-os/out/arm-plat-rockchip/export-ta_arm64/lib/libutee.a(utee_syscalls_a64.o)
                0x000000000000b9f0                _utee_cache_operation
 .text.unlikely
                0x000000000000b9fc       0x20 /home/ynext/bridgeos/sources/optee-os/out/arm-plat-rockchip/export-ta_arm64/lib/libutee.a(abort.o)
                0x000000000000b9fc                abort
 .text          0x000000000000ba1c       0x18 /home/ynext/bridgeos/sources/optee-os/out/arm-plat-rockchip/export-ta_arm64/lib/libutee.a(assert.o)
                0x000000000000ba1c                _assert_log
                0x000000000000ba20                _assert_break
 .text          0x000000000000ba34       0x1c /home/ynext/bridgeos/sources/optee-os/out/arm-plat-rockchip/export-ta_arm64/lib/libutee.a(trace_ext.o)
                0x000000000000ba34                trace_ext_puts
                0x000000000000ba38                printf
                0x000000000000ba40                puts
                0x000000000000ba48                putchar
 .text          0x000000000000ba50     0x2224 /home/ynext/bridgeos/sources/optee-os/out/arm-plat-rockchip/export-ta_arm64/lib/libutee.a(tee_api_arith_mpi.o)
                0x000000000000c2b8                _TEE_MathAPI_Init
                0x000000000000c308                TEE_BigIntInit
                0x000000000000c368                __GP11_TEE_BigIntInit
                0x000000000000c370                TEE_BigIntConvertFromOctetString
                0x000000000000c440                __GP11_TEE_BigIntConvertFromOctetString
                0x000000000000c448                TEE_BigIntConvertToOctetString
                0x000000000000c518                __GP11_TEE_BigIntConvertToOctetString
                0x000000000000c584                TEE_BigIntConvertFromS32
                0x000000000000c640                TEE_BigIntConvertToS32
                0x000000000000c704                TEE_BigIntCmp
                0x000000000000c7a4                TEE_BigIntCmpS32
                0x000000000000ca10                TEE_BigIntShiftRight
                0x000000000000cbb8                __GP11_TEE_BigIntShiftRight
                0x000000000000cbc0                TEE_BigIntGetBit
                0x000000000000cc4c                TEE_BigIntGetBitCount
                0x000000000000cccc                TEE_BigIntSetBit
                0x000000000000cd80                TEE_BigIntAssign
                0x000000000000cdd0                TEE_BigIntAbs
                0x000000000000cdfc                TEE_BigIntAdd
                0x000000000000ce08                TEE_BigIntSub
                0x000000000000ce14                TEE_BigIntNeg
                0x000000000000cf00                TEE_BigIntMul
                0x000000000000d020                TEE_BigIntSquare
                0x000000000000d028                TEE_BigIntDiv
                0x000000000000d1e4                TEE_BigIntMod
                0x000000000000d250                TEE_BigIntAddMod
                0x000000000000d25c                TEE_BigIntSubMod
                0x000000000000d268                TEE_BigIntMulMod
                0x000000000000d274                TEE_BigIntSquareMod
                0x000000000000d280                TEE_BigIntInvMod
                0x000000000000d3d8                TEE_BigIntRelativePrime
                0x000000000000d4e8                TEE_BigIntExpMod
                0x000000000000d6c0                TEE_BigIntComputeExtendedGcd
                0x000000000000d938                TEE_BigIntIsProbablePrime
                0x000000000000d9d8                TEE_BigIntInitFMM
                0x000000000000d9dc                __GP11_TEE_BigIntInitFMM
                0x000000000000d9e4                TEE_BigIntInitFMMContext
                0x000000000000d9e8                __GP11_TEE_BigIntInitFMMContext
                0x000000000000d9f0                TEE_BigIntInitFMMContext1
                0x000000000000d9f8                TEE_BigIntFMMSizeInU32
                0x000000000000da08                __GP11_TEE_BigIntFMMSizeInU32
                0x000000000000da20                TEE_BigIntFMMContextSizeInU32
                0x000000000000da28                __GP11_TEE_BigIntFMMContextSizeInU32
                0x000000000000da40                TEE_BigIntConvertToFMM
                0x000000000000da44                TEE_BigIntConvertFromFMM
                0x000000000000db20                TEE_BigIntComputeFMM
 .text          0x000000000000dc74     0x1000 /home/ynext/bridgeos/sources/optee-os/out/arm-plat-rockchip/export-ta_arm64/lib/libutee.a(tee_api_property.o)
                0x000000000000e048                TEE_GetPropertyAsString
                0x000000000000e2bc                __GP11_TEE_GetPropertyAsString
                0x000000000000e360                TEE_GetPropertyAsBool
                0x000000000000e43c                TEE_GetPropertyAsU32
                0x000000000000e528                TEE_GetPropertyAsU64
                0x000000000000e614                __GP11_TEE_GetPropertyAsBinaryBlock
                0x000000000000e704                TEE_GetPropertyAsBinaryBlock
                0x000000000000e7a8                TEE_GetPropertyAsUUID
                0x000000000000e894                TEE_GetPropertyAsIdentity
                0x000000000000e980                TEE_ResetPropertyEnumerator
                0x000000000000e98c                TEE_AllocatePropertyEnumerator
                0x000000000000e9d4                TEE_FreePropertyEnumerator
                0x000000000000e9d8                TEE_StartPropertyEnumerator
                0x000000000000e9e8                __GP11_TEE_GetPropertyName
                0x000000000000eb0c                TEE_GetPropertyName
                0x000000000000eba0                TEE_GetNextProperty
 .text          0x000000000000ec74      0x308 /home/ynext/bridgeos/sources/optee-os/out/arm-plat-rockchip/export-ta_arm64/lib/libutee.a(tcb.o)
                0x000000000000ec74                __utee_tcb_init
                0x000000000000ee90                __tls_get_addr
                0x000000000000eeac                dl_iterate_phdr
 .text          0x000000000000ef7c     0x3514 /home/ynext/bridgeos/sources/optee-os/out/arm-plat-rockchip/export-ta_arm64/lib/libmbedtls.a(bignum.o)
                0x000000000000efd4                mbedtls_mpi_lt_mpi_ct
                0x000000000000f0b8                mbedtls_mpi_init
                0x000000000000f0cc                mbedtls_mpi_init_mempool
                0x000000000000f0f4                mbedtls_mpi_free
                0x000000000000f15c                mbedtls_mpi_grow
                0x000000000000f24c                mbedtls_mpi_safe_cond_assign
                0x000000000000f2ec                mbedtls_mpi_safe_cond_swap
                0x000000000000f408                mbedtls_mpi_shrink
                0x000000000000f534                mbedtls_mpi_copy
                0x000000000000f610                mbedtls_mpi_swap
                0x000000000000f6a4                mbedtls_mpi_lset
                0x000000000000f710                mbedtls_mpi_get_bit
                0x000000000000f73c                mbedtls_mpi_set_bit
                0x000000000000f7c8                mbedtls_mpi_lsb
                0x000000000000f80c                mbedtls_mpi_bitlen
                0x000000000000f818                mbedtls_mpi_size
                0x000000000000f834                mbedtls_mpi_read_binary_le
                0x000000000000f894                mbedtls_mpi_read_binary
                0x000000000000f8f4                mbedtls_mpi_write_binary_le
                0x000000000000f908                mbedtls_mpi_write_binary
                0x000000000000f91c                mbedtls_mpi_shift_l
                0x000000000000f980                mbedtls_mpi_shift_r
                0x000000000000f9b0                mbedtls_mpi_cmp_abs
                0x000000000000fa50                mbedtls_mpi_cmp_mpi
                0x000000000000fb2c                mbedtls_mpi_cmp_int
                0x000000000000fbac                mbedtls_mpi_add_abs
                0x000000000000fca4                mbedtls_mpi_sub_abs
                0x000000000000fe6c                mbedtls_mpi_add_mpi
                0x000000000000fe74                mbedtls_mpi_sub_mpi
                0x000000000000fe7c                mbedtls_mpi_add_int
                0x000000000000fefc                mbedtls_mpi_sub_int
                0x000000000000ff7c                mbedtls_mpi_mul_mpi
                0x0000000000010110                mbedtls_mpi_mul_int
                0x00000000000101cc                mbedtls_mpi_read_string
                0x0000000000010430                mbedtls_mpi_div_mpi
                0x000000000001092c                mbedtls_mpi_div_int
                0x00000000000109ac                mbedtls_mpi_mod_mpi
                0x0000000000010d70                mbedtls_mpi_mod_int
                0x0000000000010e08                mbedtls_mpi_write_string
                0x0000000000011160                mbedtls_mpi_montg_init
                0x0000000000011188                mbedtls_mpi_montmul
                0x00000000000111b0                mbedtls_mpi_montred
                0x000000000001122c                mbedtls_mpi_exp_mod
                0x000000000001123c                mbedtls_mpi_exp_mod_unsafe
                0x0000000000011250                mbedtls_mpi_gcd
                0x0000000000011430                mbedtls_mpi_fill_random
                0x000000000001174c                mbedtls_mpi_random
                0x00000000000117e4                mbedtls_mpi_inv_mod
                0x0000000000011c44                mbedtls_mpi_is_prime_ext
                0x0000000000011d34                mbedtls_mpi_gen_prime
                0x0000000000012080                mbedtls_mpi_self_test
 .text          0x0000000000012490     0x10f0 /home/ynext/bridgeos/sources/optee-os/out/arm-plat-rockchip/export-ta_arm64/lib/libmbedtls.a(bignum_core.o)
                0x0000000000012504                mbedtls_mpi_core_clz
                0x0000000000012510                mbedtls_mpi_core_bitlen
                0x0000000000012564                mbedtls_mpi_core_bigendian_to_host
                0x0000000000012598                mbedtls_mpi_core_uint_le_mpi
                0x00000000000125f0                mbedtls_mpi_core_lt_ct
                0x0000000000012670                mbedtls_mpi_core_cond_assign
                0x00000000000126bc                mbedtls_mpi_core_cond_swap
                0x0000000000012724                mbedtls_mpi_core_read_le
                0x00000000000127b0                mbedtls_mpi_core_read_be
                0x0000000000012840                mbedtls_mpi_core_write_le
                0x00000000000128ec                mbedtls_mpi_core_write_be
                0x00000000000129a4                mbedtls_mpi_core_shift_r
                0x0000000000012a44                mbedtls_mpi_core_shift_l
                0x0000000000012ad8                mbedtls_mpi_core_add
                0x0000000000012b14                mbedtls_mpi_core_add_if
                0x0000000000012b70                mbedtls_mpi_core_sub
                0x0000000000012bb4                mbedtls_mpi_core_mla
                0x0000000000012d78                mbedtls_mpi_core_mul
                0x0000000000012dfc                mbedtls_mpi_core_montmul_init
                0x0000000000012e30                mbedtls_mpi_core_montmul
                0x0000000000013204                mbedtls_mpi_core_get_mont_r2_unsafe
                0x000000000001326c                mbedtls_mpi_core_fill_random
                0x000000000001331c                mbedtls_mpi_core_random
                0x0000000000013420                mbedtls_mpi_core_exp_mod_working_limbs
                0x0000000000013448                mbedtls_mpi_core_exp_mod
                0x0000000000013470                mbedtls_mpi_core_exp_mod_unsafe
                0x000000000001349c                mbedtls_mpi_core_sub_int
                0x00000000000134cc                mbedtls_mpi_core_check_zero_ct
                0x00000000000134f0                mbedtls_mpi_core_to_mont_rep
                0x000000000001350c                mbedtls_mpi_core_from_mont_rep
 .text          0x0000000000013580      0x468 /home/ynext/bridgeos/sources/optee-os/out/arm-plat-rockchip/export-ta_arm64/lib/libmbedtls.a(constant_time.o)
                0x00000000000135f4                mbedtls_ct_memcmp
                0x0000000000013628                mbedtls_ct_memcmp_partial
                0x00000000000136b0                mbedtls_ct_memmove_left
                0x0000000000013750                mbedtls_ct_memcpy_if
                0x0000000000013874                mbedtls_ct_memcpy_offset
                0x0000000000013904                mbedtls_ct_zeroize_if
 .text          0x00000000000139e8       0x60 /home/ynext/bridgeos/sources/optee-os/out/arm-plat-rockchip/export-ta_arm64/lib/libmbedtls.a(platform_util.o)
                0x00000000000139e8                mbedtls_platform_zeroize
                0x0000000000013a20                mbedtls_zeroize_and_free
 .text          0x0000000000013a48     0x1078 /home/ynext/bridgeos/sources/optee-os/out/arm-plat-rockchip/export-ta_arm64/lib/libutils.a(bget_malloc.o)
                0x0000000000013b1c                bget
                0x0000000000013e30                bgetz
                0x0000000000013eb8                brel
                0x00000000000141c4                bgetr
                0x0000000000014290                bpool
                0x000000000001437c                bstats
                0x0000000000014410                malloc_reset_stats
                0x0000000000014428                raw_malloc_flags
                0x00000000000145a0                raw_memalign
                0x00000000000145c4                raw_malloc
                0x00000000000145e8                raw_free
                0x00000000000145f8                raw_calloc
                0x000000000001461c                raw_realloc
                0x0000000000014640                free_flags
                0x0000000000014658                malloc
                0x0000000000014680                malloc_flags
                0x00000000000146a0                calloc
                0x00000000000146c8                realloc
                0x00000000000146f0                memalign
                0x0000000000014718                aligned_alloc
                0x0000000000014750                free
                0x000000000001475c                free_wipe
                0x0000000000014768                raw_malloc_get_ctx_size
                0x0000000000014770                raw_malloc_init_ctx
                0x000000000001479c                raw_malloc_add_pool
                0x000000000001488c                raw_malloc_buffer_overlaps_heap
                0x00000000000148fc                raw_malloc_buffer_is_within_alloced
                0x0000000000014a30                raw_malloc_get_stats
                0x0000000000014a74                malloc_get_stats
                0x0000000000014a84                malloc_add_pool
                0x0000000000014a98                malloc_buffer_is_within_alloced
                0x0000000000014aac                malloc_buffer_overlaps_heap
 .text          0x0000000000014ac0      0x120 /home/ynext/bridgeos/sources/optee-os/out/arm-plat-rockchip/export-ta_arm64/lib/libutils.a(snprintf.o)
                0x0000000000014ac0                snprintf
                0x0000000000014b88                vsnprintf
 .text          0x0000000000014be0       0x58 /home/ynext/bridgeos/sources/optee-os/out/arm-plat-rockchip/export-ta_arm64/lib/libutils.a(memmove.o)
                0x0000000000014be0                memmove
 .text          0x0000000000014c38       0x24 /home/ynext/bridgeos/sources/optee-os/out/arm-plat-rockchip/export-ta_arm64/lib/libutils.a(strcmp.o)
                0x0000000000014c38                strcmp
 .text          0x0000000000014c5c       0x1c /home/ynext/bridgeos/sources/optee-os/out/arm-plat-rockchip/export-ta_arm64/lib/libutils.a(strlen.o)
                0x0000000000014c5c                strlen
 .text          0x0000000000014c78      0xe48 /home/ynext/bridgeos/sources/optee-os/out/arm-plat-rockchip/export-ta_arm64/lib/libutils.a(snprintk.o)
                0x0000000000014c78                __vsnprintf
                0x0000000000014d40                vsnprintk
                0x0000000000014d98                snprintk
                0x0000000000015a74                __vsprintf
 .text          0x0000000000015ac0       0x38 /home/ynext/bridgeos/sources/optee-os/out/arm-plat-rockchip/export-ta_arm64/lib/libutils.a(strlcpy.o)
                0x0000000000015ac0                strlcpy
 .text          0x0000000000015af8       0x14 /home/ynext/bridgeos/sources/optee-os/out/arm-plat-rockchip/export-ta_arm64/lib/libutils.a(trace.o)
                0x0000000000015af8                trace_set_level
                0x0000000000015afc                trace_get_level
                0x0000000000015b04                trace_printf
                0x0000000000015b08                dhex_dump
 .text          0x0000000000015b0c      0x148 /home/ynext/bridgeos/sources/optee-os/out/arm-plat-rockchip/export-ta_arm64/lib/libutils.a(mempool.o)
                0x0000000000015b0c                mempool_alloc_pool
                0x0000000000015bd4                mempool_alloc
                0x0000000000015be8                mempool_calloc
                0x0000000000015c38                mempool_free
 .text          0x0000000000015c54       0x70 /home/ynext/bridgeos/sources/optee-os/out/arm-plat-rockchip/export-ta_arm64/lib/libutils.a(consttime_memcmp.o)
                0x0000000000015c54                consttime_memcmp
 .text          0x0000000000015cc4      0x250 /home/ynext/bridgeos/sources/optee-os/out/arm-plat-rockchip/export-ta_arm64/lib/libutils.a(base64.o)
                0x0000000000015cc4                base64_enc_len
                0x0000000000015cdc                base64_enc
                0x0000000000015df0                base64_dec
 .text          0x0000000000015f14       0x2c /home/ynext/bridgeos/sources/optee-os/out/arm-plat-rockchip/export-ta_arm64/lib/libutils.a(memchr.o)
                0x0000000000015f14                memchr
 .text          0x0000000000015f40        0x0 /home/ynext/bridgeos/sources/optee-os/out/arm-plat-rockchip/export-ta_arm64/lib/libutee.a(utee_syscalls_a64.o)
 .text          0x0000000000015f40        0x0 /home/ynext/bridgeos/sources/optee-os/out/arm-plat-rockchip/export-ta_arm64/lib/libutee.a(abort.o)
 *(SORT_BY_ALIGNMENT(.stub))
 *(SORT_BY_ALIGNMENT(.glue_7))
 *(SORT_BY_ALIGNMENT(.glue_7t))
 *(SORT_BY_ALIGNMENT(.gnu.linkonce.t.*))
 *(SORT_BY_ALIGNMENT(.vfp11_veneer))
                0x0000000000015f40                __text_end = .

.note.gnu.property
 *(SORT_BY_ALIGNMENT(.note.gnu.property))

.plt            0x0000000000015f40        0x0
 *(SORT_BY_ALIGNMENT(.plt))
 .plt           0x0000000000015f40        0x0 ./osumania_signer_ta.o

.eh_frame_hdr
 *(SORT_BY_ALIGNMENT(.eh_frame_hdr))
 *(SORT_BY_ALIGNMENT(.eh_frame_entry) SORT_BY_ALIGNMENT(.eh_frame_entry.*))

.eh_frame       0x0000000000015f40     0x480c
 *(SORT_BY_ALIGNMENT(.eh_frame))
 .eh_frame      0x0000000000015f40      0x1c8 ./osumania_signer_ta.o
 .eh_frame      0x0000000000016108       0x50 ./keccak256.o
                                         0x68 (size before relaxing)
 .eh_frame      0x0000000000016158      0x7b0 ./third_party/micro-ecc/uECC.o
                                        0x7c0 (size before relaxing)
 .eh_frame      0x0000000000016908       0x20 ./device_root_dev.o
                                         0x38 (size before relaxing)
 .eh_frame      0x0000000000016928       0x40 ./user_ta_header.o
                                         0x50 (size before relaxing)
 .eh_frame      0x0000000000016968       0x18 /home/ynext/bridgeos/sources/optee-os/out/arm-plat-rockchip/export-ta_arm64/lib/libutils.a(stack_check.o)
                                         0x30 (size before relaxing)
 .eh_frame      0x0000000000016980       0x18 /home/ynext/bridgeos/sources/optee-os/out/arm-plat-rockchip/export-ta_arm64/lib/libutils.a(memcpy.o)
                                         0x28 (size before relaxing)
 .eh_frame      0x0000000000016998       0x18 /home/ynext/bridgeos/sources/optee-os/out/arm-plat-rockchip/export-ta_arm64/lib/libutils.a(memset.o)
                                         0x28 (size before relaxing)
 .eh_frame      0x00000000000169b0      0x538 /home/ynext/bridgeos/sources/optee-os/out/arm-plat-rockchip/export-ta_arm64/lib/libutee.a(tee_api.o)
                                        0x548 (size before relaxing)
 .eh_frame      0x0000000000016ee8      0x770 /home/ynext/bridgeos/sources/optee-os/out/arm-plat-rockchip/export-ta_arm64/lib/libutee.a(tee_api_objects.o)
                                        0x788 (size before relaxing)
 .eh_frame      0x0000000000017658      0xb08 /home/ynext/bridgeos/sources/optee-os/out/arm-plat-rockchip/export-ta_arm64/lib/libutee.a(tee_api_operations.o)
                                        0xb18 (size before relaxing)
 .eh_frame      0x0000000000018160      0x180 /home/ynext/bridgeos/sources/optee-os/out/arm-plat-rockchip/export-ta_arm64/lib/libutee.a(tee_api_panic.o)
                                        0x190 (size before relaxing)
 .eh_frame      0x00000000000182e0       0xc0 /home/ynext/bridgeos/sources/optee-os/out/arm-plat-rockchip/export-ta_arm64/lib/libutee.a(tee_system_pta.o)
                                         0xd8 (size before relaxing)
 .eh_frame      0x00000000000183a0      0x150 /home/ynext/bridgeos/sources/optee-os/out/arm-plat-rockchip/export-ta_arm64/lib/libutee.a(user_ta_entry.o)
                                        0x168 (size before relaxing)
 .eh_frame      0x00000000000184f0       0x18 /home/ynext/bridgeos/sources/optee-os/out/arm-plat-rockchip/export-ta_arm64/lib/libutee.a(abort.o)
                                         0x30 (size before relaxing)
 .eh_frame      0x0000000000018508       0x30 /home/ynext/bridgeos/sources/optee-os/out/arm-plat-rockchip/export-ta_arm64/lib/libutee.a(assert.o)
                                         0x40 (size before relaxing)
 .eh_frame      0x0000000000018538       0x50 /home/ynext/bridgeos/sources/optee-os/out/arm-plat-rockchip/export-ta_arm64/lib/libutee.a(trace_ext.o)
                                         0x68 (size before relaxing)
 .eh_frame      0x0000000000018588      0x7e8 /home/ynext/bridgeos/sources/optee-os/out/arm-plat-rockchip/export-ta_arm64/lib/libutee.a(tee_api_arith_mpi.o)
                                        0x800 (size before relaxing)
 .eh_frame      0x0000000000018d70      0x310 /home/ynext/bridgeos/sources/optee-os/out/arm-plat-rockchip/export-ta_arm64/lib/libutee.a(tee_api_property.o)
                                        0x328 (size before relaxing)
 .eh_frame      0x0000000000019080       0x90 /home/ynext/bridgeos/sources/optee-os/out/arm-plat-rockchip/export-ta_arm64/lib/libutee.a(tcb.o)
                                         0xa8 (size before relaxing)
 .eh_frame      0x0000000000019110      0x988 /home/ynext/bridgeos/sources/optee-os/out/arm-plat-rockchip/export-ta_arm64/lib/libmbedtls.a(bignum.o)
                                        0x9a0 (size before relaxing)
 .eh_frame      0x0000000000019a98      0x458 /home/ynext/bridgeos/sources/optee-os/out/arm-plat-rockchip/export-ta_arm64/lib/libmbedtls.a(bignum_core.o)
                                        0x470 (size before relaxing)
 .eh_frame      0x0000000000019ef0      0x148 /home/ynext/bridgeos/sources/optee-os/out/arm-plat-rockchip/export-ta_arm64/lib/libmbedtls.a(constant_time.o)
                                        0x160 (size before relaxing)
 .eh_frame      0x000000000001a038       0x48 /home/ynext/bridgeos/sources/optee-os/out/arm-plat-rockchip/export-ta_arm64/lib/libmbedtls.a(platform_util.o)
                                         0x60 (size before relaxing)
 .eh_frame      0x000000000001a080      0x3d0 /home/ynext/bridgeos/sources/optee-os/out/arm-plat-rockchip/export-ta_arm64/lib/libutils.a(bget_malloc.o)
                                        0x3e0 (size before relaxing)
 .eh_frame      0x000000000001a450       0x58 /home/ynext/bridgeos/sources/optee-os/out/arm-plat-rockchip/export-ta_arm64/lib/libutils.a(snprintf.o)
                                         0x70 (size before relaxing)
 .eh_frame      0x000000000001a4a8       0x18 /home/ynext/bridgeos/sources/optee-os/out/arm-plat-rockchip/export-ta_arm64/lib/libutils.a(memmove.o)
                                         0x28 (size before relaxing)
 .eh_frame      0x000000000001a4c0       0x18 /home/ynext/bridgeos/sources/optee-os/out/arm-plat-rockchip/export-ta_arm64/lib/libutils.a(strcmp.o)
                                         0x28 (size before relaxing)
 .eh_frame      0x000000000001a4d8       0x18 /home/ynext/bridgeos/sources/optee-os/out/arm-plat-rockchip/export-ta_arm64/lib/libutils.a(strlen.o)
                                         0x28 (size before relaxing)
 .eh_frame      0x000000000001a4f0       0xf0 /home/ynext/bridgeos/sources/optee-os/out/arm-plat-rockchip/export-ta_arm64/lib/libutils.a(snprintk.o)
                                        0x108 (size before relaxing)
 .eh_frame      0x000000000001a5e0       0x18 /home/ynext/bridgeos/sources/optee-os/out/arm-plat-rockchip/export-ta_arm64/lib/libutils.a(strlcpy.o)
                                         0x28 (size before relaxing)
 .eh_frame      0x000000000001a5f8       0x50 /home/ynext/bridgeos/sources/optee-os/out/arm-plat-rockchip/export-ta_arm64/lib/libutils.a(trace.o)
                                         0x68 (size before relaxing)
 .eh_frame      0x000000000001a648       0x78 /home/ynext/bridgeos/sources/optee-os/out/arm-plat-rockchip/export-ta_arm64/lib/libutils.a(mempool.o)
                                         0x90 (size before relaxing)
 .eh_frame      0x000000000001a6c0       0x20 /home/ynext/bridgeos/sources/optee-os/out/arm-plat-rockchip/export-ta_arm64/lib/libutils.a(consttime_memcmp.o)
                                         0x30 (size before relaxing)
 .eh_frame      0x000000000001a6e0       0x58 /home/ynext/bridgeos/sources/optee-os/out/arm-plat-rockchip/export-ta_arm64/lib/libutils.a(base64.o)
                                         0x70 (size before relaxing)
 .eh_frame      0x000000000001a738       0x14 /home/ynext/bridgeos/sources/optee-os/out/arm-plat-rockchip/export-ta_arm64/lib/libutils.a(memchr.o)
                                         0x28 (size before relaxing)
 *(SORT_BY_ALIGNMENT(.eh_frame.*))

.gcc_except_table
 *(SORT_BY_ALIGNMENT(.gcc_except_table) SORT_BY_ALIGNMENT(.gcc_except_table.*))

.rodata         0x000000000001a750     0x1154
 *(SORT_BY_ALIGNMENT(.gnu.linkonce.r.*))
 *(SORT_BY_ALIGNMENT(.rodata) SORT_BY_ALIGNMENT(.rodata.*))
 .rodata.keccak256.c
                0x000000000001a750      0x128 ./keccak256.o
 .rodata./home/ynext/bridgeos/sources/optee-os/out/arm-plat-rockchip/export-ta_arm64/src/user_ta_header.c
                0x000000000001a878       0x33 ./user_ta_header.o
                0x000000000001a878                ta_num_props
                0x000000000001a898                __ta_no_share_heap_size
                0x000000000001a8a0                ta_heap_size
                0x000000000001a8a8                trace_ext_prefix
 *fill*         0x000000000001a8ab        0x5 
 .rodata.lib/libutee/tee_api.c
                0x000000000001a8b0        0x8 /home/ynext/bridgeos/sources/optee-os/out/arm-plat-rockchip/export-ta_arm64/lib/libutee.a(tee_api.o)
 .rodata.lib/libutee/tee_api_operations.c
                0x000000000001a8b8       0x75 /home/ynext/bridgeos/sources/optee-os/out/arm-plat-rockchip/export-ta_arm64/lib/libutee.a(tee_api_operations.o)
 *fill*         0x000000000001a92d        0x3 
 .rodata.lib/libutee/tee_system_pta.c
                0x000000000001a930       0x10 /home/ynext/bridgeos/sources/optee-os/out/arm-plat-rockchip/export-ta_arm64/lib/libutee.a(tee_system_pta.o)
 .rodata.lib/libutee/tee_api_property.c
                0x000000000001a940       0x10 /home/ynext/bridgeos/sources/optee-os/out/arm-plat-rockchip/export-ta_arm64/lib/libutee.a(tee_api_property.o)
 .rodata.lib/libmbedtls/mbedtls/library/bignum.c
                0x000000000001a950       0xcc /home/ynext/bridgeos/sources/optee-os/out/arm-plat-rockchip/export-ta_arm64/lib/libmbedtls.a(bignum.o)
 .rodata.lib/libutils/ext/snprintk.c
                0x000000000001aa1c       0xac /home/ynext/bridgeos/sources/optee-os/out/arm-plat-rockchip/export-ta_arm64/lib/libutils.a(snprintk.o)
 .rodata.osumania_signer_ta.c
                0x000000000001aac8       0x7a ./osumania_signer_ta.o
 .rodata.device_root_dev.c
                0x000000000001ab42       0x20 ./device_root_dev.o
 .rodata.str1.1./home/ynext/bridgeos/sources/optee-os/out/arm-plat-rockchip/export-ta_arm64/src/user_ta_header.c
                0x000000000001ab62      0xb1c ./user_ta_header.o
                                        0x103 (size before relaxing)
 .rodata.str1.1.lib/libutee/tee_api_operations.c
                0x000000000001b67e       0x8a /home/ynext/bridgeos/sources/optee-os/out/arm-plat-rockchip/export-ta_arm64/lib/libutee.a(tee_api_operations.o)
 .rodata.str1.1.lib/libutee/user_ta_entry.c
                0x000000000001b67e       0x36 /home/ynext/bridgeos/sources/optee-os/out/arm-plat-rockchip/export-ta_arm64/lib/libutee.a(user_ta_entry.o)
 .rodata.str1.1.lib/libutee/abort.c
                0x000000000001b67e        0x7 /home/ynext/bridgeos/sources/optee-os/out/arm-plat-rockchip/export-ta_arm64/lib/libutee.a(abort.o)
 .rodata.str1.1.lib/libutee/tee_api_arith_mpi.c
                0x000000000001b67e       0xc9 /home/ynext/bridgeos/sources/optee-os/out/arm-plat-rockchip/export-ta_arm64/lib/libutee.a(tee_api_arith_mpi.o)
 .rodata.lib/libutee/tee_api_arith_mpi.c
                0x000000000001b67e      0x14e /home/ynext/bridgeos/sources/optee-os/out/arm-plat-rockchip/export-ta_arm64/lib/libutee.a(tee_api_arith_mpi.o)
 .rodata.str1.1.lib/libutee/tee_api_property.c
                0x000000000001b7cc       0x88 /home/ynext/bridgeos/sources/optee-os/out/arm-plat-rockchip/export-ta_arm64/lib/libutee.a(tee_api_property.o)
 .rodata.str1.1.lib/libutee/tcb.c
                0x000000000001b7cc       0x2a /home/ynext/bridgeos/sources/optee-os/out/arm-plat-rockchip/export-ta_arm64/lib/libutee.a(tcb.o)
 .rodata.lib/libutee/tcb.c
                0x000000000001b7cc       0x10 /home/ynext/bridgeos/sources/optee-os/out/arm-plat-rockchip/export-ta_arm64/lib/libutee.a(tcb.o)
 .rodata.str1.1.lib/libmbedtls/mbedtls/library/bignum.c
                0x000000000001b7dc      0x45d /home/ynext/bridgeos/sources/optee-os/out/arm-plat-rockchip/export-ta_arm64/lib/libmbedtls.a(bignum.o)
 .rodata.str1.1.lib/libutils/isoc/bget_malloc.c
                0x000000000001b7dc      0x2ff /home/ynext/bridgeos/sources/optee-os/out/arm-plat-rockchip/export-ta_arm64/lib/libutils.a(bget_malloc.o)
 .rodata.lib/libutils/isoc/bget_malloc.c
                0x000000000001b7dc       0x69 /home/ynext/bridgeos/sources/optee-os/out/arm-plat-rockchip/export-ta_arm64/lib/libutils.a(bget_malloc.o)
 .rodata.str1.1.lib/libutils/ext/snprintk.c
                0x000000000001b845       0x38 /home/ynext/bridgeos/sources/optee-os/out/arm-plat-rockchip/export-ta_arm64/lib/libutils.a(snprintk.o)
 .rodata.str1.1.lib/libutils/ext/mempool.c
                0x000000000001b845       0x51 /home/ynext/bridgeos/sources/optee-os/out/arm-plat-rockchip/export-ta_arm64/lib/libutils.a(mempool.o)
 .rodata.lib/libutils/ext/mempool.c
                0x000000000001b845       0x1e /home/ynext/bridgeos/sources/optee-os/out/arm-plat-rockchip/export-ta_arm64/lib/libutils.a(mempool.o)
 .rodata.lib/libutils/ext/base64.c
                0x000000000001b863       0x41 /home/ynext/bridgeos/sources/optee-os/out/arm-plat-rockchip/export-ta_arm64/lib/libutils.a(base64.o)

.gnu.version_d  0x000000000001b8a8        0x0
 .gnu.version_d
                0x000000000001b8a8        0x0 ./osumania_signer_ta.o

.gnu.version    0x000000000001b8a4        0x0
 .gnu.version   0x000000000001b8a4        0x0 ./osumania_signer_ta.o

.gnu.version_r  0x000000000001b8a8        0x0
 .gnu.version_r
                0x000000000001b8a8        0x0 ./osumania_signer_ta.o

.gnu.hash       0x000000000001b8a8       0x34
 .gnu.hash      0x000000000001b8a8       0x34 ./osumania_signer_ta.o

.ta_head        0x000000000001b8e0       0x20
 .ta_head       0x000000000001b8e0       0x20 ./user_ta_header.o
                0x000000000001b8e0                ta_head

.ARM.extab
 *(SORT_BY_ALIGNMENT(.ARM.extab*) SORT_BY_ALIGNMENT(.gnu.linkonce.armextab.*))
                [!provide]                        PROVIDE (__exidx_start = .)

.ARM.exidx
 *(SORT_BY_ALIGNMENT(.ARM.exidx*) SORT_BY_ALIGNMENT(.gnu.linkonce.armexidx.*))
                [!provide]                        PROVIDE (__exidx_end = .)

.ctors
 *(SORT_BY_ALIGNMENT(.ctors))

.dtors
 *(SORT_BY_ALIGNMENT(.dtors))

.dynsym         0x000000000001b900       0xa8
 *(SORT_BY_ALIGNMENT(.dynsym))
 .dynsym        0x000000000001b900       0xa8 ./osumania_signer_ta.o

.dynstr         0x000000000001b9a8       0x36
 *(SORT_BY_ALIGNMENT(.dynstr))
 .dynstr        0x000000000001b9a8       0x36 ./osumania_signer_ta.o

.hash           0x000000000001b9e0       0x30
 *(SORT_BY_ALIGNMENT(.hash))
 .hash          0x000000000001b9e0       0x30 ./osumania_signer_ta.o

.rela.dyn       0x000000000001ba10      0x360
 .rela.data.rel.ro
                0x000000000001ba10       0x18 ./osumania_signer_ta.o
 .rela.ifunc    0x000000000001ba28        0x0 ./osumania_signer_ta.o
 .rela.data.rel.ro.local
                0x000000000001ba28      0x2e8 ./osumania_signer_ta.o
 .rela.data.rel.local
                0x000000000001bd10       0x60 ./osumania_signer_ta.o
                0x000000000001c000                . = ALIGN (0x1000)

.dynamic        0x000000000001c000      0x110
 *(SORT_BY_ALIGNMENT(.dynamic))
 .dynamic       0x000000000001c000      0x110 ./osumania_signer_ta.o
                0x000000000001c000                _DYNAMIC

.tdata
 *(SORT_BY_ALIGNMENT(.tdata) SORT_BY_ALIGNMENT(.tdata.*) SORT_BY_ALIGNMENT(.gnu.linkonce.td.*))

.tbss
 *(SORT_BY_ALIGNMENT(.tbss) SORT_BY_ALIGNMENT(.tbss.*) SORT_BY_ALIGNMENT(.gnu.linkonce.tb.*))
 *(SORT_BY_ALIGNMENT(.tcommon))

.got            0x000000000001c110       0xc8
 *(SORT_BY_ALIGNMENT(.got.plt))
 .got.plt       0x000000000001c110       0x18 ./osumania_signer_ta.o
 *(SORT_BY_ALIGNMENT(.got))
 .got           0x000000000001c128       0xb0 ./osumania_signer_ta.o
                0x000000000001c128                _GLOBAL_OFFSET_TABLE_

.rel.text
 *(SORT_BY_ALIGNMENT(.rel.text))
 *(SORT_BY_ALIGNMENT(.rel.gnu.linkonce.t*))

.rela.text
 *(SORT_BY_ALIGNMENT(.rela.text))
 *(SORT_BY_ALIGNMENT(.rela.gnu.linkonce.t*))

.rel.data
 *(SORT_BY_ALIGNMENT(.rel.data))
 *(SORT_BY_ALIGNMENT(.rel.gnu.linkonce.d*))

.rela.data
 *(SORT_BY_ALIGNMENT(.rela.data))
 *(SORT_BY_ALIGNMENT(.rela.gnu.linkonce.d*))

.rel.tdata
 *(SORT_BY_ALIGNMENT(.rel.tdata) SORT_BY_ALIGNMENT(.rel.tdata.*) SORT_BY_ALIGNMENT(.rel.gnu.linkonce.td.*))

.rela.tdata
 *(SORT_BY_ALIGNMENT(.rela.tdata) SORT_BY_ALIGNMENT(.rela.tdata.*) SORT_BY_ALIGNMENT(.rela.gnu.linkonce.td.*))

.rel.tbss
 *(SORT_BY_ALIGNMENT(.rel.tbss) SORT_BY_ALIGNMENT(.rel.tbss.*) SORT_BY_ALIGNMENT(.rel.gnu.linkonce.tb.*))

.rela.tbss
 *(SORT_BY_ALIGNMENT(.rela.tbss) SORT_BY_ALIGNMENT(.rela.tbss.*) SORT_BY_ALIGNMENT(.rela.gnu.linkonce.tb.*))

.rel.rodata
 *(SORT_BY_ALIGNMENT(.rel.rodata))
 *(SORT_BY_ALIGNMENT(.rel.gnu.linkonce.r*))

.rela.rodata
 *(SORT_BY_ALIGNMENT(.rela.rodata))
 *(SORT_BY_ALIGNMENT(.rela.gnu.linkonce.r*))

.rel.dyn
 *(SORT_BY_ALIGNMENT(.rel.dyn))

.rel.got
 *(SORT_BY_ALIGNMENT(.rel.got))

.rela.got       0x000000000001c1d8      0x1f8
 *(SORT_BY_ALIGNMENT(.rela.got))
 .rela.got      0x000000000001c1d8      0x1f8 ./osumania_signer_ta.o

.rel.ctors
 *(SORT_BY_ALIGNMENT(.rel.ctors))

.rela.ctors
 *(SORT_BY_ALIGNMENT(.rela.ctors))

.rel.dtors
 *(SORT_BY_ALIGNMENT(.rel.dtors))

.rela.dtors
 *(SORT_BY_ALIGNMENT(.rela.dtors))

.rel.init
 *(SORT_BY_ALIGNMENT(.rel.init))

.rela.init
 *(SORT_BY_ALIGNMENT(.rela.init))

.rel.fini
 *(SORT_BY_ALIGNMENT(.rel.fini))

.rela.fini
 *(SORT_BY_ALIGNMENT(.rela.fini))

.rel.bss
 *(SORT_BY_ALIGNMENT(.rel.bss))

.rela.bss       0x000000000001c3d0        0x0
 *(SORT_BY_ALIGNMENT(.rela.bss))
 .rela.bss      0x000000000001c3d0        0x0 ./osumania_signer_ta.o

.rel.plt
 *(SORT_BY_ALIGNMENT(.rel.plt))

.rela.plt       0x000000000001c3d0        0x0
 *(SORT_BY_ALIGNMENT(.rela.plt))
 .rela.plt      0x000000000001c3d0        0x0 ./osumania_signer_ta.o

.data           0x000000000001c3d0      0x2d0
 *(SORT_BY_ALIGNMENT(.data) SORT_BY_ALIGNMENT(.data.*) SORT_BY_ALIGNMENT(.gnu.linkonce.d.*))
 .data.rel.ro.local
                0x000000000001c3d0       0xc0 ./third_party/micro-ecc/uECC.o
 .data.rel.ro.local
                0x000000000001c490       0xf0 ./user_ta_header.o
                0x000000000001c490                ta_props
 .data          0x000000000001c580        0x8 /home/ynext/bridgeos/sources/optee-os/out/arm-plat-rockchip/export-ta_arm64/lib/libutils.a(stack_check.o)
                0x000000000001c580                __stack_chk_guard
 .data.rel.local
                0x000000000001c588       0x20 /home/ynext/bridgeos/sources/optee-os/out/arm-plat-rockchip/export-ta_arm64/lib/libutee.a(user_ta_entry.o)
 .data.rel.ro.local
                0x000000000001c5a8       0x60 /home/ynext/bridgeos/sources/optee-os/out/arm-plat-rockchip/export-ta_arm64/lib/libutee.a(tee_api_property.o)
                0x000000000001c5a8                tee_props
 .data.rel.ro   0x000000000001c608        0x8 /home/ynext/bridgeos/sources/optee-os/out/arm-plat-rockchip/export-ta_arm64/lib/libmbedtls.a(platform_util.o)
 .data.rel.local
                0x000000000001c610       0x90 /home/ynext/bridgeos/sources/optee-os/out/arm-plat-rockchip/export-ta_arm64/lib/libutils.a(bget_malloc.o)
 .data          0x000000000001c6a0        0x0 ./osumania_signer_ta.o
 .data.rel.ro   0x000000000001c6a0        0x0 ./osumania_signer_ta.o
 .data          0x000000000001c6a0        0x0 ./keccak256.o
 .data          0x000000000001c6a0        0x0 ./third_party/micro-ecc/uECC.o
 .data          0x000000000001c6a0        0x0 ./device_root_dev.o
 .data          0x000000000001c6a0        0x0 ./user_ta_header.o
 .data          0x000000000001c6a0        0x0 /home/ynext/bridgeos/sources/optee-os/out/arm-plat-rockchip/export-ta_arm64/lib/libutils.a(memcpy.o)
 .data          0x000000000001c6a0        0x0 /home/ynext/bridgeos/sources/optee-os/out/arm-plat-rockchip/export-ta_arm64/lib/libutils.a(memset.o)
 .data          0x000000000001c6a0        0x0 /home/ynext/bridgeos/sources/optee-os/out/arm-plat-rockchip/export-ta_arm64/lib/libutee.a(tee_api.o)
 .data          0x000000000001c6a0        0x0 /home/ynext/bridgeos/sources/optee-os/out/arm-plat-rockchip/export-ta_arm64/lib/libutee.a(tee_api_objects.o)
 .data          0x000000000001c6a0        0x0 /home/ynext/bridgeos/sources/optee-os/out/arm-plat-rockchip/export-ta_arm64/lib/libutee.a(tee_api_operations.o)
 .data          0x000000000001c6a0        0x0 /home/ynext/bridgeos/sources/optee-os/out/arm-plat-rockchip/export-ta_arm64/lib/libutee.a(tee_api_panic.o)
 .data          0x000000000001c6a0        0x0 /home/ynext/bridgeos/sources/optee-os/out/arm-plat-rockchip/export-ta_arm64/lib/libutee.a(tee_system_pta.o)
 .data          0x000000000001c6a0        0x0 /home/ynext/bridgeos/sources/optee-os/out/arm-plat-rockchip/export-ta_arm64/lib/libutee.a(user_ta_entry.o)
 .data          0x000000000001c6a0        0x0 /home/ynext/bridgeos/sources/optee-os/out/arm-plat-rockchip/export-ta_arm64/lib/libutee.a(utee_syscalls_a64.o)
 .data          0x000000000001c6a0        0x0 /home/ynext/bridgeos/sources/optee-os/out/arm-plat-rockchip/export-ta_arm64/lib/libutee.a(abort.o)
 .data          0x000000000001c6a0        0x0 /home/ynext/bridgeos/sources/optee-os/out/arm-plat-rockchip/export-ta_arm64/lib/libutee.a(assert.o)
 .data          0x000000000001c6a0        0x0 /home/ynext/bridgeos/sources/optee-os/out/arm-plat-rockchip/export-ta_arm64/lib/libutee.a(trace_ext.o)
 .data          0x000000000001c6a0        0x0 /home/ynext/bridgeos/sources/optee-os/out/arm-plat-rockchip/export-ta_arm64/lib/libutee.a(tee_api_arith_mpi.o)
 .data          0x000000000001c6a0        0x0 /home/ynext/bridgeos/sources/optee-os/out/arm-plat-rockchip/export-ta_arm64/lib/libutee.a(tee_api_property.o)
 .data          0x000000000001c6a0        0x0 /home/ynext/bridgeos/sources/optee-os/out/arm-plat-rockchip/export-ta_arm64/lib/libutee.a(tcb.o)
 .data          0x000000000001c6a0        0x0 /home/ynext/bridgeos/sources/optee-os/out/arm-plat-rockchip/export-ta_arm64/lib/libmbedtls.a(bignum.o)
 .data          0x000000000001c6a0        0x0 /home/ynext/bridgeos/sources/optee-os/out/arm-plat-rockchip/export-ta_arm64/lib/libmbedtls.a(bignum_core.o)
 .data          0x000000000001c6a0        0x0 /home/ynext/bridgeos/sources/optee-os/out/arm-plat-rockchip/export-ta_arm64/lib/libmbedtls.a(constant_time.o)
 .data          0x000000000001c6a0        0x0 /home/ynext/bridgeos/sources/optee-os/out/arm-plat-rockchip/export-ta_arm64/lib/libmbedtls.a(platform_util.o)
 .data          0x000000000001c6a0        0x0 /home/ynext/bridgeos/sources/optee-os/out/arm-plat-rockchip/export-ta_arm64/lib/libutils.a(bget_malloc.o)
 .data          0x000000000001c6a0        0x0 /home/ynext/bridgeos/sources/optee-os/out/arm-plat-rockchip/export-ta_arm64/lib/libutils.a(snprintf.o)
 .data          0x000000000001c6a0        0x0 /home/ynext/bridgeos/sources/optee-os/out/arm-plat-rockchip/export-ta_arm64/lib/libutils.a(memmove.o)
 .data          0x000000000001c6a0        0x0 /home/ynext/bridgeos/sources/optee-os/out/arm-plat-rockchip/export-ta_arm64/lib/libutils.a(strcmp.o)
 .data          0x000000000001c6a0        0x0 /home/ynext/bridgeos/sources/optee-os/out/arm-plat-rockchip/export-ta_arm64/lib/libutils.a(strlen.o)
 .data          0x000000000001c6a0        0x0 /home/ynext/bridgeos/sources/optee-os/out/arm-plat-rockchip/export-ta_arm64/lib/libutils.a(snprintk.o)
 .data          0x000000000001c6a0        0x0 /home/ynext/bridgeos/sources/optee-os/out/arm-plat-rockchip/export-ta_arm64/lib/libutils.a(strlcpy.o)
 .data          0x000000000001c6a0        0x0 /home/ynext/bridgeos/sources/optee-os/out/arm-plat-rockchip/export-ta_arm64/lib/libutils.a(trace.o)
 .data          0x000000000001c6a0        0x0 /home/ynext/bridgeos/sources/optee-os/out/arm-plat-rockchip/export-ta_arm64/lib/libutils.a(mempool.o)
 .data          0x000000000001c6a0        0x0 /home/ynext/bridgeos/sources/optee-os/out/arm-plat-rockchip/export-ta_arm64/lib/libutils.a(consttime_memcmp.o)
 .data          0x000000000001c6a0        0x0 /home/ynext/bridgeos/sources/optee-os/out/arm-plat-rockchip/export-ta_arm64/lib/libutils.a(base64.o)
 .data          0x000000000001c6a0        0x0 /home/ynext/bridgeos/sources/optee-os/out/arm-plat-rockchip/export-ta_arm64/lib/libutils.a(memchr.o)

.bss            0x000000000001c6a0    0x1bbe8
 *(SORT_BY_ALIGNMENT(.bss) SORT_BY_ALIGNMENT(.bss.*) SORT_BY_ALIGNMENT(.gnu.linkonce.b.*) SORT_BY_ALIGNMENT(COMMON))
 .bss           0x000000000001c6a0        0x8 ./third_party/micro-ecc/uECC.o
 .bss           0x000000000001c6a8       0x10 /home/ynext/bridgeos/sources/optee-os/out/arm-plat-rockchip/export-ta_arm64/lib/libutee.a(tee_api.o)
 .bss           0x000000000001c6b8        0x8 /home/ynext/bridgeos/sources/optee-os/out/arm-plat-rockchip/export-ta_arm64/lib/libutee.a(tee_system_pta.o)
 .bss           0x000000000001c6c0       0x6c /home/ynext/bridgeos/sources/optee-os/out/arm-plat-rockchip/export-ta_arm64/lib/libutee.a(user_ta_entry.o)
                0x000000000001c6d0                __elf_phdr_info
                0x000000000001c6e0                __ta_no_share_malloc_ctx
                0x000000000001c6e8                ta_params
                0x000000000001c728                ta_param_types
 *fill*         0x000000000001c72c        0x4 
 .bss           0x000000000001c730     0x3800 /home/ynext/bridgeos/sources/optee-os/out/arm-plat-rockchip/export-ta_arm64/lib/libutee.a(tee_api_arith_mpi.o)
 .bss           0x000000000001ff30       0x10 /home/ynext/bridgeos/sources/optee-os/out/arm-plat-rockchip/export-ta_arm64/lib/libutee.a(tcb.o)
 .bss           0x000000000001ff40        0x8 /home/ynext/bridgeos/sources/optee-os/out/arm-plat-rockchip/export-ta_arm64/lib/libmbedtls.a(bignum.o)
                0x000000000001ff40                mbedtls_mpi_mempool
 .bss           0x000000000001ff48        0x8 /home/ynext/bridgeos/sources/optee-os/out/arm-plat-rockchip/export-ta_arm64/lib/libmbedtls.a(constant_time.o)
                0x000000000001ff48                mbedtls_ct_zero
 .bss           0x000000000001ff50      0x330 ./osumania_signer_ta.o
 .bss           0x0000000000020280    0x18008 ./user_ta_header.o
                0x0000000000020281                ta_heap
                0x0000000000020281                __ta_no_share_heap
                0x0000000000038284                trace_level
 .bss           0x0000000000038288        0x0 ./keccak256.o
 .bss           0x0000000000038288        0x0 ./device_root_dev.o
 .bss           0x0000000000038288        0x0 /home/ynext/bridgeos/sources/optee-os/out/arm-plat-rockchip/export-ta_arm64/lib/libutils.a(stack_check.o)
 .bss           0x0000000000038288        0x0 /home/ynext/bridgeos/sources/optee-os/out/arm-plat-rockchip/export-ta_arm64/lib/libutils.a(memcpy.o)
 .bss           0x0000000000038288        0x0 /home/ynext/bridgeos/sources/optee-os/out/arm-plat-rockchip/export-ta_arm64/lib/libutils.a(memset.o)
 .bss           0x0000000000038288        0x0 /home/ynext/bridgeos/sources/optee-os/out/arm-plat-rockchip/export-ta_arm64/lib/libutee.a(tee_api_objects.o)
 .bss           0x0000000000038288        0x0 /home/ynext/bridgeos/sources/optee-os/out/arm-plat-rockchip/export-ta_arm64/lib/libutee.a(tee_api_operations.o)
 .bss           0x0000000000038288        0x0 /home/ynext/bridgeos/sources/optee-os/out/arm-plat-rockchip/export-ta_arm64/lib/libutee.a(tee_api_panic.o)
 .bss           0x0000000000038288        0x0 /home/ynext/bridgeos/sources/optee-os/out/arm-plat-rockchip/export-ta_arm64/lib/libutee.a(utee_syscalls_a64.o)
 .bss           0x0000000000038288        0x0 /home/ynext/bridgeos/sources/optee-os/out/arm-plat-rockchip/export-ta_arm64/lib/libutee.a(abort.o)
 .bss           0x0000000000038288        0x0 /home/ynext/bridgeos/sources/optee-os/out/arm-plat-rockchip/export-ta_arm64/lib/libutee.a(assert.o)
 .bss           0x0000000000038288        0x0 /home/ynext/bridgeos/sources/optee-os/out/arm-plat-rockchip/export-ta_arm64/lib/libutee.a(trace_ext.o)
 .bss           0x0000000000038288        0x0 /home/ynext/bridgeos/sources/optee-os/out/arm-plat-rockchip/export-ta_arm64/lib/libutee.a(tee_api_property.o)
 .bss           0x0000000000038288        0x0 /home/ynext/bridgeos/sources/optee-os/out/arm-plat-rockchip/export-ta_arm64/lib/libmbedtls.a(bignum_core.o)
 .bss           0x0000000000038288        0x0 /home/ynext/bridgeos/sources/optee-os/out/arm-plat-rockchip/export-ta_arm64/lib/libmbedtls.a(platform_util.o)
 .bss           0x0000000000038288        0x0 /home/ynext/bridgeos/sources/optee-os/out/arm-plat-rockchip/export-ta_arm64/lib/libutils.a(bget_malloc.o)
 .bss           0x0000000000038288        0x0 /home/ynext/bridgeos/sources/optee-os/out/arm-plat-rockchip/export-ta_arm64/lib/libutils.a(snprintf.o)
 .bss           0x0000000000038288        0x0 /home/ynext/bridgeos/sources/optee-os/out/arm-plat-rockchip/export-ta_arm64/lib/libutils.a(memmove.o)
 .bss           0x0000000000038288        0x0 /home/ynext/bridgeos/sources/optee-os/out/arm-plat-rockchip/export-ta_arm64/lib/libutils.a(strcmp.o)
 .bss           0x0000000000038288        0x0 /home/ynext/bridgeos/sources/optee-os/out/arm-plat-rockchip/export-ta_arm64/lib/libutils.a(strlen.o)
 .bss           0x0000000000038288        0x0 /home/ynext/bridgeos/sources/optee-os/out/arm-plat-rockchip/export-ta_arm64/lib/libutils.a(snprintk.o)
 .bss           0x0000000000038288        0x0 /home/ynext/bridgeos/sources/optee-os/out/arm-plat-rockchip/export-ta_arm64/lib/libutils.a(strlcpy.o)
 .bss           0x0000000000038288        0x0 /home/ynext/bridgeos/sources/optee-os/out/arm-plat-rockchip/export-ta_arm64/lib/libutils.a(trace.o)
 .bss           0x0000000000038288        0x0 /home/ynext/bridgeos/sources/optee-os/out/arm-plat-rockchip/export-ta_arm64/lib/libutils.a(mempool.o)
 .bss           0x0000000000038288        0x0 /home/ynext/bridgeos/sources/optee-os/out/arm-plat-rockchip/export-ta_arm64/lib/libutils.a(consttime_memcmp.o)
 .bss           0x0000000000038288        0x0 /home/ynext/bridgeos/sources/optee-os/out/arm-plat-rockchip/export-ta_arm64/lib/libutils.a(base64.o)
 .bss           0x0000000000038288        0x0 /home/ynext/bridgeos/sources/optee-os/out/arm-plat-rockchip/export-ta_arm64/lib/libutils.a(memchr.o)
                0x0000000000038288                . = ALIGN (0x8)
                0x0000000000038288                __ftrace_buf_start = .
                0x0000000000038288                . = (. + DEFINED (_mcount)?0x800:0x0)
                0x0000000000038288                __ftrace_buf_end = .

.dynbss         0x0000000000038288        0x0
 .dynbss        0x0000000000038288        0x0 ./osumania_signer_ta.o

/DISCARD/
 *(SORT_BY_ALIGNMENT(.interp))
LOAD ./osumania_signer_ta.o
LOAD ./keccak256.o
LOAD ./third_party/micro-ecc/uECC.o
LOAD ./device_root_dev.o
LOAD ./user_ta_header.o
START GROUP
LOAD /home/ynext/bridgeos/sources/optee-os/out/arm-plat-rockchip/export-ta_arm64/lib/libutils.a
LOAD /home/ynext/bridgeos/sources/optee-os/out/arm-plat-rockchip/export-ta_arm64/lib/libutee.a
LOAD /home/ynext/bridgeos/sources/optee-os/out/arm-plat-rockchip/export-ta_arm64/lib/libmbedtls.a
LOAD /home/ynext/bridgeos/sources/optee-os/out/arm-plat-rockchip/export-ta_arm64/lib/libdl.a
END GROUP
LOAD /home/ynext/bridgeos/output-optee-runtime/host/lib/gcc/aarch64-buildroot-linux-gnu/14.3.0/libgcc.a
LOAD /home/ynext/bridgeos/sources/optee-os/out/arm-plat-rockchip/export-ta_arm64/lib/libutils.a
OUTPUT(91fc6874-8551-4b42-a95d-6ee4a147f421.elf elf64-littleaarch64)
LOAD linker stubs

.debug_info     0x0000000000000000    0x2c10c
 .debug_info    0x0000000000000000     0x1788 ./osumania_signer_ta.o
 .debug_info    0x0000000000001788      0x60e ./keccak256.o
 .debug_info    0x0000000000001d96     0x55f2 ./third_party/micro-ecc/uECC.o
 .debug_info    0x0000000000007388      0x162 ./device_root_dev.o
 .debug_info    0x00000000000074ea      0x529 ./user_ta_header.o
 .debug_info    0x0000000000007a13       0xe3 /home/ynext/bridgeos/sources/optee-os/out/arm-plat-rockchip/export-ta_arm64/lib/libutils.a(stack_check.o)
 .debug_info    0x0000000000007af6      0x130 /home/ynext/bridgeos/sources/optee-os/out/arm-plat-rockchip/export-ta_arm64/lib/libutils.a(memcpy.o)
 .debug_info    0x0000000000007c26       0xd3 /home/ynext/bridgeos/sources/optee-os/out/arm-plat-rockchip/export-ta_arm64/lib/libutils.a(memset.o)
 .debug_info    0x0000000000007cf9     0x2693 /home/ynext/bridgeos/sources/optee-os/out/arm-plat-rockchip/export-ta_arm64/lib/libutee.a(tee_api.o)
 .debug_info    0x000000000000a38c     0x2efa /home/ynext/bridgeos/sources/optee-os/out/arm-plat-rockchip/export-ta_arm64/lib/libutee.a(tee_api_objects.o)
 .debug_info    0x000000000000d286     0x5c3d /home/ynext/bridgeos/sources/optee-os/out/arm-plat-rockchip/export-ta_arm64/lib/libutee.a(tee_api_operations.o)
 .debug_info    0x0000000000012ec3      0xa03 /home/ynext/bridgeos/sources/optee-os/out/arm-plat-rockchip/export-ta_arm64/lib/libutee.a(tee_api_panic.o)
 .debug_info    0x00000000000138c6      0x773 /home/ynext/bridgeos/sources/optee-os/out/arm-plat-rockchip/export-ta_arm64/lib/libutee.a(tee_system_pta.o)
 .debug_info    0x0000000000014039     0x1641 /home/ynext/bridgeos/sources/optee-os/out/arm-plat-rockchip/export-ta_arm64/lib/libutee.a(user_ta_entry.o)
 .debug_info    0x000000000001567a      0x3b5 /home/ynext/bridgeos/sources/optee-os/out/arm-plat-rockchip/export-ta_arm64/lib/libutee.a(utee_syscalls_a64.o)
 .debug_info    0x0000000000015a2f       0xf1 /home/ynext/bridgeos/sources/optee-os/out/arm-plat-rockchip/export-ta_arm64/lib/libutee.a(abort.o)
 .debug_info    0x0000000000015b20      0x132 /home/ynext/bridgeos/sources/optee-os/out/arm-plat-rockchip/export-ta_arm64/lib/libutee.a(assert.o)
 .debug_info    0x0000000000015c52      0x156 /home/ynext/bridgeos/sources/optee-os/out/arm-plat-rockchip/export-ta_arm64/lib/libutee.a(trace_ext.o)
 .debug_info    0x0000000000015da8     0x523b /home/ynext/bridgeos/sources/optee-os/out/arm-plat-rockchip/export-ta_arm64/lib/libutee.a(tee_api_arith_mpi.o)
 .debug_info    0x000000000001afe3     0x1985 /home/ynext/bridgeos/sources/optee-os/out/arm-plat-rockchip/export-ta_arm64/lib/libutee.a(tee_api_property.o)
 .debug_info    0x000000000001c968      0x81f /home/ynext/bridgeos/sources/optee-os/out/arm-plat-rockchip/export-ta_arm64/lib/libutee.a(tcb.o)
 .debug_info    0x000000000001d187     0x598c /home/ynext/bridgeos/sources/optee-os/out/arm-plat-rockchip/export-ta_arm64/lib/libmbedtls.a(bignum.o)
 .debug_info    0x0000000000022b13     0x307f /home/ynext/bridgeos/sources/optee-os/out/arm-plat-rockchip/export-ta_arm64/lib/libmbedtls.a(bignum_core.o)
 .debug_info    0x0000000000025b92      0xf5f /home/ynext/bridgeos/sources/optee-os/out/arm-plat-rockchip/export-ta_arm64/lib/libmbedtls.a(constant_time.o)
 .debug_info    0x0000000000026af1      0x259 /home/ynext/bridgeos/sources/optee-os/out/arm-plat-rockchip/export-ta_arm64/lib/libmbedtls.a(platform_util.o)
 .debug_info    0x0000000000026d4a     0x3716 /home/ynext/bridgeos/sources/optee-os/out/arm-plat-rockchip/export-ta_arm64/lib/libutils.a(bget_malloc.o)
 .debug_info    0x000000000002a460      0x29f /home/ynext/bridgeos/sources/optee-os/out/arm-plat-rockchip/export-ta_arm64/lib/libutils.a(snprintf.o)
 .debug_info    0x000000000002a6ff       0xfb /home/ynext/bridgeos/sources/optee-os/out/arm-plat-rockchip/export-ta_arm64/lib/libutils.a(memmove.o)
 .debug_info    0x000000000002a7fa       0xb4 /home/ynext/bridgeos/sources/optee-os/out/arm-plat-rockchip/export-ta_arm64/lib/libutils.a(strcmp.o)
 .debug_info    0x000000000002a8ae       0xbf /home/ynext/bridgeos/sources/optee-os/out/arm-plat-rockchip/export-ta_arm64/lib/libutils.a(strlen.o)
 .debug_info    0x000000000002a96d      0x947 /home/ynext/bridgeos/sources/optee-os/out/arm-plat-rockchip/export-ta_arm64/lib/libutils.a(snprintk.o)
 .debug_info    0x000000000002b2b4      0x123 /home/ynext/bridgeos/sources/optee-os/out/arm-plat-rockchip/export-ta_arm64/lib/libutils.a(strlcpy.o)
 .debug_info    0x000000000002b3d7      0x1a1 /home/ynext/bridgeos/sources/optee-os/out/arm-plat-rockchip/export-ta_arm64/lib/libutils.a(trace.o)
 .debug_info    0x000000000002b578      0x62a /home/ynext/bridgeos/sources/optee-os/out/arm-plat-rockchip/export-ta_arm64/lib/libutils.a(mempool.o)
 .debug_info    0x000000000002bba2      0x132 /home/ynext/bridgeos/sources/optee-os/out/arm-plat-rockchip/export-ta_arm64/lib/libutils.a(consttime_memcmp.o)
 .debug_info    0x000000000002bcd4      0x339 /home/ynext/bridgeos/sources/optee-os/out/arm-plat-rockchip/export-ta_arm64/lib/libutils.a(base64.o)
 .debug_info    0x000000000002c00d       0xff /home/ynext/bridgeos/sources/optee-os/out/arm-plat-rockchip/export-ta_arm64/lib/libutils.a(memchr.o)

.debug_abbrev   0x0000000000000000     0x5810
 .debug_abbrev  0x0000000000000000      0x498 ./osumania_signer_ta.o
 .debug_abbrev  0x0000000000000498      0x248 ./keccak256.o
 .debug_abbrev  0x00000000000006e0      0x508 ./third_party/micro-ecc/uECC.o
 .debug_abbrev  0x0000000000000be8       0xc2 ./device_root_dev.o
 .debug_abbrev  0x0000000000000caa      0x1fb ./user_ta_header.o
 .debug_abbrev  0x0000000000000ea5       0x90 /home/ynext/bridgeos/sources/optee-os/out/arm-plat-rockchip/export-ta_arm64/lib/libutils.a(stack_check.o)
 .debug_abbrev  0x0000000000000f35       0xbb /home/ynext/bridgeos/sources/optee-os/out/arm-plat-rockchip/export-ta_arm64/lib/libutils.a(memcpy.o)
 .debug_abbrev  0x0000000000000ff0       0xa3 /home/ynext/bridgeos/sources/optee-os/out/arm-plat-rockchip/export-ta_arm64/lib/libutils.a(memset.o)
 .debug_abbrev  0x0000000000001093      0x54d /home/ynext/bridgeos/sources/optee-os/out/arm-plat-rockchip/export-ta_arm64/lib/libutee.a(tee_api.o)
 .debug_abbrev  0x00000000000015e0      0x3b0 /home/ynext/bridgeos/sources/optee-os/out/arm-plat-rockchip/export-ta_arm64/lib/libutee.a(tee_api_objects.o)
 .debug_abbrev  0x0000000000001990      0x530 /home/ynext/bridgeos/sources/optee-os/out/arm-plat-rockchip/export-ta_arm64/lib/libutee.a(tee_api_operations.o)
 .debug_abbrev  0x0000000000001ec0      0x21f /home/ynext/bridgeos/sources/optee-os/out/arm-plat-rockchip/export-ta_arm64/lib/libutee.a(tee_api_panic.o)
 .debug_abbrev  0x00000000000020df      0x287 /home/ynext/bridgeos/sources/optee-os/out/arm-plat-rockchip/export-ta_arm64/lib/libutee.a(tee_system_pta.o)
 .debug_abbrev  0x0000000000002366      0x55d /home/ynext/bridgeos/sources/optee-os/out/arm-plat-rockchip/export-ta_arm64/lib/libutee.a(user_ta_entry.o)
 .debug_abbrev  0x00000000000028c3       0x26 /home/ynext/bridgeos/sources/optee-os/out/arm-plat-rockchip/export-ta_arm64/lib/libutee.a(utee_syscalls_a64.o)
 .debug_abbrev  0x00000000000028e9       0x94 /home/ynext/bridgeos/sources/optee-os/out/arm-plat-rockchip/export-ta_arm64/lib/libutee.a(abort.o)
 .debug_abbrev  0x000000000000297d       0xb5 /home/ynext/bridgeos/sources/optee-os/out/arm-plat-rockchip/export-ta_arm64/lib/libutee.a(assert.o)
 .debug_abbrev  0x0000000000002a32       0x9f /home/ynext/bridgeos/sources/optee-os/out/arm-plat-rockchip/export-ta_arm64/lib/libutee.a(trace_ext.o)
 .debug_abbrev  0x0000000000002ad1      0x53f /home/ynext/bridgeos/sources/optee-os/out/arm-plat-rockchip/export-ta_arm64/lib/libutee.a(tee_api_arith_mpi.o)
 .debug_abbrev  0x0000000000003010      0x3a2 /home/ynext/bridgeos/sources/optee-os/out/arm-plat-rockchip/export-ta_arm64/lib/libutee.a(tee_api_property.o)
 .debug_abbrev  0x00000000000033b2      0x2c3 /home/ynext/bridgeos/sources/optee-os/out/arm-plat-rockchip/export-ta_arm64/lib/libutee.a(tcb.o)
 .debug_abbrev  0x0000000000003675      0x56d /home/ynext/bridgeos/sources/optee-os/out/arm-plat-rockchip/export-ta_arm64/lib/libmbedtls.a(bignum.o)
 .debug_abbrev  0x0000000000003be2      0x586 /home/ynext/bridgeos/sources/optee-os/out/arm-plat-rockchip/export-ta_arm64/lib/libmbedtls.a(bignum_core.o)
 .debug_abbrev  0x0000000000004168      0x397 /home/ynext/bridgeos/sources/optee-os/out/arm-plat-rockchip/export-ta_arm64/lib/libmbedtls.a(constant_time.o)
 .debug_abbrev  0x00000000000044ff      0x153 /home/ynext/bridgeos/sources/optee-os/out/arm-plat-rockchip/export-ta_arm64/lib/libmbedtls.a(platform_util.o)
 .debug_abbrev  0x0000000000004652      0x498 /home/ynext/bridgeos/sources/optee-os/out/arm-plat-rockchip/export-ta_arm64/lib/libutils.a(bget_malloc.o)
 .debug_abbrev  0x0000000000004aea      0x155 /home/ynext/bridgeos/sources/optee-os/out/arm-plat-rockchip/export-ta_arm64/lib/libutils.a(snprintf.o)
 .debug_abbrev  0x0000000000004c3f       0xa6 /home/ynext/bridgeos/sources/optee-os/out/arm-plat-rockchip/export-ta_arm64/lib/libutils.a(memmove.o)
 .debug_abbrev  0x0000000000004ce5       0x6f /home/ynext/bridgeos/sources/optee-os/out/arm-plat-rockchip/export-ta_arm64/lib/libutils.a(strcmp.o)
 .debug_abbrev  0x0000000000004d54       0x85 /home/ynext/bridgeos/sources/optee-os/out/arm-plat-rockchip/export-ta_arm64/lib/libutils.a(strlen.o)
 .debug_abbrev  0x0000000000004dd9      0x2f9 /home/ynext/bridgeos/sources/optee-os/out/arm-plat-rockchip/export-ta_arm64/lib/libutils.a(snprintk.o)
 .debug_abbrev  0x00000000000050d2       0xa5 /home/ynext/bridgeos/sources/optee-os/out/arm-plat-rockchip/export-ta_arm64/lib/libutils.a(strlcpy.o)
 .debug_abbrev  0x0000000000005177       0xfa /home/ynext/bridgeos/sources/optee-os/out/arm-plat-rockchip/export-ta_arm64/lib/libutils.a(trace.o)
 .debug_abbrev  0x0000000000005271      0x285 /home/ynext/bridgeos/sources/optee-os/out/arm-plat-rockchip/export-ta_arm64/lib/libutils.a(mempool.o)
 .debug_abbrev  0x00000000000054f6       0xc2 /home/ynext/bridgeos/sources/optee-os/out/arm-plat-rockchip/export-ta_arm64/lib/libutils.a(consttime_memcmp.o)
 .debug_abbrev  0x00000000000055b8      0x1a4 /home/ynext/bridgeos/sources/optee-os/out/arm-plat-rockchip/export-ta_arm64/lib/libutils.a(base64.o)
 .debug_abbrev  0x000000000000575c       0xb4 /home/ynext/bridgeos/sources/optee-os/out/arm-plat-rockchip/export-ta_arm64/lib/libutils.a(memchr.o)

.debug_loclists
                0x0000000000000000    0x18b83
 .debug_loclists
                0x0000000000000000      0x6d4 ./osumania_signer_ta.o
 .debug_loclists
                0x00000000000006d4      0x3f7 ./keccak256.o
 .debug_loclists
                0x0000000000000acb     0x2671 ./third_party/micro-ecc/uECC.o
 .debug_loclists
                0x000000000000313c       0x1e ./device_root_dev.o
 .debug_loclists
                0x000000000000315a       0x66 ./user_ta_header.o
 .debug_loclists
                0x00000000000031c0      0x2aa /home/ynext/bridgeos/sources/optee-os/out/arm-plat-rockchip/export-ta_arm64/lib/libutils.a(memcpy.o)
 .debug_loclists
                0x000000000000346a       0x67 /home/ynext/bridgeos/sources/optee-os/out/arm-plat-rockchip/export-ta_arm64/lib/libutils.a(memset.o)
 .debug_loclists
                0x00000000000034d1     0x11c8 /home/ynext/bridgeos/sources/optee-os/out/arm-plat-rockchip/export-ta_arm64/lib/libutee.a(tee_api.o)
 .debug_loclists
                0x0000000000004699     0x1824 /home/ynext/bridgeos/sources/optee-os/out/arm-plat-rockchip/export-ta_arm64/lib/libutee.a(tee_api_objects.o)
 .debug_loclists
                0x0000000000005ebd     0x3f0b /home/ynext/bridgeos/sources/optee-os/out/arm-plat-rockchip/export-ta_arm64/lib/libutee.a(tee_api_operations.o)
 .debug_loclists
                0x0000000000009dc8      0x480 /home/ynext/bridgeos/sources/optee-os/out/arm-plat-rockchip/export-ta_arm64/lib/libutee.a(tee_api_panic.o)
 .debug_loclists
                0x000000000000a248      0x298 /home/ynext/bridgeos/sources/optee-os/out/arm-plat-rockchip/export-ta_arm64/lib/libutee.a(tee_system_pta.o)
 .debug_loclists
                0x000000000000a4e0      0x630 /home/ynext/bridgeos/sources/optee-os/out/arm-plat-rockchip/export-ta_arm64/lib/libutee.a(user_ta_entry.o)
 .debug_loclists
                0x000000000000ab10       0x42 /home/ynext/bridgeos/sources/optee-os/out/arm-plat-rockchip/export-ta_arm64/lib/libutee.a(trace_ext.o)
 .debug_loclists
                0x000000000000ab52     0x1ff6 /home/ynext/bridgeos/sources/optee-os/out/arm-plat-rockchip/export-ta_arm64/lib/libutee.a(tee_api_arith_mpi.o)
 .debug_loclists
                0x000000000000cb48      0xe50 /home/ynext/bridgeos/sources/optee-os/out/arm-plat-rockchip/export-ta_arm64/lib/libutee.a(tee_api_property.o)
 .debug_loclists
                0x000000000000d998      0x2a5 /home/ynext/bridgeos/sources/optee-os/out/arm-plat-rockchip/export-ta_arm64/lib/libutee.a(tcb.o)
 .debug_loclists
                0x000000000000dc3d     0x3928 /home/ynext/bridgeos/sources/optee-os/out/arm-plat-rockchip/export-ta_arm64/lib/libmbedtls.a(bignum.o)
 .debug_loclists
                0x0000000000011565     0x2582 /home/ynext/bridgeos/sources/optee-os/out/arm-plat-rockchip/export-ta_arm64/lib/libmbedtls.a(bignum_core.o)
 .debug_loclists
                0x0000000000013ae7      0x7f6 /home/ynext/bridgeos/sources/optee-os/out/arm-plat-rockchip/export-ta_arm64/lib/libmbedtls.a(constant_time.o)
 .debug_loclists
                0x00000000000142dd       0x9f /home/ynext/bridgeos/sources/optee-os/out/arm-plat-rockchip/export-ta_arm64/lib/libmbedtls.a(platform_util.o)
 .debug_loclists
                0x000000000001437c     0x255c /home/ynext/bridgeos/sources/optee-os/out/arm-plat-rockchip/export-ta_arm64/lib/libutils.a(bget_malloc.o)
 .debug_loclists
                0x00000000000168d8       0xd0 /home/ynext/bridgeos/sources/optee-os/out/arm-plat-rockchip/export-ta_arm64/lib/libutils.a(snprintf.o)
 .debug_loclists
                0x00000000000169a8      0x171 /home/ynext/bridgeos/sources/optee-os/out/arm-plat-rockchip/export-ta_arm64/lib/libutils.a(memmove.o)
 .debug_loclists
                0x0000000000016b19       0x50 /home/ynext/bridgeos/sources/optee-os/out/arm-plat-rockchip/export-ta_arm64/lib/libutils.a(strcmp.o)
 .debug_loclists
                0x0000000000016b69       0x3d /home/ynext/bridgeos/sources/optee-os/out/arm-plat-rockchip/export-ta_arm64/lib/libutils.a(strlen.o)
 .debug_loclists
                0x0000000000016ba6     0x18a7 /home/ynext/bridgeos/sources/optee-os/out/arm-plat-rockchip/export-ta_arm64/lib/libutils.a(snprintk.o)
 .debug_loclists
                0x000000000001844d       0x96 /home/ynext/bridgeos/sources/optee-os/out/arm-plat-rockchip/export-ta_arm64/lib/libutils.a(strlcpy.o)
 .debug_loclists