BROADCAST deploy-GkrRelation 0x7f430c8ebe11a891798d511c57d6c85848d098f175878a1923b2974dd157e971
CONFIRMED deploy-GkrRelation gas 2294109 seconds 17.295
BROADCAST deploy-GkrScoreVerifier 0x0211ae1d991fd9bd3e92fe2e0775fbc997247f2ecaf741c6e088500995b290f7
CONFIRMED deploy-GkrScoreVerifier gas 6499680 seconds 23.05
BROADCAST deploy-ManiaGkrRegistry 0x119cf33f39cc32faf1b4e96d59f4ae68d595c46bad7a914c92c58b2b3b880193
CONFIRMED deploy-ManiaGkrRegistry gas 2181251 seconds 24.816
BROADCAST register-software-device 0x170770c24f13cfd3d4c9398b43423118a4e7e48ae5738e7792656415ed834f93
CONFIRMED register-software-device gas 67238 seconds 31.526
BROADCAST register-chart-500 0xf65c7eb9f81699f73236b0e32bfb7118d39d75346ffcc5254d2644337c24d8f8
CONFIRMED register-chart-500 gas 1610477 seconds 24.775
BROADCAST open-500-r1 0x0d623e24dd0645ccabc53956a38986d6b567e5c2b94e4ea9dd449350074f8ea2
CONFIRMED open-500-r1 gas 299961 seconds 22.392
BROADCAST submit-500-r1 0xa3d1b2350e2359a240d19a21980d12a4b342b2e3c2cd59bf28255fe1f3af3a17
CONFIRMED submit-500-r1 gas 2110794 seconds 20.599
SCORE_ACCEPTED 500 1 1000000
BROADCAST open-500-r2 0xd23788b0945e45fe8e7e556d8be566099d2432a7527920e5f484432e65e601b5
CONFIRMED open-500-r2 gas 282861 seconds 23.772
BROADCAST submit-500-r2 0x8eaf2498c0655e1f4bb930490c45702eddbfc57ef98ee25e2b1ac4c079354ee7
CONFIRMED submit-500-r2 gas 2110818 seconds 34.602
SCORE_ACCEPTED 500 2 1000000
BROADCAST open-500-r3 0xbfc8117077fa561ff7fdd8c9d5117bba32b2df9f76b7c5e1bbade1d54fc796d5
CONFIRMED open-500-r3 gas 282861 seconds 21.873
BROADCAST submit-500-r3 0x4c85f1812a5d11df4fe2f2bd9a27fc0cfc93bc299a1eed7deaff3f1d43b61c5d
CONFIRMED submit-500-r3 gas 2110602 seconds 23.211
SCORE_ACCEPTED 500 3 1000000
BROADCAST register-chart-1500 0x1e14e9f02fb6f74adc15244c52e62b683c68772aa3afc228fcb5de9ec8ce2396
CONFIRMED register-chart-1500 gas 3967528 seconds 24.34
BROADCAST open-1500-r1 0xd9ce98f10478ede827989cc0bcb951852d901db030866fa58f68242e81f52bf8
CONFIRMED open-1500-r1 gas 282861 seconds 22.388
BROADCAST submit-1500-r1 0xacb0d3e8a073a34e12da9e770439779ad6b881df4eb457cae1fa541a39e9c9a3
CONFIRMED submit-1500-r1 gas 2302505 seconds 19.94
SCORE_ACCEPTED 1500 1 1000000
BROADCAST open-1500-r2 0x0f97d0683cff7c2d29ad889a678045e6da17a6f072f9d33cdfe39647e97f5e5e
CONFIRMED open-1500-r2 gas 282861 seconds 35.033
BROADCAST submit-1500-r2 0x87d30d5b332f2143d447f09aad8c4d45899d8512ef131cd1a6d1fb99f4522462
CONFIRMED submit-1500-r2 gas 2302564 seconds 33.144
SCORE_ACCEPTED 1500 2 1000000
BROADCAST open-1500-r3 0x69992eda7274caa358f9478623863ebc3533b6fb696d1fbeede26f21d0ef9315
CONFIRMED open-1500-r3 gas 282861 seconds 22.49
BROADCAST submit-1500-r3 0xf3632c7b7d868c6fff070cc968ab65bdd7f7441c4f2cfa176fc15c6c7ee20273
CONFIRMED submit-1500-r3 gas 2302373 seconds 19.391
SCORE_ACCEPTED 1500 3 1000000
BROADCAST register-chart-3000 0x60ebaf4342473a18f5418dd5fcab8b0803fdc0cd29105ad273888911d61f1701
CONFIRMED register-chart-3000 gas 7489917 seconds 27.09
BROADCAST open-3000-r1 0xce76b39e2b87dc9da2cc1001a271f24da026ce34941d497cde854be1528f7bc0
CONFIRMED open-3000-r1 gas 282861 seconds 30.612
BROADCAST submit-3000-r1 0x7152c117e4e8cd0ee7d882aba52dd9f483842c853c1a806b3936905a2d9afa00
CONFIRMED submit-3000-r1 gas 2403773 seconds 28.113
SCORE_ACCEPTED 3000 1 1000000
BROADCAST open-3000-r2 0xf47f7064941153b8d85332728217193ecf783f5a65b4bb1f8262affec4b2e7b0
CONFIRMED open-3000-r2 gas 282861 seconds 24.264
BROADCAST submit-3000-r2 0xc984255f444cfb2da0c2d1b7482fcb9514dac8d9f232c7a7e375121952472e48
CONFIRMED submit-3000-r2 gas 2403880 seconds 42.299
SCORE_ACCEPTED 3000 2 1000000
BROADCAST open-3000-r3 0x47c3103eab7e3b730f8c9cad1f2f830a9a5b599c99165bb364e5a1a95cd9ec39
CONFIRMED open-3000-r3 gas 282861 seconds 36.16
BROADCAST submit-3000-r3 0xb692ebd6f4643e4f60cd8464992c8eb7e80221b121a794d6c9219bfb087575e2
CONFIRMED submit-3000-r3 gas 2404013 seconds 32.349
SCORE_ACCEPTED 3000 3 1000000
